
> tasiburada-backend@1.0.0 test
> jest --runInBand --runInBand --no-coverage

  console.log
    Ô£à DB connected ÔåÆ mysql://localhost:3306/tasiburada_dev

      at initializeDatabase (src/infrastructure/database/data-source.ts:71:13)

  console.log
    [4mMigration "CarrierCapabilityModel1778000000000" failed, error: Duplicate entry '4874bfff-27bc-4d4e-a29c-2cf88d271a9f-HOME' for key 'carrier_load_type_capabilities.UQ_carrier_load_type_capabilities_carrier_load_type'[24m

      at Function.log (src/platform/PlatformTools.ts:260:17)

  console.warn
    ÔÜá´©Å  Converter test setup bootstrap failed
     QueryFailedError: Duplicate entry '4874bfff-27bc-4d4e-a29c-2cf88d271a9f-HOME' for key 'carrier_load_type_capabilities.UQ_carrier_load_type_capabilities_carrier_load_type'
        at Query.onResult (C:\Users\pc\Desktop\tasiburada\src\driver\mysql\MysqlQueryRunner.ts:248:33)
        at Query.execute (C:\Users\pc\Desktop\tasiburada\node_modules\mysql2\lib\commands\command.js:36:14)
        at PoolConnection.handlePacket (C:\Users\pc\Desktop\tasiburada\node_modules\mysql2\lib\base\connection.js:477:34)
        at PacketParser.onPacket (C:\Users\pc\Desktop\tasiburada\node_modules\mysql2\lib\base\connection.js:93:12)
        at PacketParser.executeStart (C:\Users\pc\Desktop\tasiburada\node_modules\mysql2\lib\packet_parser.js:75:16)
        at Socket.<anonymous> (C:\Users\pc\Desktop\tasiburada\node_modules\mysql2\lib\base\connection.js:100:25)
        at Socket.emit (node:events:519:28)
        at addChunk (node:internal/streams/readable:561:12)
        at readableAddChunkPushByteMode (node:internal/streams/readable:512:3)
        at Socket.Readable.push (node:internal/streams/readable:392:5)
        at TCP.onStreamRead (node:internal/stream_base_commons:189:23) {
      query: 'INSERT INTO `carrier_load_type_capabilities` (`id`, `carrier_id`, `load_type`, `is_active`)\n' +
        "       SELECT UUID(), cst.`carrierId`, 'HOME', 1\n" +
        '         FROM `carrier_service_types` cst\n' +
        '         INNER JOIN `service_types` st ON st.`id` = cst.`serviceTypeId`\n' +
        "        WHERE st.`name` IN ('Evden Eve Nakliyat', '┼Şehir ─░├ği Ta┼ş─▒ma', '┼Şehirleraras─▒ Ta┼ş─▒ma')\n" +
        '          AND NOT EXISTS (\n' +
        '            SELECT 1\n' +
        '              FROM `carrier_load_type_capabilities` clc\n' +
        '             WHERE clc.`carrier_id` = cst.`carrierId`\n' +
        "               AND clc.`load_type` = 'HOME'\n" +
        '          )',
      parameters: undefined,
      driverError: Error: Duplicate entry '4874bfff-27bc-4d4e-a29c-2cf88d271a9f-HOME' for key 'carrier_load_type_capabilities.UQ_carrier_load_type_capabilities_carrier_load_type'
          at Packet.asError (C:\Users\pc\Desktop\tasiburada\node_modules\mysql2\lib\packets\packet.js:740:17)
          at Query.execute (C:\Users\pc\Desktop\tasiburada\node_modules\mysql2\lib\commands\command.js:29:26)
          at PoolConnection.handlePacket (C:\Users\pc\Desktop\tasiburada\node_modules\mysql2\lib\base\connection.js:477:34)
          at PacketParser.onPacket (C:\Users\pc\Desktop\tasiburada\node_modules\mysql2\lib\base\connection.js:93:12)
          at PacketParser.executeStart (C:\Users\pc\Desktop\tasiburada\node_modules\mysql2\lib\packet_parser.js:75:16)
          at Socket.<anonymous> (C:\Users\pc\Desktop\tasiburada\node_modules\mysql2\lib\base\connection.js:100:25)
          at Socket.emit (node:events:519:28)
          at addChunk (node:internal/streams/readable:561:12)
          at readableAddChunkPushByteMode (node:internal/streams/readable:512:3)
          at Socket.Readable.push (node:internal/streams/readable:392:5)
          at TCP.onStreamRead (node:internal/stream_base_commons:189:23) {
        code: 'ER_DUP_ENTRY',
        errno: 1062,
        sqlState: '23000',
        sqlMessage: "Duplicate entry '4874bfff-27bc-4d4e-a29c-2cf88d271a9f-HOME' for key 'carrier_load_type_capabilities.UQ_carrier_load_type_capabilities_carrier_load_type'",
        sql: 'INSERT INTO `carrier_load_type_capabilities` (`id`, `carrier_id`, `load_type`, `is_active`)\n' +
          "       SELECT UUID(), cst.`carrierId`, 'HOME', 1\n" +
          '         FROM `carrier_service_types` cst\n' +
          '         INNER JOIN `service_types` st ON st.`id` = cst.`serviceTypeId`\n' +
          "        WHERE st.`name` IN ('Evden Eve Nakliyat', '┼Şehir ─░├ği Ta┼ş─▒ma', '┼Şehirleraras─▒ Ta┼ş─▒ma')\n" +
          '          AND NOT EXISTS (\n' +
          '            SELECT 1\n' +
          '              FROM `carrier_load_type_capabilities` clc\n' +
          '             WHERE clc.`carrier_id` = cst.`carrierId`\n' +
          "               AND clc.`load_type` = 'HOME'\n" +
          '          )'
      },
      code: 'ER_DUP_ENTRY',
      errno: 1062,
      sqlState: '23000',
      sqlMessage: "Duplicate entry '4874bfff-27bc-4d4e-a29c-2cf88d271a9f-HOME' for key 'carrier_load_type_capabilities.UQ_carrier_load_type_capabilities_carrier_load_type'",
      sql: 'INSERT INTO `carrier_load_type_capabilities` (`id`, `carrier_id`, `load_type`, `is_active`)\n' +
        "       SELECT UUID(), cst.`carrierId`, 'HOME', 1\n" +
        '         FROM `carrier_service_types` cst\n' +
        '         INNER JOIN `service_types` st ON st.`id` = cst.`serviceTypeId`\n' +
        "        WHERE st.`name` IN ('Evden Eve Nakliyat', '┼Şehir ─░├ği Ta┼ş─▒ma', '┼Şehirleraras─▒ Ta┼ş─▒ma')\n" +
        '          AND NOT EXISTS (\n' +
        '            SELECT 1\n' +
        '              FROM `carrier_load_type_capabilities` clc\n' +
        '             WHERE clc.`carrier_id` = cst.`carrierId`\n' +
        "               AND clc.`load_type` = 'HOME'\n" +
        '          )'
    }

    [0m [90m 27 |[39m       [36mawait[39m seedConverterVehicleRules()[33m;[39m
     [90m 28 |[39m     } [36mcatch[39m (err) {
    [31m[1m>[22m[39m[90m 29 |[39m       console[33m.[39mwarn([32m'ÔÜá´©Å  Converter test setup bootstrap failed\n'[39m[33m,[39m err)[33m;[39m
     [90m    |[39m               [31m[1m^[22m[39m
     [90m 30 |[39m     }
     [90m 31 |[39m   }
     [90m 32 |[39m }[33m,[39m [35m30000[39m)[33m;[39m[0m

      at Object.<anonymous> (src/__tests__/setup/setupTests.ts:29:15)

node.exe : FAIL src/__tests__/carrier-capability-api.test.ts
At line:1 char:1
+ & "C:\Program Files\nodejs/node.exe" "C:\Program Files\nodejs/node_mo ...
+ ~~~~~~~~~~~~~~~~~~~~~~~~~~~~~~~~~~~~~~~~~~~~~~~~~~~~~~~~~~~~~~~~~~~~~
    + CategoryInfo          : NotSpecified: (FAIL src/__test...ity-api.test.ts 
   :String) [], RemoteException
    + FullyQualifiedErrorId : NativeCommandError
 
  CarrierCapabilityAPI
    GET /api/v1/carriers/me/capabilities
      ÔêÜ carrier reads own capabilities (286 ms)
      ÔêÜ unauthenticated access rejected (6 ms)
    GET /api/v1/admin/carriers/:carrierId/capabilities
      ÔêÜ admin reads carrier capabilities (228 ms)
      ÔêÜ missing carrierId returns 400 (222 ms)
    PUT /api/v1/admin/carriers/:carrierId/capabilities - Add Extra Service
      ├ù admin adds extra service capability with valid payload (223 ms)
      ├ù invalid loadType/service pair rejected (225 ms)
      ÔêÜ duplicate prevention works (224 ms)
      ÔêÜ cannot add extra service without load type capability (219 ms)
    PUT /api/v1/admin/carriers/:carrierId/capabilities - Toggle Active
      ÔêÜ admin toggles capability inactive status (233 ms)
    Inactive capability excludes from offers
      ├ù inactive load type capability does not satisfy offer creation (221 ms)

  ÔùÅ CarrierCapabilityAPI ÔÇ║ PUT /api/v1/admin/carriers/:carrierId/capabiliti
es - Add Extra Service ÔÇ║ admin adds extra service capability with valid paylo
ad

    expect(received).toBe(expected) // Object.is equality

    Expected: 200
    Received: 400

    [0m [90m 141 |[39m         expect(res[33m.[39mbody[33m.[39msuccess)
[33m.[39mtoBe([36mfalse[39m)[33m;[39m
     [90m 142 |[39m       } [36melse[39m {
    [31m[1m>[22m[39m[90m 143 |[39m         expect(res[33m.[39mstatus)[
33m.[39mtoBe([35m200[39m)[33m;[39m
     [90m     |[39m                            [31m[1m^[22m[39m
     [90m 144 |[39m         expect(res[33m.[39mbody[33m.[39msuccess)[33m
.[39mtoBe([36mtrue[39m)[33m;[39m
     [90m 145 |[39m         expect(res[33m.[39mbody[33m.[39mdata[33m.[3
9mextraServices[33m.[39mlength)[33m.[39mtoBeGreaterThan([35m0[39m)[33m;
[39m
     [90m 146 |[39m       }[0m

      at Object.<anonymous> (src/__tests__/carrier-capability-api.test.ts:143:2
8)

  ÔùÅ CarrierCapabilityAPI ÔÇ║ PUT /api/v1/admin/carriers/:carrierId/capabiliti
es - Add Extra Service ÔÇ║ invalid loadType/service pair rejected

    expect(received).toMatch(expected)

    Expected pattern: /bulunamad─▒|ge├ğerli/i
    Received string:  "Nakliyeci ├Ânce HOME y├╝kleme t├╝r├╝ yetene─şine sahip o
lmal─▒ (yaln─▒z o zaman ek hizmetler eklenebilir)."

    [0m [90m 166 |[39m       expect(res[33m.[39mstatus)[33m.[39mtoBe([3
5m400[39m)[33m;[39m
     [90m 167 |[39m       expect(res[33m.[39mbody[33m.[39msuccess)[33m.
[39mtoBe([36mfalse[39m)[33m;[39m
    [31m[1m>[22m[39m[90m 168 |[39m       expect(res[33m.[39mbody[33m.
[39mmessage [33m||[39m res[33m.[39mbody[33m.[39merror[33m?[39m[33m.[3
9mdetails)[33m.[39mtoMatch([35m/bulunamad─▒|ge├ğerli/i[39m)[33m;[39m
     [90m     |[39m                                                          
 [31m[1m^[22m[39m
     [90m 169 |[39m     })[33m;[39m
     [90m 170 |[39m
     [90m 171 |[39m     test([32m'duplicate prevention works'[39m[33m,[39
m [36masync[39m () [33m=>[39m {[0m

      at Object.<anonymous> (src/__tests__/carrier-capability-api.test.ts:168:5
9)

  ÔùÅ CarrierCapabilityAPI ÔÇ║ Inactive capability excludes from offers ÔÇ║ ina
ctive load type capability does not satisfy offer creation

    expect(received).toBeTruthy()

    Received: undefined

    [0m [90m 316 |[39m
     [90m 317 |[39m       [36mif[39m ([33m![39mhomeLoadTypeCap) {
    [31m[1m>[22m[39m[90m 318 |[39m         expect(homeLoadTypeCap)[33m.
[39mtoBeTruthy()[33m;[39m
     [90m     |[39m                                 [31m[1m^[22m[39m
     [90m 319 |[39m         [36mreturn[39m[33m;[39m
     [90m 320 |[39m       }
     [90m 321 |[39m[0m

      at Object.<anonymous> (src/__tests__/carrier-capability-api.test.ts:318:3
3)

  console.log
    Ô£à DB connected ÔåÆ mysql://localhost:3306/tasiburada_dev

      at initializeDatabase (src/infrastructure/database/data-source.ts:71:13)

  console.log
    [4mMigration "CarrierCapabilityModel1778000000000" failed, error: Duplicate entry '4874bfff-27bc-4d4e-a29c-2cf88d271a9f-HOME' for key 'carrier_load_type_capabilities.UQ_carrier_load_type_capabilities_carrier_load_type'[24m

      at Function.log (src/platform/PlatformTools.ts:260:17)

  console.warn
    ÔÜá´©Å  Converter test setup bootstrap failed
     QueryFailedError: Duplicate entry '4874bfff-27bc-4d4e-a29c-2cf88d271a9f-HOME' for key 'carrier_load_type_capabilities.UQ_carrier_load_type_capabilities_carrier_load_type'
        at Query.onResult (C:\Users\pc\Desktop\tasiburada\src\driver\mysql\MysqlQueryRunner.ts:248:33)
        at Query.execute (C:\Users\pc\Desktop\tasiburada\node_modules\mysql2\lib\commands\command.js:36:14)
        at PoolConnection.handlePacket (C:\Users\pc\Desktop\tasiburada\node_modules\mysql2\lib\base\connection.js:477:34)
        at PacketParser.onPacket (C:\Users\pc\Desktop\tasiburada\node_modules\mysql2\lib\base\connection.js:93:12)
        at PacketParser.executeStart (C:\Users\pc\Desktop\tasiburada\node_modules\mysql2\lib\packet_parser.js:75:16)
        at Socket.<anonymous> (C:\Users\pc\Desktop\tasiburada\node_modules\mysql2\lib\base\connection.js:100:25)
        at Socket.emit (node:events:519:28)
        at addChunk (node:internal/streams/readable:561:12)
        at readableAddChunkPushByteMode (node:internal/streams/readable:512:3)
        at Socket.Readable.push (node:internal/streams/readable:392:5)
        at TCP.onStreamRead (node:internal/stream_base_commons:189:23)
        at TCP.callbackTrampoline (node:internal/async_hooks:130:17) {
      query: 'INSERT INTO `carrier_load_type_capabilities` (`id`, `carrier_id`, `load_type`, `is_active`)\n' +
        "       SELECT UUID(), cst.`carrierId`, 'HOME', 1\n" +
        '         FROM `carrier_service_types` cst\n' +
        '         INNER JOIN `service_types` st ON st.`id` = cst.`serviceTypeId`\n' +
        "        WHERE st.`name` IN ('Evden Eve Nakliyat', '┼Şehir ─░├ği Ta┼ş─▒ma', '┼Şehirleraras─▒ Ta┼ş─▒ma')\n" +
        '          AND NOT EXISTS (\n' +
        '            SELECT 1\n' +
        '              FROM `carrier_load_type_capabilities` clc\n' +
        '             WHERE clc.`carrier_id` = cst.`carrierId`\n' +
        "               AND clc.`load_type` = 'HOME'\n" +
        '          )',
      parameters: undefined,
      driverError: Error: Duplicate entry '4874bfff-27bc-4d4e-a29c-2cf88d271a9f-HOME' for key 'carrier_load_type_capabilities.UQ_carrier_load_type_capabilities_carrier_load_type'
          at Packet.asError (C:\Users\pc\Desktop\tasiburada\node_modules\mysql2\lib\packets\packet.js:740:17)
          at Query.execute (C:\Users\pc\Desktop\tasiburada\node_modules\mysql2\lib\commands\command.js:29:26)
          at PoolConnection.handlePacket (C:\Users\pc\Desktop\tasiburada\node_modules\mysql2\lib\base\connection.js:477:34)
          at PacketParser.onPacket (C:\Users\pc\Desktop\tasiburada\node_modules\mysql2\lib\base\connection.js:93:12)
          at PacketParser.executeStart (C:\Users\pc\Desktop\tasiburada\node_modules\mysql2\lib\packet_parser.js:75:16)
          at Socket.<anonymous> (C:\Users\pc\Desktop\tasiburada\node_modules\mysql2\lib\base\connection.js:100:25)
          at Socket.emit (node:events:519:28)
          at addChunk (node:internal/streams/readable:561:12)
          at readableAddChunkPushByteMode (node:internal/streams/readable:512:3)
          at Socket.Readable.push (node:internal/streams/readable:392:5)
          at TCP.onStreamRead (node:internal/stream_base_commons:189:23)
          at TCP.callbackTrampoline (node:internal/async_hooks:130:17) {
        code: 'ER_DUP_ENTRY',
        errno: 1062,
        sqlState: '23000',
        sqlMessage: "Duplicate entry '4874bfff-27bc-4d4e-a29c-2cf88d271a9f-HOME' for key 'carrier_load_type_capabilities.UQ_carrier_load_type_capabilities_carrier_load_type'",
        sql: 'INSERT INTO `carrier_load_type_capabilities` (`id`, `carrier_id`, `load_type`, `is_active`)\n' +
          "       SELECT UUID(), cst.`carrierId`, 'HOME', 1\n" +
          '         FROM `carrier_service_types` cst\n' +
          '         INNER JOIN `service_types` st ON st.`id` = cst.`serviceTypeId`\n' +
          "        WHERE st.`name` IN ('Evden Eve Nakliyat', '┼Şehir ─░├ği Ta┼ş─▒ma', '┼Şehirleraras─▒ Ta┼ş─▒ma')\n" +
          '          AND NOT EXISTS (\n' +
          '            SELECT 1\n' +
          '              FROM `carrier_load_type_capabilities` clc\n' +
          '             WHERE clc.`carrier_id` = cst.`carrierId`\n' +
          "               AND clc.`load_type` = 'HOME'\n" +
          '          )'
      },
      code: 'ER_DUP_ENTRY',
      errno: 1062,
      sqlState: '23000',
      sqlMessage: "Duplicate entry '4874bfff-27bc-4d4e-a29c-2cf88d271a9f-HOME' for key 'carrier_load_type_capabilities.UQ_carrier_load_type_capabilities_carrier_load_type'",
      sql: 'INSERT INTO `carrier_load_type_capabilities` (`id`, `carrier_id`, `load_type`, `is_active`)\n' +
        "       SELECT UUID(), cst.`carrierId`, 'HOME', 1\n" +
        '         FROM `carrier_service_types` cst\n' +
        '         INNER JOIN `service_types` st ON st.`id` = cst.`serviceTypeId`\n' +
        "        WHERE st.`name` IN ('Evden Eve Nakliyat', '┼Şehir ─░├ği Ta┼ş─▒ma', '┼Şehirleraras─▒ Ta┼ş─▒ma')\n" +
        '          AND NOT EXISTS (\n' +
        '            SELECT 1\n' +
        '              FROM `carrier_load_type_capabilities` clc\n' +
        '             WHERE clc.`carrier_id` = cst.`carrierId`\n' +
        "               AND clc.`load_type` = 'HOME'\n" +
        '          )'
    }

    [0m [90m 27 |[39m       [36mawait[39m seedConverterVehicleRules()[33m;[39m
     [90m 28 |[39m     } [36mcatch[39m (err) {
    [31m[1m>[22m[39m[90m 29 |[39m       console[33m.[39mwarn([32m'ÔÜá´©Å  Converter test setup bootstrap failed\n'[39m[33m,[39m err)[33m;[39m
     [90m    |[39m               [31m[1m^[22m[39m
     [90m 30 |[39m     }
     [90m 31 |[39m   }
     [90m 32 |[39m }[33m,[39m [35m30000[39m)[33m;[39m[0m

      at Object.<anonymous> (src/__tests__/setup/setupTests.ts:29:15)

PASS src/__tests__/admin-flow.test.ts (7.12 s)
  Admin Ak─▒┼ş─▒ ÔÇö U├ğtan Uca
    ÔêÜ 1. Admin giri┼ş yapabilmeli (223 ms)
    ÔêÜ 2. Superadmin giri┼ş yapabilmeli (213 ms)
    ÔêÜ 3. Admin /me endpoint profil d├Ând├╝rmeli (9 ms)
    ÔêÜ 4. Admin istatistik verileri alabilmeli (44 ms)
    ÔêÜ 5. Admin trend verilerini alabilmeli (10 ms)
    ÔêÜ 6. Admin nakliyecileri listeleyebilmeli (12 ms)
    ÔêÜ 7. Admin m├╝┼şterileri listeleyebilmeli (8 ms)
    ÔêÜ 8. Admin ilanlar─▒ listeleyebilmeli (25 ms)
    ÔêÜ 9. Admin teklifleri listeleyebilmeli (132 ms)
    ÔêÜ 10. Admin de─şerlendirmeleri listeleyebilmeli (26 ms)
    ÔêÜ 11. Admin audit log listesini okuyabilmeli (9 ms)
    ÔêÜ 12. Admin platform ayarlar─▒n─▒ okuyabilmeli (11 ms)
    ÔêÜ 13. Admin rapor genel bak─▒┼ş─▒n─▒ alabilmeli (18 ms)
    ÔêÜ 14. Superadmin platform ayarlar─▒n─▒ g├╝ncelleyebilmeli (24 ms)
    ÔêÜ 15. Normal admin platform ayarlar─▒n─▒ g├╝ncelleyememeli (8 ms)
    ÔêÜ 16. Superadmin admin listesini g├Ârebilmeli (7 ms)
    ÔêÜ 17. Token olmadan admin istatistiklerine eri┼şilememeli (5 ms)
    ÔêÜ 18. Token olmadan admin nakliyeci listesine eri┼şilememeli (5 ms)
    ÔêÜ 19. Yanl─▒┼ş ┼şifre ile admin giri┼şi 401 d├Ânmeli (209 ms)
    ÔêÜ 20. E-posta olmadan admin giri┼şi 400 d├Ânmeli (6 ms)
  Nakliyeci Onay ÔÇö Business Rules
    ÔêÜ Admin nakliyeci listesini sayfal─▒ alabilmeli (10 ms)
    ÔêÜ Nakliyeci onaylama (verify) ├ğal─▒┼şmal─▒ (15 ms)
    ÔêÜ Var olmayan nakliyeci onaylanamaz (6 ms)
    ÔêÜ Admin olmayan token ile nakliyeci onaylanamaz (226 ms)
  Platform Ayarlar─▒ ÔÇö Validasyon
    ÔêÜ Platform ayarlar─▒ okunabilmeli (10 ms)
    ÔêÜ Negatif minimum teklif fiyat─▒ reddedilmeli (6 ms)
    ÔêÜ %150 komisyon oran─▒ reddedilmeli (6 ms)
    ÔêÜ Normal admin ayarlar─▒ g├╝ncelleyememeli (superadmin gerekli) (6 ms)
    ÔêÜ Audit log kay─▒tlar─▒ listelenebilmeli (10 ms)
  Admin Y├Ânetimi ÔÇö Business Rules
    ÔêÜ Superadmin yeni admin olu┼şturabilmeli (77 ms)
    ÔêÜ Normal admin yeni admin olu┼şturamamal─▒ (403) (6 ms)
    ÔêÜ Olu┼şturulan admin silinebilmeli (13 ms)
    ÔêÜ Silinen admin listede olmamal─▒ (7 ms)
    ÔêÜ Admin listesinde passwordHash alan─▒ olmamal─▒ (8 ms)
  ─░statistik Tutarl─▒l─▒─ş─▒
    ÔêÜ ─░statistik totalCarriers nakliyeci listesiyle uyumlu olmal─▒ (24 ms)
    ÔêÜ ─░statistik alanlar─▒ do─şru tiplerde olmal─▒ (16 ms)
    ÔêÜ Trend istatistiklerinde negatif de─şer olmamal─▒ (10 ms)
  Admin Panel ÔÇö Nakliyeci Detay
    ÔêÜ Nakliyeci detay─▒n─▒ getirebilmeli (12 ms)
    ÔêÜ Nakliyeci detay─▒ ┼şifre i├ğermemeli (9 ms)
    ÔêÜ Nakliyecinin ta┼ş─▒malar─▒n─▒ getirebilmeli (7 ms)
    ÔêÜ Nakliyecinin yorumlar─▒n─▒ getirebilmeli (10 ms)
    ÔêÜ Nakliyecinin belgelerini getirebilmeli (9 ms)
    ÔêÜ Nakliyeciyi onaylayabilmeli (verify) (9 ms)
    ÔêÜ Nakliyeciyi reddedebilmeli (verify false) (8 ms)
    ÔêÜ Nakliyeci bilgilerini g├╝ncelleyebilmeli (9 ms)
    ÔêÜ Olmayan nakliyeci 404 d├Ânmeli (8 ms)
  Admin Panel ÔÇö M├╝┼şteri Y├Ânetimi
    ÔêÜ M├╝┼şteri listesi sayfalanmal─▒ (8 ms)
    ÔêÜ M├╝┼şteri arama ├ğal─▒┼şmal─▒ (9 ms)
    ÔêÜ M├╝┼şteri listesinde ┼şifre g├Âr├╝nmemeli (9 ms)
    ÔêÜ M├╝┼şteri aktiflik durumu de─şi┼ştirilebilmeli (12 ms)
    ÔêÜ M├╝┼şteri toggle sonras─▒ tekrar toggle yap─▒labilmeli (23 ms)
  Admin Panel ÔÇö ─░lan Y├Ânetimi
    ÔêÜ ─░lan listesi t├╝m durumlar─▒ kapsayabilmeli (55 ms)
    ÔêÜ ─░lan arama ├ğal─▒┼şmal─▒ (22 ms)
    ÔêÜ ─░lan listesi sayfalanmal─▒ (41 ms)
  Admin Panel ÔÇö Teklif Y├Ânetimi
    ÔêÜ Teklif listesi getirilmeli (124 ms)
    ÔêÜ Durum filtresiyle teklif listelenmeli (117 ms)
    ÔêÜ Admin teklif silebilmeli (14 ms)
  Admin Panel ÔÇö Belge Y├Ânetimi
    ÔêÜ Belge listesi getirilebilmeli (15 ms)
    ÔêÜ Bekleyen belgeler filtrelenebilmeli (11 ms)
    ÔêÜ Onaylanan belgeler filtrelenebilmeli (14 ms)
    ÔêÜ Belge tipi filtresi ├ğal─▒┼şmal─▒ (8 ms)
  Admin Panel ÔÇö Yorum Y├Ânetimi
    ÔêÜ Yorum listesi getirilebilmeli (22 ms)
    ÔêÜ Puan filtresiyle yorum listelenmeli (73 ms)
    ÔêÜ Admin yorum silebilmeli (14 ms)
    ÔêÜ Silinen yorum listede g├Âr├╝nmemeli (23 ms)
  Admin Panel ÔÇö Rapor Sistemi
    ÔêÜ Genel bak─▒┼ş raporu getirilebilmeli (17 ms)
    ÔêÜ En iyi nakliyeciler raporu getirilebilmeli (6 ms)
    ÔêÜ Pop├╝ler rotalar raporu getirilebilmeli (8 ms)
  Admin Panel ÔÇö Audit Log Derinlik
    ÔêÜ Audit log sayfalanabilmeli (9 ms)
    ÔêÜ Audit log kay─▒tlar─▒ gerekli alanlar─▒ i├ğermeli (8 ms)
    ÔêÜ Audit log olu┼şturulabilmeli (11 ms)
    ÔêÜ Arama filtresiyle audit log listelenebilmeli (7 ms)
  Admin Panel ÔÇö Dashboard Tutarl─▒l─▒k
    ÔêÜ Dashboard KPI'lar─▒ say─▒sal de─şer i├ğermeli (18 ms)
    ÔêÜ Trend verisi periyot parametresi kabul etmeli (30 ms)
    ÔêÜ Dashboard onays─▒z nakliyecileri filtreleyebilmeli (8 ms)
    ÔêÜ T├╝m istatistik alanlar─▒ tan─▒ml─▒ olmal─▒ (16 ms)
  Admin Panel ÔÇö Yetki S─▒n─▒rlar─▒
    ÔêÜ Token olmadan hi├ğbir admin endpoint eri┼şilememeli (43 ms)
    ÔêÜ M├╝┼şteri token ile admin endpoint eri┼şilememeli (220 ms)
    ÔêÜ Nakliyeci token ile admin endpoint eri┼şilememeli (227 ms)
    ÔêÜ Normal admin superadmin-only endpoint eri┼şilememeli (229 ms)
    ÔêÜ Ge├ğersiz admin ID format─▒ hata d├Ânmeli (220 ms)

  console.log
    Ô£à DB connected ÔåÆ mysql://localhost:3306/tasiburada_dev

      at initializeDatabase (src/infrastructure/database/data-source.ts:71:13)

  console.log
    [4mMigration "CarrierCapabilityModel1778000000000" failed, error: Duplicate entry '4874bfff-27bc-4d4e-a29c-2cf88d271a9f-HOME' for key 'carrier_load_type_capabilities.UQ_carrier_load_type_capabilities_carrier_load_type'[24m

      at Function.log (src/platform/PlatformTools.ts:260:17)

  console.warn
    ÔÜá´©Å  Converter test setup bootstrap failed
     QueryFailedError: Duplicate entry '4874bfff-27bc-4d4e-a29c-2cf88d271a9f-HOME' for key 'carrier_load_type_capabilities.UQ_carrier_load_type_capabilities_carrier_load_type'
        at Query.onResult (C:\Users\pc\Desktop\tasiburada\src\driver\mysql\MysqlQueryRunner.ts:248:33)
        at Query.execute (C:\Users\pc\Desktop\tasiburada\node_modules\mysql2\lib\commands\command.js:36:14)
        at PoolConnection.handlePacket (C:\Users\pc\Desktop\tasiburada\node_modules\mysql2\lib\base\connection.js:477:34)
        at PacketParser.onPacket (C:\Users\pc\Desktop\tasiburada\node_modules\mysql2\lib\base\connection.js:93:12)
        at PacketParser.executeStart (C:\Users\pc\Desktop\tasiburada\node_modules\mysql2\lib\packet_parser.js:75:16)
        at Socket.<anonymous> (C:\Users\pc\Desktop\tasiburada\node_modules\mysql2\lib\base\connection.js:100:25)
        at Socket.emit (node:events:519:28)
        at addChunk (node:internal/streams/readable:561:12)
        at readableAddChunkPushByteMode (node:internal/streams/readable:512:3)
        at Socket.Readable.push (node:internal/streams/readable:392:5)
        at TCP.onStreamRead (node:internal/stream_base_commons:189:23)
        at TCP.callbackTrampoline (node:internal/async_hooks:130:17) {
      query: 'INSERT INTO `carrier_load_type_capabilities` (`id`, `carrier_id`, `load_type`, `is_active`)\n' +
        "       SELECT UUID(), cst.`carrierId`, 'HOME', 1\n" +
        '         FROM `carrier_service_types` cst\n' +
        '         INNER JOIN `service_types` st ON st.`id` = cst.`serviceTypeId`\n' +
        "        WHERE st.`name` IN ('Evden Eve Nakliyat', '┼Şehir ─░├ği Ta┼ş─▒ma', '┼Şehirleraras─▒ Ta┼ş─▒ma')\n" +
        '          AND NOT EXISTS (\n' +
        '            SELECT 1\n' +
        '              FROM `carrier_load_type_capabilities` clc\n' +
        '             WHERE clc.`carrier_id` = cst.`carrierId`\n' +
        "               AND clc.`load_type` = 'HOME'\n" +
        '          )',
      parameters: undefined,
      driverError: Error: Duplicate entry '4874bfff-27bc-4d4e-a29c-2cf88d271a9f-HOME' for key 'carrier_load_type_capabilities.UQ_carrier_load_type_capabilities_carrier_load_type'
          at Packet.asError (C:\Users\pc\Desktop\tasiburada\node_modules\mysql2\lib\packets\packet.js:740:17)
          at Query.execute (C:\Users\pc\Desktop\tasiburada\node_modules\mysql2\lib\commands\command.js:29:26)
          at PoolConnection.handlePacket (C:\Users\pc\Desktop\tasiburada\node_modules\mysql2\lib\base\connection.js:477:34)
          at PacketParser.onPacket (C:\Users\pc\Desktop\tasiburada\node_modules\mysql2\lib\base\connection.js:93:12)
          at PacketParser.executeStart (C:\Users\pc\Desktop\tasiburada\node_modules\mysql2\lib\packet_parser.js:75:16)
          at Socket.<anonymous> (C:\Users\pc\Desktop\tasiburada\node_modules\mysql2\lib\base\connection.js:100:25)
          at Socket.emit (node:events:519:28)
          at addChunk (node:internal/streams/readable:561:12)
          at readableAddChunkPushByteMode (node:internal/streams/readable:512:3)
          at Socket.Readable.push (node:internal/streams/readable:392:5)
          at TCP.onStreamRead (node:internal/stream_base_commons:189:23)
          at TCP.callbackTrampoline (node:internal/async_hooks:130:17) {
        code: 'ER_DUP_ENTRY',
        errno: 1062,
        sqlState: '23000',
        sqlMessage: "Duplicate entry '4874bfff-27bc-4d4e-a29c-2cf88d271a9f-HOME' for key 'carrier_load_type_capabilities.UQ_carrier_load_type_capabilities_carrier_load_type'",
        sql: 'INSERT INTO `carrier_load_type_capabilities` (`id`, `carrier_id`, `load_type`, `is_active`)\n' +
          "       SELECT UUID(), cst.`carrierId`, 'HOME', 1\n" +
          '         FROM `carrier_service_types` cst\n' +
          '         INNER JOIN `service_types` st ON st.`id` = cst.`serviceTypeId`\n' +
          "        WHERE st.`name` IN ('Evden Eve Nakliyat', '┼Şehir ─░├ği Ta┼ş─▒ma', '┼Şehirleraras─▒ Ta┼ş─▒ma')\n" +
          '          AND NOT EXISTS (\n' +
          '            SELECT 1\n' +
          '              FROM `carrier_load_type_capabilities` clc\n' +
          '             WHERE clc.`carrier_id` = cst.`carrierId`\n' +
          "               AND clc.`load_type` = 'HOME'\n" +
          '          )'
      },
      code: 'ER_DUP_ENTRY',
      errno: 1062,
      sqlState: '23000',
      sqlMessage: "Duplicate entry '4874bfff-27bc-4d4e-a29c-2cf88d271a9f-HOME' for key 'carrier_load_type_capabilities.UQ_carrier_load_type_capabilities_carrier_load_type'",
      sql: 'INSERT INTO `carrier_load_type_capabilities` (`id`, `carrier_id`, `load_type`, `is_active`)\n' +
        "       SELECT UUID(), cst.`carrierId`, 'HOME', 1\n" +
        '         FROM `carrier_service_types` cst\n' +
        '         INNER JOIN `service_types` st ON st.`id` = cst.`serviceTypeId`\n' +
        "        WHERE st.`name` IN ('Evden Eve Nakliyat', '┼Şehir ─░├ği Ta┼ş─▒ma', '┼Şehirleraras─▒ Ta┼ş─▒ma')\n" +
        '          AND NOT EXISTS (\n' +
        '            SELECT 1\n' +
        '              FROM `carrier_load_type_capabilities` clc\n' +
        '             WHERE clc.`carrier_id` = cst.`carrierId`\n' +
        "               AND clc.`load_type` = 'HOME'\n" +
        '          )'
    }

    [0m [90m 27 |[39m       [36mawait[39m seedConverterVehicleRules()[33m;[39m
     [90m 28 |[39m     } [36mcatch[39m (err) {
    [31m[1m>[22m[39m[90m 29 |[39m       console[33m.[39mwarn([32m'ÔÜá´©Å  Converter test setup bootstrap failed\n'[39m[33m,[39m err)[33m;[39m
     [90m    |[39m               [31m[1m^[22m[39m
     [90m 30 |[39m     }
     [90m 31 |[39m   }
     [90m 32 |[39m }[33m,[39m [35m30000[39m)[33m;[39m[0m

      at Object.<anonymous> (src/__tests__/setup/setupTests.ts:29:15)

  console.log
    Getting profile data for carrierId: 60e0c7ce-8bc6-4cfe-8627-9afee17169da

      at CarrierProfileStatusService.updateProfileCompletion (src/application/services/carrier/CarrierProfileStatusService.ts:95:15)

  console.log
    Profile data loaded successfully

      at CarrierProfileStatusService.updateProfileCompletion (src/application/services/carrier/CarrierProfileStatusService.ts:120:15)

  console.log
    Getting profile data for carrierId: 65d628f0-9ff3-4fad-b8b9-2b2982950644

      at CarrierProfileStatusService.updateProfileCompletion (src/application/services/carrier/CarrierProfileStatusService.ts:95:15)

  console.log
    Profile data loaded successfully

      at CarrierProfileStatusService.updateProfileCompletion (src/application/services/carrier/CarrierProfileStatusService.ts:120:15)

PASS src/__tests__/e2e-scenarios.test.ts
  E2E Senaryolar ÔÇö Tam Ya┼şam D├Âng├╝s├╝
    ÔêÜ 1. M├╝┼şteri, nakliyeci ve admin token alabilmeli
    ÔêÜ 2. Her rol kendi profilini g├Ârebilmeli (35 ms)
    ÔêÜ 3. Nakliyeci bekleyen ilanlar─▒ listeleyebilmeli (62 ms)
    ÔêÜ 4. M├╝┼şteri ilanlar─▒ ve teklifleri tutarl─▒ d├Ânmeli (37 ms)
    ÔêÜ 5. Admin ilanlar─▒ ve teklifleri listeleyebilmeli (119 ms)
    ÔêÜ 6. M├╝┼şteri ve nakliyeci bildirim alabilmeli (16 ms)
    ÔêÜ 7. Nakliyeci arama herkes taraf─▒ndan eri┼şilebilmeli (18 ms)
    ÔêÜ 8. ─░lan arama herkes taraf─▒ndan eri┼şilebilmeli (42 ms)
    ÔêÜ 9. Admin istatistikler ve trendler tutarl─▒ d├Ânmeli (36 ms)
    ÔêÜ 10. Roller aras─▒ izolasyon: cross-role eri┼şim engellenmeli (17 ms)
  Senaryo: Teklif Geri ├çekme
    ÔêÜ Nakliyeci bekleyen teklifini geri ├ğekebilmeli (45 ms)
    ÔêÜ Zaten geri ├ğekilmi┼ş teklif tekrar geri ├ğekilememeli (32 ms)
  Senaryo: ─░lan ─░ptal ve Durum Kontrol├╝
    ÔêÜ ─░lan olu┼ştur ÔåÆ iptal et ÔåÆ durum CANCELLED olmal─▒ (38 ms)
    ÔêÜ ─░ptal edilmi┼ş ilana teklif verilemez (32 ms)
    ÔêÜ ─░ptal edilmi┼ş ilan tekrar iptal edilememeli (14 ms)
  Senaryo: Bildirim Ak─▒┼ş─▒
    ÔêÜ Bildirimler dizi olarak d├Ânmeli (13 ms)
    ÔêÜ Okunmam─▒┼ş bildirim okundu yap─▒labilmeli (10 ms)
    ÔêÜ Var olmayan bildirim okundu yap─▒lamaz (6 ms)
  Senaryo: Response Veri Tutarl─▒l─▒─ş─▒
    ÔêÜ M├╝┼şteri profili firstName/lastName i├ğermeli (7 ms)
    ÔêÜ Nakliyeci arama sonu├ğlar─▒ rating i├ğermeli, email i├ğermemeli (16 ms)
    ÔêÜ ─░lan listesi origin/destination i├ğermeli (11 ms)
    ÔêÜ T├╝m endpointler success:boolean format─▒nda yan─▒t d├Ânmeli (26 ms)

  console.log
    Ô£à DB connected ÔåÆ mysql://localhost:3306/tasiburada_dev

      at initializeDatabase (src/infrastructure/database/data-source.ts:71:13)

  console.log
    [4mMigration "CarrierCapabilityModel1778000000000" failed, error: Duplicate entry '4874bfff-27bc-4d4e-a29c-2cf88d271a9f-HOME' for key 'carrier_load_type_capabilities.UQ_carrier_load_type_capabilities_carrier_load_type'[24m

      at Function.log (src/platform/PlatformTools.ts:260:17)

  console.warn
    ÔÜá´©Å  Converter test setup bootstrap failed
     QueryFailedError: Duplicate entry '4874bfff-27bc-4d4e-a29c-2cf88d271a9f-HOME' for key 'carrier_load_type_capabilities.UQ_carrier_load_type_capabilities_carrier_load_type'
        at Query.onResult (C:\Users\pc\Desktop\tasiburada\src\driver\mysql\MysqlQueryRunner.ts:248:33)
        at Query.execute (C:\Users\pc\Desktop\tasiburada\node_modules\mysql2\lib\commands\command.js:36:14)
        at PoolConnection.handlePacket (C:\Users\pc\Desktop\tasiburada\node_modules\mysql2\lib\base\connection.js:477:34)
        at PacketParser.onPacket (C:\Users\pc\Desktop\tasiburada\node_modules\mysql2\lib\base\connection.js:93:12)
        at PacketParser.executeStart (C:\Users\pc\Desktop\tasiburada\node_modules\mysql2\lib\packet_parser.js:75:16)
        at Socket.<anonymous> (C:\Users\pc\Desktop\tasiburada\node_modules\mysql2\lib\base\connection.js:100:25)
        at Socket.emit (node:events:519:28)
        at addChunk (node:internal/streams/readable:561:12)
        at readableAddChunkPushByteMode (node:internal/streams/readable:512:3)
        at Socket.Readable.push (node:internal/streams/readable:392:5)
        at TCP.onStreamRead (node:internal/stream_base_commons:189:23)
        at TCP.callbackTrampoline (node:internal/async_hooks:130:17) {
      query: 'INSERT INTO `carrier_load_type_capabilities` (`id`, `carrier_id`, `load_type`, `is_active`)\n' +
        "       SELECT UUID(), cst.`carrierId`, 'HOME', 1\n" +
        '         FROM `carrier_service_types` cst\n' +
        '         INNER JOIN `service_types` st ON st.`id` = cst.`serviceTypeId`\n' +
        "        WHERE st.`name` IN ('Evden Eve Nakliyat', '┼Şehir ─░├ği Ta┼ş─▒ma', '┼Şehirleraras─▒ Ta┼ş─▒ma')\n" +
        '          AND NOT EXISTS (\n' +
        '            SELECT 1\n' +
        '              FROM `carrier_load_type_capabilities` clc\n' +
        '             WHERE clc.`carrier_id` = cst.`carrierId`\n' +
        "               AND clc.`load_type` = 'HOME'\n" +
        '          )',
      parameters: undefined,
      driverError: Error: Duplicate entry '4874bfff-27bc-4d4e-a29c-2cf88d271a9f-HOME' for key 'carrier_load_type_capabilities.UQ_carrier_load_type_capabilities_carrier_load_type'
          at Packet.asError (C:\Users\pc\Desktop\tasiburada\node_modules\mysql2\lib\packets\packet.js:740:17)
          at Query.execute (C:\Users\pc\Desktop\tasiburada\node_modules\mysql2\lib\commands\command.js:29:26)
          at PoolConnection.handlePacket (C:\Users\pc\Desktop\tasiburada\node_modules\mysql2\lib\base\connection.js:477:34)
          at PacketParser.onPacket (C:\Users\pc\Desktop\tasiburada\node_modules\mysql2\lib\base\connection.js:93:12)
          at PacketParser.executeStart (C:\Users\pc\Desktop\tasiburada\node_modules\mysql2\lib\packet_parser.js:75:16)
          at Socket.<anonymous> (C:\Users\pc\Desktop\tasiburada\node_modules\mysql2\lib\base\connection.js:100:25)
          at Socket.emit (node:events:519:28)
          at addChunk (node:internal/streams/readable:561:12)
          at readableAddChunkPushByteMode (node:internal/streams/readable:512:3)
          at Socket.Readable.push (node:internal/streams/readable:392:5)
          at TCP.onStreamRead (node:internal/stream_base_commons:189:23)
          at TCP.callbackTrampoline (node:internal/async_hooks:130:17) {
        code: 'ER_DUP_ENTRY',
        errno: 1062,
        sqlState: '23000',
        sqlMessage: "Duplicate entry '4874bfff-27bc-4d4e-a29c-2cf88d271a9f-HOME' for key 'carrier_load_type_capabilities.UQ_carrier_load_type_capabilities_carrier_load_type'",
        sql: 'INSERT INTO `carrier_load_type_capabilities` (`id`, `carrier_id`, `load_type`, `is_active`)\n' +
          "       SELECT UUID(), cst.`carrierId`, 'HOME', 1\n" +
          '         FROM `carrier_service_types` cst\n' +
          '         INNER JOIN `service_types` st ON st.`id` = cst.`serviceTypeId`\n' +
          "        WHERE st.`name` IN ('Evden Eve Nakliyat', '┼Şehir ─░├ği Ta┼ş─▒ma', '┼Şehirleraras─▒ Ta┼ş─▒ma')\n" +
          '          AND NOT EXISTS (\n' +
          '            SELECT 1\n' +
          '              FROM `carrier_load_type_capabilities` clc\n' +
          '             WHERE clc.`carrier_id` = cst.`carrierId`\n' +
          "               AND clc.`load_type` = 'HOME'\n" +
          '          )'
      },
      code: 'ER_DUP_ENTRY',
      errno: 1062,
      sqlState: '23000',
      sqlMessage: "Duplicate entry '4874bfff-27bc-4d4e-a29c-2cf88d271a9f-HOME' for key 'carrier_load_type_capabilities.UQ_carrier_load_type_capabilities_carrier_load_type'",
      sql: 'INSERT INTO `carrier_load_type_capabilities` (`id`, `carrier_id`, `load_type`, `is_active`)\n' +
        "       SELECT UUID(), cst.`carrierId`, 'HOME', 1\n" +
        '         FROM `carrier_service_types` cst\n' +
        '         INNER JOIN `service_types` st ON st.`id` = cst.`serviceTypeId`\n' +
        "        WHERE st.`name` IN ('Evden Eve Nakliyat', '┼Şehir ─░├ği Ta┼ş─▒ma', '┼Şehirleraras─▒ Ta┼ş─▒ma')\n" +
        '          AND NOT EXISTS (\n' +
        '            SELECT 1\n' +
        '              FROM `carrier_load_type_capabilities` clc\n' +
        '             WHERE clc.`carrier_id` = cst.`carrierId`\n' +
        "               AND clc.`load_type` = 'HOME'\n" +
        '          )'
    }

    [0m [90m 27 |[39m       [36mawait[39m seedConverterVehicleRules()[33m;[39m
     [90m 28 |[39m     } [36mcatch[39m (err) {
    [31m[1m>[22m[39m[90m 29 |[39m       console[33m.[39mwarn([32m'ÔÜá´©Å  Converter test setup bootstrap failed\n'[39m[33m,[39m err)[33m;[39m
     [90m    |[39m               [31m[1m^[22m[39m
     [90m 30 |[39m     }
     [90m 31 |[39m   }
     [90m 32 |[39m }[33m,[39m [35m30000[39m)[33m;[39m[0m

      at Object.<anonymous> (src/__tests__/setup/setupTests.ts:29:15)

PASS src/__tests__/customer-flow.test.ts
  M├╝┼şteri Ak─▒┼ş─▒ ÔÇö U├ğtan Uca
    ÔêÜ 1. Seed m├╝┼şteri giri┼ş yapabilmeli (224 ms)
    ÔêÜ 2. M├╝┼şteri profil bilgisini ├ğekebilmeli (7 ms)
    ÔêÜ 3. M├╝┼şteri adres listesini alabilmeli (7 ms)
    ÔêÜ 4. M├╝┼şteri kendi ta┼ş─▒ma ilanlar─▒n─▒ g├Ârebilmeli (13 ms)
    ÔêÜ 5. M├╝┼şteri ald─▒─ş─▒ teklifleri g├Ârebilmeli (34 ms)
    ÔêÜ 6. M├╝┼şteri favori nakliyeci listesini alabilmeli (10 ms)
    ÔêÜ 7. M├╝┼şteri bildirimlerini alabilmeli (9 ms)
    ÔêÜ 8. Okunmam─▒┼ş bildirim say─▒s─▒ al─▒nabilmeli (7 ms)
    ÔêÜ 9. Token olmadan profil eri┼şilememeli (6 ms)
    ÔêÜ 10. Token olmadan ilan olu┼şturulamamal─▒ (5 ms)
    ÔêÜ 11. Mevcut e-posta ile tekrar kay─▒t reddedilmeli (7 ms)
    ÔêÜ 12. Yanl─▒┼ş ┼şifre ile giri┼ş reddedilmeli (211 ms)
    ÔêÜ 13. M├╝┼şteri e-postas─▒ ile nakliyeci giri┼şi 403 d├Ânmeli (9 ms)
    ÔêÜ 14. Zorunlu alan eksik oldu─şunda kay─▒t reddedilmeli (216 ms)
    ÔêÜ 15. M├╝┼şteri daha ├Ânce ├ğal─▒┼şt─▒─ş─▒ nakliyecileri g├Ârebilmeli (10
 ms)
  ─░lan Olu┼şturma ÔÇö Validasyon
    ÔêÜ Ge├ğmi┼ş tarihli ilan reddedilmeli (6 ms)
    ÔêÜ ├ç─▒k─▒┼ş ve var─▒┼ş ayn─▒ ┼şehir olabilmeli (21 ms)
    ÔêÜ origin eksik oldu─şunda 400 d├Ânmeli (12 ms)
    ÔêÜ destination eksik oldu─şunda 400 d├Ânmeli (10 ms)
    ÔêÜ loadDetails eksik oldu─şunda 400 d├Ânmeli (9 ms)
    ÔêÜ shipmentDate eksik oldu─şunda 400 d├Ânmeli (8 ms)
    ÔêÜ ├çok k─▒sa origin reddedilmeli (min 3 karakter) (9 ms)
  Teklif Y├Ânetimi ÔÇö Business Rules
    ÔêÜ Kabul edilmi┼ş teklif tekrar kabul edilememeli (37 ms)
    ÔêÜ Reddedilmi┼ş teklif kabul edilememeli (31 ms)
    ÔêÜ Var olmayan teklif kabul edilememeli (8 ms)
  Favori Nakliyeciler ÔÇö Business Rules
    ÔêÜ Nakliyeciyi favoriye ekleyebilmeli (11 ms)
    ÔêÜ Ayn─▒ nakliyeciyi tekrar toggle edince ├ğ─▒karmal─▒/eklemeli (13 ms)
    ÔêÜ Olmayan nakliyeciyi favoriye ekleme denemesi (8 ms)
    ÔêÜ Favori ID listesi al─▒nabilmeli (8 ms)
  Adres Defteri ÔÇö Business Rules
    ÔêÜ Adres ekleyebilmeli (12 ms)
    ÔêÜ Adresi varsay─▒lan yapabilmeli (9 ms)
    ÔêÜ addressLine1 eksik adres eklenememeli (7 ms)
    ÔêÜ Adresi silebilmeli (10 ms)
    ÔêÜ Silinmi┼ş adresi tekrar silmek hata d├Ânmeli (7 ms)
  ├ûdeme Ge├ğmi┼şi
    ÔêÜ ├ûdeme ge├ğmi┼şi success:true ve array d├Ânmeli (9 ms)
    ÔêÜ Token olmadan ├Âdeme ge├ğmi┼şi 401 d├Ânmeli (6 ms)
  Profil G├╝ncelleme
    ÔêÜ Profil g├╝ncellenebilmeli (11 ms)
    ÔêÜ Profil response hassas alan i├ğermemeli (8 ms)

  console.log
    Ô£à DB connected ÔåÆ mysql://localhost:3306/tasiburada_dev

      at initializeDatabase (src/infrastructure/database/data-source.ts:71:13)

  console.log
    [4mMigration "CarrierCapabilityModel1778000000000" failed, error: Duplicate entry '4874bfff-27bc-4d4e-a29c-2cf88d271a9f-HOME' for key 'carrier_load_type_capabilities.UQ_carrier_load_type_capabilities_carrier_load_type'[24m

      at Function.log (src/platform/PlatformTools.ts:260:17)

  console.warn
    ÔÜá´©Å  Converter test setup bootstrap failed
     QueryFailedError: Duplicate entry '4874bfff-27bc-4d4e-a29c-2cf88d271a9f-HOME' for key 'carrier_load_type_capabilities.UQ_carrier_load_type_capabilities_carrier_load_type'
        at Query.onResult (C:\Users\pc\Desktop\tasiburada\src\driver\mysql\MysqlQueryRunner.ts:248:33)
        at Query.execute (C:\Users\pc\Desktop\tasiburada\node_modules\mysql2\lib\commands\command.js:36:14)
        at PoolConnection.handlePacket (C:\Users\pc\Desktop\tasiburada\node_modules\mysql2\lib\base\connection.js:477:34)
        at PacketParser.onPacket (C:\Users\pc\Desktop\tasiburada\node_modules\mysql2\lib\base\connection.js:93:12)
        at PacketParser.executeStart (C:\Users\pc\Desktop\tasiburada\node_modules\mysql2\lib\packet_parser.js:75:16)
        at Socket.<anonymous> (C:\Users\pc\Desktop\tasiburada\node_modules\mysql2\lib\base\connection.js:100:25)
        at Socket.emit (node:events:519:28)
        at addChunk (node:internal/streams/readable:561:12)
        at readableAddChunkPushByteMode (node:internal/streams/readable:512:3)
        at Socket.Readable.push (node:internal/streams/readable:392:5)
        at TCP.onStreamRead (node:internal/stream_base_commons:189:23)
        at TCP.callbackTrampoline (node:internal/async_hooks:130:17) {
      query: 'INSERT INTO `carrier_load_type_capabilities` (`id`, `carrier_id`, `load_type`, `is_active`)\n' +
        "       SELECT UUID(), cst.`carrierId`, 'HOME', 1\n" +
        '         FROM `carrier_service_types` cst\n' +
        '         INNER JOIN `service_types` st ON st.`id` = cst.`serviceTypeId`\n' +
        "        WHERE st.`name` IN ('Evden Eve Nakliyat', '┼Şehir ─░├ği Ta┼ş─▒ma', '┼Şehirleraras─▒ Ta┼ş─▒ma')\n" +
        '          AND NOT EXISTS (\n' +
        '            SELECT 1\n' +
        '              FROM `carrier_load_type_capabilities` clc\n' +
        '             WHERE clc.`carrier_id` = cst.`carrierId`\n' +
        "               AND clc.`load_type` = 'HOME'\n" +
        '          )',
      parameters: undefined,
      driverError: Error: Duplicate entry '4874bfff-27bc-4d4e-a29c-2cf88d271a9f-HOME' for key 'carrier_load_type_capabilities.UQ_carrier_load_type_capabilities_carrier_load_type'
          at Packet.asError (C:\Users\pc\Desktop\tasiburada\node_modules\mysql2\lib\packets\packet.js:740:17)
          at Query.execute (C:\Users\pc\Desktop\tasiburada\node_modules\mysql2\lib\commands\command.js:29:26)
          at PoolConnection.handlePacket (C:\Users\pc\Desktop\tasiburada\node_modules\mysql2\lib\base\connection.js:477:34)
          at PacketParser.onPacket (C:\Users\pc\Desktop\tasiburada\node_modules\mysql2\lib\base\connection.js:93:12)
          at PacketParser.executeStart (C:\Users\pc\Desktop\tasiburada\node_modules\mysql2\lib\packet_parser.js:75:16)
          at Socket.<anonymous> (C:\Users\pc\Desktop\tasiburada\node_modules\mysql2\lib\base\connection.js:100:25)
          at Socket.emit (node:events:519:28)
          at addChunk (node:internal/streams/readable:561:12)
          at readableAddChunkPushByteMode (node:internal/streams/readable:512:3)
          at Socket.Readable.push (node:internal/streams/readable:392:5)
          at TCP.onStreamRead (node:internal/stream_base_commons:189:23)
          at TCP.callbackTrampoline (node:internal/async_hooks:130:17) {
        code: 'ER_DUP_ENTRY',
        errno: 1062,
        sqlState: '23000',
        sqlMessage: "Duplicate entry '4874bfff-27bc-4d4e-a29c-2cf88d271a9f-HOME' for key 'carrier_load_type_capabilities.UQ_carrier_load_type_capabilities_carrier_load_type'",
        sql: 'INSERT INTO `carrier_load_type_capabilities` (`id`, `carrier_id`, `load_type`, `is_active`)\n' +
          "       SELECT UUID(), cst.`carrierId`, 'HOME', 1\n" +
          '         FROM `carrier_service_types` cst\n' +
          '         INNER JOIN `service_types` st ON st.`id` = cst.`serviceTypeId`\n' +
          "        WHERE st.`name` IN ('Evden Eve Nakliyat', '┼Şehir ─░├ği Ta┼ş─▒ma', '┼Şehirleraras─▒ Ta┼ş─▒ma')\n" +
          '          AND NOT EXISTS (\n' +
          '            SELECT 1\n' +
          '              FROM `carrier_load_type_capabilities` clc\n' +
          '             WHERE clc.`carrier_id` = cst.`carrierId`\n' +
          "               AND clc.`load_type` = 'HOME'\n" +
          '          )'
      },
      code: 'ER_DUP_ENTRY',
      errno: 1062,
      sqlState: '23000',
      sqlMessage: "Duplicate entry '4874bfff-27bc-4d4e-a29c-2cf88d271a9f-HOME' for key 'carrier_load_type_capabilities.UQ_carrier_load_type_capabilities_carrier_load_type'",
      sql: 'INSERT INTO `carrier_load_type_capabilities` (`id`, `carrier_id`, `load_type`, `is_active`)\n' +
        "       SELECT UUID(), cst.`carrierId`, 'HOME', 1\n" +
        '         FROM `carrier_service_types` cst\n' +
        '         INNER JOIN `service_types` st ON st.`id` = cst.`serviceTypeId`\n' +
        "        WHERE st.`name` IN ('Evden Eve Nakliyat', '┼Şehir ─░├ği Ta┼ş─▒ma', '┼Şehirleraras─▒ Ta┼ş─▒ma')\n" +
        '          AND NOT EXISTS (\n' +
        '            SELECT 1\n' +
        '              FROM `carrier_load_type_capabilities` clc\n' +
        '             WHERE clc.`carrier_id` = cst.`carrierId`\n' +
        "               AND clc.`load_type` = 'HOME'\n" +
        '          )'
    }

    [0m [90m 27 |[39m       [36mawait[39m seedConverterVehicleRules()[33m;[39m
     [90m 28 |[39m     } [36mcatch[39m (err) {
    [31m[1m>[22m[39m[90m 29 |[39m       console[33m.[39mwarn([32m'ÔÜá´©Å  Converter test setup bootstrap failed\n'[39m[33m,[39m err)[33m;[39m
     [90m    |[39m               [31m[1m^[22m[39m
     [90m 30 |[39m     }
     [90m 31 |[39m   }
     [90m 32 |[39m }[33m,[39m [35m30000[39m)[33m;[39m[0m

      at Object.<anonymous> (src/__tests__/setup/setupTests.ts:29:15)

  console.error
    Test app unhandled error: SyntaxError: Unterminated string in JSON at position 13 (line 1 column 14)
        at JSON.parse (<anonymous>)
        at parse (C:\Users\pc\Desktop\tasiburada\node_modules\body-parser\lib\types\json.js:92:19)
        at C:\Users\pc\Desktop\tasiburada\node_modules\body-parser\lib\read.js:128:18
        at AsyncResource.runInAsyncScope (node:async_hooks:214:14)
        at invokeCallback (C:\Users\pc\Desktop\tasiburada\node_modules\raw-body\index.js:238:16)
        at done (C:\Users\pc\Desktop\tasiburada\node_modules\raw-body\index.js:227:7)
        at IncomingMessage.onEnd (C:\Users\pc\Desktop\tasiburada\node_modules\raw-body\index.js:287:7)
        at IncomingMessage.emit (node:events:519:28)
        at endReadableNT (node:internal/streams/readable:1698:12)
        at processTicksAndRejections (node:internal/process/task_queues:90:21) {
      expose: true,
      statusCode: 400,
      status: 400,
      body: '{"broken json',
      type: 'entity.parse.failed'
    }

    [0m [90m 76 |[39m       })[33m;[39m
     [90m 77 |[39m     }
    [31m[1m>[22m[39m[90m 78 |[39m     console[33m.[39merror([32m'Test app unhandled error:'[39m[33m,[39m err)[33m;[39m
     [90m    |[39m             [31m[1m^[22m[39m
     [90m 79 |[39m     [36mreturn[39m res[33m.[39mstatus([35m500[39m)[33m.[39mjson({ success[33m:[39m [36mfalse[39m[33m,[39m message[33m:[39m [32m'Sunucu hatas─▒ olu┼ştu.'[39m })[33m;[39m
     [90m 80 |[39m   })[33m;[39m
     [90m 81 |[39m[0m

      at src/__tests__/helpers/testApp.ts:78:13
      at Layer.handle_error (node_modules/express/lib/router/layer.js:71:5)
      at trim_prefix (node_modules/express/lib/router/index.js:326:13)
      at node_modules/express/lib/router/index.js:286:9
      at Function.process_params (node_modules/express/lib/router/index.js:346:12)
      at next (node_modules/express/lib/router/index.js:280:10)
      at Layer.handle_error (node_modules/express/lib/router/layer.js:67:12)
      at trim_prefix (node_modules/express/lib/router/index.js:326:13)
      at node_modules/express/lib/router/index.js:286:9
      at Function.process_params (node_modules/express/lib/router/index.js:346:12)
      at next (node_modules/express/lib/router/index.js:280:10)
      at Layer.handle_error (node_modules/express/lib/router/layer.js:67:12)
      at trim_prefix (node_modules/express/lib/router/index.js:326:13)
      at node_modules/express/lib/router/index.js:286:9
      at Function.process_params (node_modules/express/lib/router/index.js:346:12)
      at next (node_modules/express/lib/router/index.js:280:10)
      at Layer.handle_error (node_modules/express/lib/router/layer.js:67:12)
      at trim_prefix (node_modules/express/lib/router/index.js:326:13)
      at node_modules/express/lib/router/index.js:286:9
      at Function.process_params (node_modules/express/lib/router/index.js:346:12)
      at next (node_modules/express/lib/router/index.js:280:10)
      at node_modules/body-parser/lib/read.js:130:7
      at invokeCallback (node_modules/raw-body/index.js:238:16)
      at done (node_modules/raw-body/index.js:227:7)
      at IncomingMessage.onEnd (node_modules/raw-body/index.js:287:7)

PASS src/__tests__/auth-security.test.ts
  Auth & G├╝venlik Testleri
    ÔêÜ 1. Ge├ğersiz JWT token ile istek 401 d├Ânmeli (6 ms)
    ÔêÜ 2. Hatal─▒ bi├ğimli Authorization header ile istek 401 d├Ânmeli (5 ms)
    ÔêÜ 3. Token olmadan korumal─▒ endpointlere eri┼şilememeli (19 ms)
    ÔêÜ 4. Reset-password iste─şinde zorunlu alanlar eksikse 400 d├Ânmeli (8 ms
)
    ÔêÜ 5. Ge├ğersiz reset token ile ┼şifre s─▒f─▒rlamas─▒ reddedilmeli (7 ms)
    ÔêÜ 6. M├╝┼şteri token ile admin endpointine eri┼şilememeli (228 ms)
    ÔêÜ 7. Nakliyeci token ile m├╝┼şteri profil eri┼şimi engellenmeli (229 ms)
    ÔêÜ 8. SQL injection i├ğeren giri┼ş denemesi ba┼şar─▒s─▒z olmal─▒ (10 ms)
    ÔêÜ 9. XSS payload kay─▒t response body i├ğinde raw olarak yer almamal─▒ (2
19 ms)
    ÔêÜ 10. Upload path traversal denemesi reddedilmeli (6 ms)
    ÔêÜ 11. Var olmayan endpoint 404 d├Ânmeli (6 ms)
    ÔêÜ 12. Health check endpoint eri┼şilebilmeli (5 ms)
    ÔêÜ 13. Config/public endpoint token gerektirmemeli (8 ms)
    ÔêÜ 14. Check-email mevcut email i├ğin do─şru sonu├ğ d├Ânmeli (6 ms)
    ÔêÜ 15. Yanl─▒┼ş ┼şifre ile m├╝┼şteri giri┼şi 401 d├Ânmeli (216 ms)
  ┼Şifre Validasyonu Derinli─şi
    ÔêÜ Zay─▒f ┼şifre reddedilmeli: 7 karakter ÔÇö min 8 gerekli (6 ms)
    ÔêÜ Zay─▒f ┼şifre reddedilmeli: rakam yok (5 ms)
    ÔêÜ Zay─▒f ┼şifre reddedilmeli: sadece bo┼şluk (7 ms)
    ÔêÜ Zay─▒f ┼şifre reddedilmeli: bo┼ş ┼şifre (6 ms)
    ÔêÜ K├╝├ğ├╝k harf olmadan ama b├╝y├╝k+rakam ile ┼şifre kabul edilmeli (lowe
rcase zorunlu de─şil) (218 ms)
    ÔêÜ Ge├ğerli g├╝├ğl├╝ ┼şifre kabul edilmeli (215 ms)
  Token Manip├╝lasyon Sald─▒r─▒lar─▒
    ÔêÜ alg:none sald─▒r─▒s─▒ reddedilmeli (7 ms)
    ÔêÜ Ba┼şka kullan─▒c─▒n─▒n ID'siyle sahte token reddedilmeli (5 ms)
    ÔêÜ Bozuk exp ile token reddedilmeli (5 ms)
    ÔêÜ Bo┼ş Bearer de─şeri 401 d├Ânmeli (5 ms)
    ÔêÜ ├çift Bearer header 401 d├Ânmeli (6 ms)
  IDOR Sald─▒r─▒lar─▒
    ÔêÜ M├╝┼şteri2 m├╝┼şteri1'in ilan─▒na eri┼şimde 200 veya eri┼şim engeli alm
al─▒ (22 ms)
    ÔêÜ M├╝┼şteri ba┼şka birinin bildirimini okundu yapamamal─▒ (13 ms)
  Input Sanitization Derinli─şi
    ÔêÜ SQL injection payload login'de crash olu┼şturmamal─▒ (9 ms)
    ÔêÜ ├çok uzun input reddedilmeli veya kabul edilmeli (crash yok) (215 ms)
    ÔêÜ Null byte injection reddedilmeli (8 ms)
    ÔêÜ Unicode normalization sald─▒r─▒s─▒ crash olu┼şturmamal─▒ (9 ms)
  Rate Limiting & Health
    ÔêÜ Health endpoint ard─▒┼ş─▒k isteklere cevap vermeli (23 ms)
    ÔêÜ JSON parse hatas─▒ 400 d├Ânmeli (7 ms)

  console.log
    Ô£à DB connected ÔåÆ mysql://localhost:3306/tasiburada_dev

      at initializeDatabase (src/infrastructure/database/data-source.ts:71:13)

  console.log
    [4mMigration "CarrierCapabilityModel1778000000000" failed, error: Duplicate entry '4874bfff-27bc-4d4e-a29c-2cf88d271a9f-HOME' for key 'carrier_load_type_capabilities.UQ_carrier_load_type_capabilities_carrier_load_type'[24m

      at Function.log (src/platform/PlatformTools.ts:260:17)

  console.warn
    ÔÜá´©Å  Converter test setup bootstrap failed
     QueryFailedError: Duplicate entry '4874bfff-27bc-4d4e-a29c-2cf88d271a9f-HOME' for key 'carrier_load_type_capabilities.UQ_carrier_load_type_capabilities_carrier_load_type'
        at Query.onResult (C:\Users\pc\Desktop\tasiburada\src\driver\mysql\MysqlQueryRunner.ts:248:33)
        at Query.execute (C:\Users\pc\Desktop\tasiburada\node_modules\mysql2\lib\commands\command.js:36:14)
        at PoolConnection.handlePacket (C:\Users\pc\Desktop\tasiburada\node_modules\mysql2\lib\base\connection.js:477:34)
        at PacketParser.onPacket (C:\Users\pc\Desktop\tasiburada\node_modules\mysql2\lib\base\connection.js:93:12)
        at PacketParser.executeStart (C:\Users\pc\Desktop\tasiburada\node_modules\mysql2\lib\packet_parser.js:75:16)
        at Socket.<anonymous> (C:\Users\pc\Desktop\tasiburada\node_modules\mysql2\lib\base\connection.js:100:25)
        at Socket.emit (node:events:519:28)
        at addChunk (node:internal/streams/readable:561:12)
        at readableAddChunkPushByteMode (node:internal/streams/readable:512:3)
        at Socket.Readable.push (node:internal/streams/readable:392:5)
        at TCP.onStreamRead (node:internal/stream_base_commons:189:23)
        at TCP.callbackTrampoline (node:internal/async_hooks:130:17) {
      query: 'INSERT INTO `carrier_load_type_capabilities` (`id`, `carrier_id`, `load_type`, `is_active`)\n' +
        "       SELECT UUID(), cst.`carrierId`, 'HOME', 1\n" +
        '         FROM `carrier_service_types` cst\n' +
        '         INNER JOIN `service_types` st ON st.`id` = cst.`serviceTypeId`\n' +
        "        WHERE st.`name` IN ('Evden Eve Nakliyat', '┼Şehir ─░├ği Ta┼ş─▒ma', '┼Şehirleraras─▒ Ta┼ş─▒ma')\n" +
        '          AND NOT EXISTS (\n' +
        '            SELECT 1\n' +
        '              FROM `carrier_load_type_capabilities` clc\n' +
        '             WHERE clc.`carrier_id` = cst.`carrierId`\n' +
        "               AND clc.`load_type` = 'HOME'\n" +
        '          )',
      parameters: undefined,
      driverError: Error: Duplicate entry '4874bfff-27bc-4d4e-a29c-2cf88d271a9f-HOME' for key 'carrier_load_type_capabilities.UQ_carrier_load_type_capabilities_carrier_load_type'
          at Packet.asError (C:\Users\pc\Desktop\tasiburada\node_modules\mysql2\lib\packets\packet.js:740:17)
          at Query.execute (C:\Users\pc\Desktop\tasiburada\node_modules\mysql2\lib\commands\command.js:29:26)
          at PoolConnection.handlePacket (C:\Users\pc\Desktop\tasiburada\node_modules\mysql2\lib\base\connection.js:477:34)
          at PacketParser.onPacket (C:\Users\pc\Desktop\tasiburada\node_modules\mysql2\lib\base\connection.js:93:12)
          at PacketParser.executeStart (C:\Users\pc\Desktop\tasiburada\node_modules\mysql2\lib\packet_parser.js:75:16)
          at Socket.<anonymous> (C:\Users\pc\Desktop\tasiburada\node_modules\mysql2\lib\base\connection.js:100:25)
          at Socket.emit (node:events:519:28)
          at addChunk (node:internal/streams/readable:561:12)
          at readableAddChunkPushByteMode (node:internal/streams/readable:512:3)
          at Socket.Readable.push (node:internal/streams/readable:392:5)
          at TCP.onStreamRead (node:internal/stream_base_commons:189:23)
          at TCP.callbackTrampoline (node:internal/async_hooks:130:17) {
        code: 'ER_DUP_ENTRY',
        errno: 1062,
        sqlState: '23000',
        sqlMessage: "Duplicate entry '4874bfff-27bc-4d4e-a29c-2cf88d271a9f-HOME' for key 'carrier_load_type_capabilities.UQ_carrier_load_type_capabilities_carrier_load_type'",
        sql: 'INSERT INTO `carrier_load_type_capabilities` (`id`, `carrier_id`, `load_type`, `is_active`)\n' +
          "       SELECT UUID(), cst.`carrierId`, 'HOME', 1\n" +
          '         FROM `carrier_service_types` cst\n' +
          '         INNER JOIN `service_types` st ON st.`id` = cst.`serviceTypeId`\n' +
          "        WHERE st.`name` IN ('Evden Eve Nakliyat', '┼Şehir ─░├ği Ta┼ş─▒ma', '┼Şehirleraras─▒ Ta┼ş─▒ma')\n" +
          '          AND NOT EXISTS (\n' +
          '            SELECT 1\n' +
          '              FROM `carrier_load_type_capabilities` clc\n' +
          '             WHERE clc.`carrier_id` = cst.`carrierId`\n' +
          "               AND clc.`load_type` = 'HOME'\n" +
          '          )'
      },
      code: 'ER_DUP_ENTRY',
      errno: 1062,
      sqlState: '23000',
      sqlMessage: "Duplicate entry '4874bfff-27bc-4d4e-a29c-2cf88d271a9f-HOME' for key 'carrier_load_type_capabilities.UQ_carrier_load_type_capabilities_carrier_load_type'",
      sql: 'INSERT INTO `carrier_load_type_capabilities` (`id`, `carrier_id`, `load_type`, `is_active`)\n' +
        "       SELECT UUID(), cst.`carrierId`, 'HOME', 1\n" +
        '         FROM `carrier_service_types` cst\n' +
        '         INNER JOIN `service_types` st ON st.`id` = cst.`serviceTypeId`\n' +
        "        WHERE st.`name` IN ('Evden Eve Nakliyat', '┼Şehir ─░├ği Ta┼ş─▒ma', '┼Şehirleraras─▒ Ta┼ş─▒ma')\n" +
        '          AND NOT EXISTS (\n' +
        '            SELECT 1\n' +
        '              FROM `carrier_load_type_capabilities` clc\n' +
        '             WHERE clc.`carrier_id` = cst.`carrierId`\n' +
        "               AND clc.`load_type` = 'HOME'\n" +
        '          )'
    }

    [0m [90m 27 |[39m       [36mawait[39m seedConverterVehicleRules()[33m;[39m
     [90m 28 |[39m     } [36mcatch[39m (err) {
    [31m[1m>[22m[39m[90m 29 |[39m       console[33m.[39mwarn([32m'ÔÜá´©Å  Converter test setup bootstrap failed\n'[39m[33m,[39m err)[33m;[39m
     [90m    |[39m               [31m[1m^[22m[39m
     [90m 30 |[39m     }
     [90m 31 |[39m   }
     [90m 32 |[39m }[33m,[39m [35m30000[39m)[33m;[39m[0m

      at Object.<anonymous> (src/__tests__/setup/setupTests.ts:29:15)

  console.log
    Getting profile data for carrierId: 60e0c7ce-8bc6-4cfe-8627-9afee17169da

      at CarrierProfileStatusService.updateProfileCompletion (src/application/services/carrier/CarrierProfileStatusService.ts:95:15)

  console.log
    Profile data loaded successfully

      at CarrierProfileStatusService.updateProfileCompletion (src/application/services/carrier/CarrierProfileStatusService.ts:120:15)

  console.log
    Getting profile data for carrierId: 60e0c7ce-8bc6-4cfe-8627-9afee17169da

      at CarrierProfileStatusService.updateProfileCompletion (src/application/services/carrier/CarrierProfileStatusService.ts:95:15)

  console.log
    Profile data loaded successfully

      at CarrierProfileStatusService.updateProfileCompletion (src/application/services/carrier/CarrierProfileStatusService.ts:120:15)

  console.log
    Getting dashboard stats for carrierId: 60e0c7ce-8bc6-4cfe-8627-9afee17169da

      at CarrierDashboardController.getStats (src/presentation/controllers/CarrierDashboardController.ts:34:21)

  console.log
    Getting dashboard stats for carrierId: 60e0c7ce-8bc6-4cfe-8627-9afee17169da

      at CarrierDashboardService.getDashboardStats (src/application/services/CarrierDashboardService.ts:23:21)

  console.log
    Getting profile data for carrierId: 60e0c7ce-8bc6-4cfe-8627-9afee17169da

      at CarrierProfileStatusService.updateProfileCompletion (src/application/services/carrier/CarrierProfileStatusService.ts:95:15)

  console.log
    Profile data loaded successfully

      at CarrierProfileStatusService.updateProfileCompletion (src/application/services/carrier/CarrierProfileStatusService.ts:120:15)

  console.log
    Getting profile data for carrierId: 60e0c7ce-8bc6-4cfe-8627-9afee17169da

      at CarrierProfileStatusService.updateProfileCompletion (src/application/services/carrier/CarrierProfileStatusService.ts:95:15)

  console.log
    Profile data loaded successfully

      at CarrierProfileStatusService.updateProfileCompletion (src/application/services/carrier/CarrierProfileStatusService.ts:120:15)

  console.log
    Getting profile data for carrierId: 60e0c7ce-8bc6-4cfe-8627-9afee17169da

      at CarrierProfileStatusService.updateProfileCompletion (src/application/services/carrier/CarrierProfileStatusService.ts:95:15)

  console.log
    Profile data loaded successfully

      at CarrierProfileStatusService.updateProfileCompletion (src/application/services/carrier/CarrierProfileStatusService.ts:120:15)

PASS src/__tests__/carrier-flow.test.ts
  Nakliyeci Ak─▒┼ş─▒ ÔÇö U├ğtan Uca
    ÔêÜ 1. Seed nakliyeci giri┼ş yapabilmeli (233 ms)
    ÔêÜ 2. Nakliyeci kendi profilini g├Ârebilmeli (32 ms)
    ÔêÜ 3. Nakliyeci profil durumunu kontrol edebilmeli (18 ms)
    ÔêÜ 4. Nakliyeci istatistiklerini g├Ârebilmeli (12 ms)
    ÔêÜ 5. Nakliyeci bekleyen ilanlar─▒ g├Ârebilmeli (42 ms)
    ÔêÜ 6. Nakliyeci kendi tekliflerini g├Ârebilmeli (26 ms)
    ÔêÜ 7. Kazan├ğ ge├ğmi┼şi endpoint ├ğal─▒┼şmal─▒ (8 ms)
    ÔêÜ 8. Nakliyeci faaliyet bilgilerini g├Ârebilmeli (8 ms)
    ÔêÜ 9. Nakliyeci davetlerini g├Ârebilmeli (9 ms)
    ÔêÜ 10. Nakliyeci kendi de─şerlendirmelerini g├Ârebilmeli (8 ms)
    ÔêÜ 11. Nakliyeci arama endpoint eri┼şilebilmeli (17 ms)
    ÔêÜ 12. M├╝saitlik ├Âzeti endpoint eri┼şilebilmeli (6 ms)
    ÔêÜ 13. Token olmadan /carriers/me eri┼şilememeli (5 ms)
    ÔêÜ 14. Token olmadan teklif olu┼şturulamamal─▒ (7 ms)
    ÔêÜ 15. M├╝┼şteri e-postas─▒ ile nakliyeci giri┼şi 403 d├Ânmeli (8 ms)
  Teklif Verme ÔÇö Validasyon
    ÔêÜ 0 fiyatla teklif reddedilmeli
    ÔêÜ Negatif fiyatla teklif reddedilmeli
    ÔêÜ Var olmayan ilana teklif verilemez (18 ms)
    ÔêÜ shipmentId olmadan teklif verilemez (16 ms)
    ÔêÜ price string olarak g├Ânderilince hata d├Ânmeli
  Profil ÔÇö Response G├╝venlik Kontrol├╝
    ÔêÜ Carrier /me hassas alanlar i├ğermemeli (20 ms)
    ÔêÜ Carrier login response hassas alanlar i├ğermemeli (222 ms)
  Nakliyeci Arama ÔÇö Filtreler
    ÔêÜ ┼Şehire g├Âre filtreleyebilmeli (11 ms)
    ÔêÜ Minimum puana g├Âre filtreleyebilmeli (13 ms)
    ÔêÜ Sadece onayl─▒ nakliyecileri filtreleyebilmeli (14 ms)
    ÔêÜ Sayfalama ├ğal─▒┼şmal─▒ (23 ms)
    ÔêÜ Arama sonu├ğlar─▒nda email gizlenmeli (16 ms)
    ÔêÜ Arama sonu├ğlar─▒nda rating alan─▒ olmal─▒ (17 ms)
  Nakliyeci Detay ÔÇö Public
    ÔêÜ Nakliyeci detay sayfas─▒ public eri┼şilebilmeli (26 ms)
    ÔêÜ Var olmayan nakliyeci detay─▒ 404 d├Ânmeli (6 ms)
    ÔêÜ Nakliyeciye ait de─şerlendirmeler public g├Âr├╝nt├╝lenebilmeli (8 ms)

  console.log
    Ô£à DB connected ÔåÆ mysql://localhost:3306/tasiburada_dev

      at initializeDatabase (src/infrastructure/database/data-source.ts:71:13)

  console.log
    [4mMigration "CarrierCapabilityModel1778000000000" failed, error: Duplicate entry '4874bfff-27bc-4d4e-a29c-2cf88d271a9f-HOME' for key 'carrier_load_type_capabilities.UQ_carrier_load_type_capabilities_carrier_load_type'[24m

      at Function.log (src/platform/PlatformTools.ts:260:17)

  console.warn
    ÔÜá´©Å  Converter test setup bootstrap failed
     QueryFailedError: Duplicate entry '4874bfff-27bc-4d4e-a29c-2cf88d271a9f-HOME' for key 'carrier_load_type_capabilities.UQ_carrier_load_type_capabilities_carrier_load_type'
        at Query.onResult (C:\Users\pc\Desktop\tasiburada\src\driver\mysql\MysqlQueryRunner.ts:248:33)
        at Query.execute (C:\Users\pc\Desktop\tasiburada\node_modules\mysql2\lib\commands\command.js:36:14)
        at PoolConnection.handlePacket (C:\Users\pc\Desktop\tasiburada\node_modules\mysql2\lib\base\connection.js:477:34)
        at PacketParser.onPacket (C:\Users\pc\Desktop\tasiburada\node_modules\mysql2\lib\base\connection.js:93:12)
        at PacketParser.executeStart (C:\Users\pc\Desktop\tasiburada\node_modules\mysql2\lib\packet_parser.js:75:16)
        at Socket.<anonymous> (C:\Users\pc\Desktop\tasiburada\node_modules\mysql2\lib\base\connection.js:100:25)
        at Socket.emit (node:events:519:28)
        at addChunk (node:internal/streams/readable:561:12)
        at readableAddChunkPushByteMode (node:internal/streams/readable:512:3)
        at Socket.Readable.push (node:internal/streams/readable:392:5)
        at TCP.onStreamRead (node:internal/stream_base_commons:189:23)
        at TCP.callbackTrampoline (node:internal/async_hooks:130:17) {
      query: 'INSERT INTO `carrier_load_type_capabilities` (`id`, `carrier_id`, `load_type`, `is_active`)\n' +
        "       SELECT UUID(), cst.`carrierId`, 'HOME', 1\n" +
        '         FROM `carrier_service_types` cst\n' +
        '         INNER JOIN `service_types` st ON st.`id` = cst.`serviceTypeId`\n' +
        "        WHERE st.`name` IN ('Evden Eve Nakliyat', '┼Şehir ─░├ği Ta┼ş─▒ma', '┼Şehirleraras─▒ Ta┼ş─▒ma')\n" +
        '          AND NOT EXISTS (\n' +
        '            SELECT 1\n' +
        '              FROM `carrier_load_type_capabilities` clc\n' +
        '             WHERE clc.`carrier_id` = cst.`carrierId`\n' +
        "               AND clc.`load_type` = 'HOME'\n" +
        '          )',
      parameters: undefined,
      driverError: Error: Duplicate entry '4874bfff-27bc-4d4e-a29c-2cf88d271a9f-HOME' for key 'carrier_load_type_capabilities.UQ_carrier_load_type_capabilities_carrier_load_type'
          at Packet.asError (C:\Users\pc\Desktop\tasiburada\node_modules\mysql2\lib\packets\packet.js:740:17)
          at Query.execute (C:\Users\pc\Desktop\tasiburada\node_modules\mysql2\lib\commands\command.js:29:26)
          at PoolConnection.handlePacket (C:\Users\pc\Desktop\tasiburada\node_modules\mysql2\lib\base\connection.js:477:34)
          at PacketParser.onPacket (C:\Users\pc\Desktop\tasiburada\node_modules\mysql2\lib\base\connection.js:93:12)
          at PacketParser.executeStart (C:\Users\pc\Desktop\tasiburada\node_modules\mysql2\lib\packet_parser.js:75:16)
          at Socket.<anonymous> (C:\Users\pc\Desktop\tasiburada\node_modules\mysql2\lib\base\connection.js:100:25)
          at Socket.emit (node:events:519:28)
          at addChunk (node:internal/streams/readable:561:12)
          at readableAddChunkPushByteMode (node:internal/streams/readable:512:3)
          at Socket.Readable.push (node:internal/streams/readable:392:5)
          at TCP.onStreamRead (node:internal/stream_base_commons:189:23)
          at TCP.callbackTrampoline (node:internal/async_hooks:130:17) {
        code: 'ER_DUP_ENTRY',
        errno: 1062,
        sqlState: '23000',
        sqlMessage: "Duplicate entry '4874bfff-27bc-4d4e-a29c-2cf88d271a9f-HOME' for key 'carrier_load_type_capabilities.UQ_carrier_load_type_capabilities_carrier_load_type'",
        sql: 'INSERT INTO `carrier_load_type_capabilities` (`id`, `carrier_id`, `load_type`, `is_active`)\n' +
          "       SELECT UUID(), cst.`carrierId`, 'HOME', 1\n" +
          '         FROM `carrier_service_types` cst\n' +
          '         INNER JOIN `service_types` st ON st.`id` = cst.`serviceTypeId`\n' +
          "        WHERE st.`name` IN ('Evden Eve Nakliyat', '┼Şehir ─░├ği Ta┼ş─▒ma', '┼Şehirleraras─▒ Ta┼ş─▒ma')\n" +
          '          AND NOT EXISTS (\n' +
          '            SELECT 1\n' +
          '              FROM `carrier_load_type_capabilities` clc\n' +
          '             WHERE clc.`carrier_id` = cst.`carrierId`\n' +
          "               AND clc.`load_type` = 'HOME'\n" +
          '          )'
      },
      code: 'ER_DUP_ENTRY',
      errno: 1062,
      sqlState: '23000',
      sqlMessage: "Duplicate entry '4874bfff-27bc-4d4e-a29c-2cf88d271a9f-HOME' for key 'carrier_load_type_capabilities.UQ_carrier_load_type_capabilities_carrier_load_type'",
      sql: 'INSERT INTO `carrier_load_type_capabilities` (`id`, `carrier_id`, `load_type`, `is_active`)\n' +
        "       SELECT UUID(), cst.`carrierId`, 'HOME', 1\n" +
        '         FROM `carrier_service_types` cst\n' +
        '         INNER JOIN `service_types` st ON st.`id` = cst.`serviceTypeId`\n' +
        "        WHERE st.`name` IN ('Evden Eve Nakliyat', '┼Şehir ─░├ği Ta┼ş─▒ma', '┼Şehirleraras─▒ Ta┼ş─▒ma')\n" +
        '          AND NOT EXISTS (\n' +
        '            SELECT 1\n' +
        '              FROM `carrier_load_type_capabilities` clc\n' +
        '             WHERE clc.`carrier_id` = cst.`carrierId`\n' +
        "               AND clc.`load_type` = 'HOME'\n" +
        '          )'
    }

    [0m [90m 27 |[39m       [36mawait[39m seedConverterVehicleRules()[33m;[39m
     [90m 28 |[39m     } [36mcatch[39m (err) {
    [31m[1m>[22m[39m[90m 29 |[39m       console[33m.[39mwarn([32m'ÔÜá´©Å  Converter test setup bootstrap failed\n'[39m[33m,[39m err)[33m;[39m
     [90m    |[39m               [31m[1m^[22m[39m
     [90m 30 |[39m     }
     [90m 31 |[39m   }
     [90m 32 |[39m }[33m,[39m [35m30000[39m)[33m;[39m[0m

      at Object.<anonymous> (src/__tests__/setup/setupTests.ts:29:15)

PASS src/__tests__/converter-api-flow.test.ts
  Converter API Flow
    ÔêÜ 1. Auth olmadan session create engellenmeli (6 ms)
    ÔêÜ 2. Auth ile session create ba┼şar─▒l─▒ olmal─▒ (12 ms)
    ÔêÜ 3. Estimate ├Âncesi result endpoint answer/result null d├Ânebilmeli (10
 ms)
    ÔêÜ 3.1 Estimate ├Âncesi shipment GET converter alan─▒n─▒ null d├Ânebilmeli
 (36 ms)
    ÔêÜ 4. Ge├ğersiz estimate payload validationdan d├╝┼şmeli (10 ms)
    ÔêÜ 5. Estimate ba┼şar─▒l─▒ olmal─▒ ve sonu├ğ persist edilmeli (50 ms)
    ÔêÜ 6. Estimate sonras─▒ result okunabilmeli (14 ms)
    ÔêÜ 7. Ba┼şka kullan─▒c─▒n─▒n session sonucu okunamamal─▒ (13 ms)
    ÔêÜ 8. Olmayan session do─şru hata d├Ânmeli (13 ms)
    ÔêÜ 9. Estimate sonucu own shipmenta apply edilebilmeli ve persist edilmeli
 (75 ms)
    ÔêÜ 10. Ayni shipmenta ikinci apply guvenli no-op donmeli (20 ms)
    ÔêÜ 10.1 Ayni session baska own shipmente apply edilememeli (49 ms)
    ÔêÜ 10.2 Estimate olmadan apply engellenmeli (69 ms)
    ÔêÜ 10.3 Editlenemez shipment durumunda apply engellenmeli (107 ms)
    ÔêÜ 11. Baska kullanicinin shipmentina apply edilememeli (56 ms)
    ÔêÜ 12. Olmayan session apply icin 404 donmeli (18 ms)

  console.log
    Ô£à DB connected ÔåÆ mysql://localhost:3306/tasiburada_dev

      at initializeDatabase (src/infrastructure/database/data-source.ts:71:13)

  console.log
    [4mMigration "CarrierCapabilityModel1778000000000" failed, error: Duplicate entry '4874bfff-27bc-4d4e-a29c-2cf88d271a9f-HOME' for key 'carrier_load_type_capabilities.UQ_carrier_load_type_capabilities_carrier_load_type'[24m

      at Function.log (src/platform/PlatformTools.ts:260:17)

  console.warn
    ÔÜá´©Å  Converter test setup bootstrap failed
     QueryFailedError: Duplicate entry '4874bfff-27bc-4d4e-a29c-2cf88d271a9f-HOME' for key 'carrier_load_type_capabilities.UQ_carrier_load_type_capabilities_carrier_load_type'
        at Query.onResult (C:\Users\pc\Desktop\tasiburada\src\driver\mysql\MysqlQueryRunner.ts:248:33)
        at Query.execute (C:\Users\pc\Desktop\tasiburada\node_modules\mysql2\lib\commands\command.js:36:14)
        at PoolConnection.handlePacket (C:\Users\pc\Desktop\tasiburada\node_modules\mysql2\lib\base\connection.js:477:34)
        at PacketParser.onPacket (C:\Users\pc\Desktop\tasiburada\node_modules\mysql2\lib\base\connection.js:93:12)
        at PacketParser.executeStart (C:\Users\pc\Desktop\tasiburada\node_modules\mysql2\lib\packet_parser.js:75:16)
        at Socket.<anonymous> (C:\Users\pc\Desktop\tasiburada\node_modules\mysql2\lib\base\connection.js:100:25)
        at Socket.emit (node:events:519:28)
        at addChunk (node:internal/streams/readable:561:12)
        at readableAddChunkPushByteMode (node:internal/streams/readable:512:3)
        at Socket.Readable.push (node:internal/streams/readable:392:5)
        at TCP.onStreamRead (node:internal/stream_base_commons:189:23)
        at TCP.callbackTrampoline (node:internal/async_hooks:130:17) {
      query: 'INSERT INTO `carrier_load_type_capabilities` (`id`, `carrier_id`, `load_type`, `is_active`)\n' +
        "       SELECT UUID(), cst.`carrierId`, 'HOME', 1\n" +
        '         FROM `carrier_service_types` cst\n' +
        '         INNER JOIN `service_types` st ON st.`id` = cst.`serviceTypeId`\n' +
        "        WHERE st.`name` IN ('Evden Eve Nakliyat', '┼Şehir ─░├ği Ta┼ş─▒ma', '┼Şehirleraras─▒ Ta┼ş─▒ma')\n" +
        '          AND NOT EXISTS (\n' +
        '            SELECT 1\n' +
        '              FROM `carrier_load_type_capabilities` clc\n' +
        '             WHERE clc.`carrier_id` = cst.`carrierId`\n' +
        "               AND clc.`load_type` = 'HOME'\n" +
        '          )',
      parameters: undefined,
      driverError: Error: Duplicate entry '4874bfff-27bc-4d4e-a29c-2cf88d271a9f-HOME' for key 'carrier_load_type_capabilities.UQ_carrier_load_type_capabilities_carrier_load_type'
          at Packet.asError (C:\Users\pc\Desktop\tasiburada\node_modules\mysql2\lib\packets\packet.js:740:17)
          at Query.execute (C:\Users\pc\Desktop\tasiburada\node_modules\mysql2\lib\commands\command.js:29:26)
          at PoolConnection.handlePacket (C:\Users\pc\Desktop\tasiburada\node_modules\mysql2\lib\base\connection.js:477:34)
          at PacketParser.onPacket (C:\Users\pc\Desktop\tasiburada\node_modules\mysql2\lib\base\connection.js:93:12)
          at PacketParser.executeStart (C:\Users\pc\Desktop\tasiburada\node_modules\mysql2\lib\packet_parser.js:75:16)
          at Socket.<anonymous> (C:\Users\pc\Desktop\tasiburada\node_modules\mysql2\lib\base\connection.js:100:25)
          at Socket.emit (node:events:519:28)
          at addChunk (node:internal/streams/readable:561:12)
          at readableAddChunkPushByteMode (node:internal/streams/readable:512:3)
          at Socket.Readable.push (node:internal/streams/readable:392:5)
          at TCP.onStreamRead (node:internal/stream_base_commons:189:23)
          at TCP.callbackTrampoline (node:internal/async_hooks:130:17) {
        code: 'ER_DUP_ENTRY',
        errno: 1062,
        sqlState: '23000',
        sqlMessage: "Duplicate entry '4874bfff-27bc-4d4e-a29c-2cf88d271a9f-HOME' for key 'carrier_load_type_capabilities.UQ_carrier_load_type_capabilities_carrier_load_type'",
        sql: 'INSERT INTO `carrier_load_type_capabilities` (`id`, `carrier_id`, `load_type`, `is_active`)\n' +
          "       SELECT UUID(), cst.`carrierId`, 'HOME', 1\n" +
          '         FROM `carrier_service_types` cst\n' +
          '         INNER JOIN `service_types` st ON st.`id` = cst.`serviceTypeId`\n' +
          "        WHERE st.`name` IN ('Evden Eve Nakliyat', '┼Şehir ─░├ği Ta┼ş─▒ma', '┼Şehirleraras─▒ Ta┼ş─▒ma')\n" +
          '          AND NOT EXISTS (\n' +
          '            SELECT 1\n' +
          '              FROM `carrier_load_type_capabilities` clc\n' +
          '             WHERE clc.`carrier_id` = cst.`carrierId`\n' +
          "               AND clc.`load_type` = 'HOME'\n" +
          '          )'
      },
      code: 'ER_DUP_ENTRY',
      errno: 1062,
      sqlState: '23000',
      sqlMessage: "Duplicate entry '4874bfff-27bc-4d4e-a29c-2cf88d271a9f-HOME' for key 'carrier_load_type_capabilities.UQ_carrier_load_type_capabilities_carrier_load_type'",
      sql: 'INSERT INTO `carrier_load_type_capabilities` (`id`, `carrier_id`, `load_type`, `is_active`)\n' +
        "       SELECT UUID(), cst.`carrierId`, 'HOME', 1\n" +
        '         FROM `carrier_service_types` cst\n' +
        '         INNER JOIN `service_types` st ON st.`id` = cst.`serviceTypeId`\n' +
        "        WHERE st.`name` IN ('Evden Eve Nakliyat', '┼Şehir ─░├ği Ta┼ş─▒ma', '┼Şehirleraras─▒ Ta┼ş─▒ma')\n" +
        '          AND NOT EXISTS (\n' +
        '            SELECT 1\n' +
        '              FROM `carrier_load_type_capabilities` clc\n' +
        '             WHERE clc.`carrier_id` = cst.`carrierId`\n' +
        "               AND clc.`load_type` = 'HOME'\n" +
        '          )'
    }

    [0m [90m 27 |[39m       [36mawait[39m seedConverterVehicleRules()[33m;[39m
     [90m 28 |[39m     } [36mcatch[39m (err) {
    [31m[1m>[22m[39m[90m 29 |[39m       console[33m.[39mwarn([32m'ÔÜá´©Å  Converter test setup bootstrap failed\n'[39m[33m,[39m err)[33m;[39m
     [90m    |[39m               [31m[1m^[22m[39m
     [90m 30 |[39m     }
     [90m 31 |[39m   }
     [90m 32 |[39m }[33m,[39m [35m30000[39m)[33m;[39m[0m

      at Object.<anonymous> (src/__tests__/setup/setupTests.ts:29:15)

  console.log
    Getting profile data for carrierId: 60e0c7ce-8bc6-4cfe-8627-9afee17169da

      at CarrierProfileStatusService.updateProfileCompletion (src/application/services/carrier/CarrierProfileStatusService.ts:95:15)

  console.log
    Profile data loaded successfully

      at CarrierProfileStatusService.updateProfileCompletion (src/application/services/carrier/CarrierProfileStatusService.ts:120:15)

PASS src/__tests__/extra-service-applicability.test.ts
  extra service applicability
    ÔêÜ HOME loadType servisleri dogru geliyor (10 ms)
    ÔêÜ OFFICE loadType servisleri dogru geliyor (6 ms)
    ÔêÜ loadType degisince frontend helper eski servisleri temizliyor (1 ms)
    ÔêÜ converter suggestedExtraServiceIds sadece gecerli loadType servislerind
en geliyor (27 ms)
    ÔêÜ shipment create OFFICE loadType icin gecersiz extra service secimini re
ddeder (237 ms)
    ÔêÜ carrier capability yoksa teklif veremez (505 ms)

  console.log
    Ô£à DB connected ÔåÆ mysql://localhost:3306/tasiburada_dev

      at initializeDatabase (src/infrastructure/database/data-source.ts:71:13)

  console.log
    [4mMigration "CarrierCapabilityModel1778000000000" failed, error: Duplicate entry '4874bfff-27bc-4d4e-a29c-2cf88d271a9f-HOME' for key 'carrier_load_type_capabilities.UQ_carrier_load_type_capabilities_carrier_load_type'[24m

      at Function.log (src/platform/PlatformTools.ts:260:17)

  console.warn
    ÔÜá´©Å  Converter test setup bootstrap failed
     QueryFailedError: Duplicate entry '4874bfff-27bc-4d4e-a29c-2cf88d271a9f-HOME' for key 'carrier_load_type_capabilities.UQ_carrier_load_type_capabilities_carrier_load_type'
        at Query.onResult (C:\Users\pc\Desktop\tasiburada\src\driver\mysql\MysqlQueryRunner.ts:248:33)
        at Query.execute (C:\Users\pc\Desktop\tasiburada\node_modules\mysql2\lib\commands\command.js:36:14)
        at PoolConnection.handlePacket (C:\Users\pc\Desktop\tasiburada\node_modules\mysql2\lib\base\connection.js:477:34)
        at PacketParser.onPacket (C:\Users\pc\Desktop\tasiburada\node_modules\mysql2\lib\base\connection.js:93:12)
        at PacketParser.executeStart (C:\Users\pc\Desktop\tasiburada\node_modules\mysql2\lib\packet_parser.js:75:16)
        at Socket.<anonymous> (C:\Users\pc\Desktop\tasiburada\node_modules\mysql2\lib\base\connection.js:100:25)
        at Socket.emit (node:events:519:28)
        at addChunk (node:internal/streams/readable:561:12)
        at readableAddChunkPushByteMode (node:internal/streams/readable:512:3)
        at Socket.Readable.push (node:internal/streams/readable:392:5)
        at TCP.onStreamRead (node:internal/stream_base_commons:189:23)
        at TCP.callbackTrampoline (node:internal/async_hooks:130:17) {
      query: 'INSERT INTO `carrier_load_type_capabilities` (`id`, `carrier_id`, `load_type`, `is_active`)\n' +
        "       SELECT UUID(), cst.`carrierId`, 'HOME', 1\n" +
        '         FROM `carrier_service_types` cst\n' +
        '         INNER JOIN `service_types` st ON st.`id` = cst.`serviceTypeId`\n' +
        "        WHERE st.`name` IN ('Evden Eve Nakliyat', '┼Şehir ─░├ği Ta┼ş─▒ma', '┼Şehirleraras─▒ Ta┼ş─▒ma')\n" +
        '          AND NOT EXISTS (\n' +
        '            SELECT 1\n' +
        '              FROM `carrier_load_type_capabilities` clc\n' +
        '             WHERE clc.`carrier_id` = cst.`carrierId`\n' +
        "               AND clc.`load_type` = 'HOME'\n" +
        '          )',
      parameters: undefined,
      driverError: Error: Duplicate entry '4874bfff-27bc-4d4e-a29c-2cf88d271a9f-HOME' for key 'carrier_load_type_capabilities.UQ_carrier_load_type_capabilities_carrier_load_type'
          at Packet.asError (C:\Users\pc\Desktop\tasiburada\node_modules\mysql2\lib\packets\packet.js:740:17)
          at Query.execute (C:\Users\pc\Desktop\tasiburada\node_modules\mysql2\lib\commands\command.js:29:26)
          at PoolConnection.handlePacket (C:\Users\pc\Desktop\tasiburada\node_modules\mysql2\lib\base\connection.js:477:34)
          at PacketParser.onPacket (C:\Users\pc\Desktop\tasiburada\node_modules\mysql2\lib\base\connection.js:93:12)
          at PacketParser.executeStart (C:\Users\pc\Desktop\tasiburada\node_modules\mysql2\lib\packet_parser.js:75:16)
          at Socket.<anonymous> (C:\Users\pc\Desktop\tasiburada\node_modules\mysql2\lib\base\connection.js:100:25)
          at Socket.emit (node:events:519:28)
          at addChunk (node:internal/streams/readable:561:12)
          at readableAddChunkPushByteMode (node:internal/streams/readable:512:3)
          at Socket.Readable.push (node:internal/streams/readable:392:5)
          at TCP.onStreamRead (node:internal/stream_base_commons:189:23)
          at TCP.callbackTrampoline (node:internal/async_hooks:130:17) {
        code: 'ER_DUP_ENTRY',
        errno: 1062,
        sqlState: '23000',
        sqlMessage: "Duplicate entry '4874bfff-27bc-4d4e-a29c-2cf88d271a9f-HOME' for key 'carrier_load_type_capabilities.UQ_carrier_load_type_capabilities_carrier_load_type'",
        sql: 'INSERT INTO `carrier_load_type_capabilities` (`id`, `carrier_id`, `load_type`, `is_active`)\n' +
          "       SELECT UUID(), cst.`carrierId`, 'HOME', 1\n" +
          '         FROM `carrier_service_types` cst\n' +
          '         INNER JOIN `service_types` st ON st.`id` = cst.`serviceTypeId`\n' +
          "        WHERE st.`name` IN ('Evden Eve Nakliyat', '┼Şehir ─░├ği Ta┼ş─▒ma', '┼Şehirleraras─▒ Ta┼ş─▒ma')\n" +
          '          AND NOT EXISTS (\n' +
          '            SELECT 1\n' +
          '              FROM `carrier_load_type_capabilities` clc\n' +
          '             WHERE clc.`carrier_id` = cst.`carrierId`\n' +
          "               AND clc.`load_type` = 'HOME'\n" +
          '          )'
      },
      code: 'ER_DUP_ENTRY',
      errno: 1062,
      sqlState: '23000',
      sqlMessage: "Duplicate entry '4874bfff-27bc-4d4e-a29c-2cf88d271a9f-HOME' for key 'carrier_load_type_capabilities.UQ_carrier_load_type_capabilities_carrier_load_type'",
      sql: 'INSERT INTO `carrier_load_type_capabilities` (`id`, `carrier_id`, `load_type`, `is_active`)\n' +
        "       SELECT UUID(), cst.`carrierId`, 'HOME', 1\n" +
        '         FROM `carrier_service_types` cst\n' +
        '         INNER JOIN `service_types` st ON st.`id` = cst.`serviceTypeId`\n' +
        "        WHERE st.`name` IN ('Evden Eve Nakliyat', '┼Şehir ─░├ği Ta┼ş─▒ma', '┼Şehirleraras─▒ Ta┼ş─▒ma')\n" +
        '          AND NOT EXISTS (\n' +
        '            SELECT 1\n' +
        '              FROM `carrier_load_type_capabilities` clc\n' +
        '             WHERE clc.`carrier_id` = cst.`carrierId`\n' +
        "               AND clc.`load_type` = 'HOME'\n" +
        '          )'
    }

    [0m [90m 27 |[39m       [36mawait[39m seedConverterVehicleRules()[33m;[39m
     [90m 28 |[39m     } [36mcatch[39m (err) {
    [31m[1m>[22m[39m[90m 29 |[39m       console[33m.[39mwarn([32m'ÔÜá´©Å  Converter test setup bootstrap failed\n'[39m[33m,[39m err)[33m;[39m
     [90m    |[39m               [31m[1m^[22m[39m
     [90m 30 |[39m     }
     [90m 31 |[39m   }
     [90m 32 |[39m }[33m,[39m [35m30000[39m)[33m;[39m[0m

      at Object.<anonymous> (src/__tests__/setup/setupTests.ts:29:15)

  console.log
    Getting profile data for carrierId: 60e0c7ce-8bc6-4cfe-8627-9afee17169da

      at CarrierProfileStatusService.updateProfileCompletion (src/application/services/carrier/CarrierProfileStatusService.ts:95:15)

  console.log
    Profile data loaded successfully

      at CarrierProfileStatusService.updateProfileCompletion (src/application/services/carrier/CarrierProfileStatusService.ts:120:15)

  console.log
    Getting dashboard stats for carrierId: 60e0c7ce-8bc6-4cfe-8627-9afee17169da

      at CarrierDashboardController.getStats (src/presentation/controllers/CarrierDashboardController.ts:34:21)

  console.log
    Getting dashboard stats for carrierId: 60e0c7ce-8bc6-4cfe-8627-9afee17169da

      at CarrierDashboardService.getDashboardStats (src/application/services/CarrierDashboardService.ts:23:21)

PASS src/__tests__/offer-shipment-lifecycle.test.ts
  Offer/Shipment Lifecycle & Review Update/Delete
    ÔêÜ 1. Token olmadan offer getById 401 d├Ânmeli (7 ms)
    ÔêÜ 2. Olmayan offer ID ile getById 400/404 d├Ânmeli (8 ms)
    ÔêÜ 3. Olmayan teklifi geri ├ğekme 400/404 d├Ânmeli (9 ms)
    ÔêÜ 4. Carrier kendi tekliflerini listeleyebilmeli (21 ms)
    ÔêÜ 5. M├╝┼şteri kendi tekliflerini listeleyebilmeli (24 ms)
    ÔêÜ 6. Carrier teklif g├╝ncelleme ÔÇö ge├ğersiz fiyat reddedilmeli (9 ms)
    ÔêÜ 7. Carrier pending teklifini g├╝ncelleyebilmeli (17 ms)
    ÔêÜ 8. Olmayan teklifi kabul etme 400/404 d├Ânmeli (7 ms)
    ÔêÜ 9. Olmayan teklifi reddetme 400/404 d├Ânmeli (7 ms)
    ÔêÜ 10. Teklif olu┼ştururken price tipi say─▒ olmal─▒ (23 ms)
    ÔêÜ 11. Olmayan shipment ba┼şlatma 400/404 d├Ânmeli (8 ms)
    ÔêÜ 12. Olmayan shipment tamamlama 400/404 d├Ânmeli (8 ms)
    ÔêÜ 13. PENDING durumundaki shipment ba┼şlat─▒lamaz ÔÇö 400 d├Ânmeli (7 ms)
    ÔêÜ 14. PENDING durumundaki shipment tamamlanamaz ÔÇö 400/403 d├Ânmeli (7 m
s)
    ÔêÜ 15. Shipment search origin filtresi ├ğal─▒┼şmal─▒ (15 ms)
    ÔêÜ 16. Shipment search destination filtresi ├ğal─▒┼şmal─▒ (15 ms)
    ÔêÜ 17. Shipment search status filtresi ├ğal─▒┼şmal─▒ (14 ms)
    ÔêÜ 18. Shipment search pagination ├ğal─▒┼şmal─▒ (43 ms)
    ÔêÜ 19. Token olmadan review g├╝ncelleme 401 d├Ânmeli (update branch) (5 ms
)
    ÔêÜ 20. Token olmadan review silme 401 d├Ânmeli (delete branch) (5 ms)
    ÔêÜ 21. Ba┼şka m├╝┼şteriye ait review g├╝ncelleme yasak ÔÇö 400/403/404 d├Â
nmeli (8 ms)
    ÔêÜ 22. Ba┼şka m├╝┼şteriye ait review silme yasak ÔÇö 400/403/404 d├Ânmeli 
(7 ms)
    ÔêÜ 23. Carrier dashboard stats alabilmeli (10 ms)
    ÔêÜ 24. Carrier earnings history alabilmeli (7 ms)
    ÔêÜ 25. Token olmadan carrier atama 401 d├Ânmeli (5 ms)
    ÔêÜ 26. Olmayan shipment i├ğin carrier atama 400/404 d├Ânmeli (9 ms)

  console.log
    Ô£à DB connected ÔåÆ mysql://localhost:3306/tasiburada_dev

      at initializeDatabase (src/infrastructure/database/data-source.ts:71:13)

  console.log
    [4mMigration "CarrierCapabilityModel1778000000000" failed, error: Duplicate entry '4874bfff-27bc-4d4e-a29c-2cf88d271a9f-HOME' for key 'carrier_load_type_capabilities.UQ_carrier_load_type_capabilities_carrier_load_type'[24m

      at Function.log (src/platform/PlatformTools.ts:260:17)

  console.warn
    ÔÜá´©Å  Converter test setup bootstrap failed
     QueryFailedError: Duplicate entry '4874bfff-27bc-4d4e-a29c-2cf88d271a9f-HOME' for key 'carrier_load_type_capabilities.UQ_carrier_load_type_capabilities_carrier_load_type'
        at Query.onResult (C:\Users\pc\Desktop\tasiburada\src\driver\mysql\MysqlQueryRunner.ts:248:33)
        at Query.execute (C:\Users\pc\Desktop\tasiburada\node_modules\mysql2\lib\commands\command.js:36:14)
        at PoolConnection.handlePacket (C:\Users\pc\Desktop\tasiburada\node_modules\mysql2\lib\base\connection.js:477:34)
        at PacketParser.onPacket (C:\Users\pc\Desktop\tasiburada\node_modules\mysql2\lib\base\connection.js:93:12)
        at PacketParser.executeStart (C:\Users\pc\Desktop\tasiburada\node_modules\mysql2\lib\packet_parser.js:75:16)
        at Socket.<anonymous> (C:\Users\pc\Desktop\tasiburada\node_modules\mysql2\lib\base\connection.js:100:25)
        at Socket.emit (node:events:519:28)
        at addChunk (node:internal/streams/readable:561:12)
        at readableAddChunkPushByteMode (node:internal/streams/readable:512:3)
        at Socket.Readable.push (node:internal/streams/readable:392:5)
        at TCP.onStreamRead (node:internal/stream_base_commons:189:23)
        at TCP.callbackTrampoline (node:internal/async_hooks:130:17) {
      query: 'INSERT INTO `carrier_load_type_capabilities` (`id`, `carrier_id`, `load_type`, `is_active`)\n' +
        "       SELECT UUID(), cst.`carrierId`, 'HOME', 1\n" +
        '         FROM `carrier_service_types` cst\n' +
        '         INNER JOIN `service_types` st ON st.`id` = cst.`serviceTypeId`\n' +
        "        WHERE st.`name` IN ('Evden Eve Nakliyat', '┼Şehir ─░├ği Ta┼ş─▒ma', '┼Şehirleraras─▒ Ta┼ş─▒ma')\n" +
        '          AND NOT EXISTS (\n' +
        '            SELECT 1\n' +
        '              FROM `carrier_load_type_capabilities` clc\n' +
        '             WHERE clc.`carrier_id` = cst.`carrierId`\n' +
        "               AND clc.`load_type` = 'HOME'\n" +
        '          )',
      parameters: undefined,
      driverError: Error: Duplicate entry '4874bfff-27bc-4d4e-a29c-2cf88d271a9f-HOME' for key 'carrier_load_type_capabilities.UQ_carrier_load_type_capabilities_carrier_load_type'
          at Packet.asError (C:\Users\pc\Desktop\tasiburada\node_modules\mysql2\lib\packets\packet.js:740:17)
          at Query.execute (C:\Users\pc\Desktop\tasiburada\node_modules\mysql2\lib\commands\command.js:29:26)
          at PoolConnection.handlePacket (C:\Users\pc\Desktop\tasiburada\node_modules\mysql2\lib\base\connection.js:477:34)
          at PacketParser.onPacket (C:\Users\pc\Desktop\tasiburada\node_modules\mysql2\lib\base\connection.js:93:12)
          at PacketParser.executeStart (C:\Users\pc\Desktop\tasiburada\node_modules\mysql2\lib\packet_parser.js:75:16)
          at Socket.<anonymous> (C:\Users\pc\Desktop\tasiburada\node_modules\mysql2\lib\base\connection.js:100:25)
          at Socket.emit (node:events:519:28)
          at addChunk (node:internal/streams/readable:561:12)
          at readableAddChunkPushByteMode (node:internal/streams/readable:512:3)
          at Socket.Readable.push (node:internal/streams/readable:392:5)
          at TCP.onStreamRead (node:internal/stream_base_commons:189:23)
          at TCP.callbackTrampoline (node:internal/async_hooks:130:17) {
        code: 'ER_DUP_ENTRY',
        errno: 1062,
        sqlState: '23000',
        sqlMessage: "Duplicate entry '4874bfff-27bc-4d4e-a29c-2cf88d271a9f-HOME' for key 'carrier_load_type_capabilities.UQ_carrier_load_type_capabilities_carrier_load_type'",
        sql: 'INSERT INTO `carrier_load_type_capabilities` (`id`, `carrier_id`, `load_type`, `is_active`)\n' +
          "       SELECT UUID(), cst.`carrierId`, 'HOME', 1\n" +
          '         FROM `carrier_service_types` cst\n' +
          '         INNER JOIN `service_types` st ON st.`id` = cst.`serviceTypeId`\n' +
          "        WHERE st.`name` IN ('Evden Eve Nakliyat', '┼Şehir ─░├ği Ta┼ş─▒ma', '┼Şehirleraras─▒ Ta┼ş─▒ma')\n" +
          '          AND NOT EXISTS (\n' +
          '            SELECT 1\n' +
          '              FROM `carrier_load_type_capabilities` clc\n' +
          '             WHERE clc.`carrier_id` = cst.`carrierId`\n' +
          "               AND clc.`load_type` = 'HOME'\n" +
          '          )'
      },
      code: 'ER_DUP_ENTRY',
      errno: 1062,
      sqlState: '23000',
      sqlMessage: "Duplicate entry '4874bfff-27bc-4d4e-a29c-2cf88d271a9f-HOME' for key 'carrier_load_type_capabilities.UQ_carrier_load_type_capabilities_carrier_load_type'",
      sql: 'INSERT INTO `carrier_load_type_capabilities` (`id`, `carrier_id`, `load_type`, `is_active`)\n' +
        "       SELECT UUID(), cst.`carrierId`, 'HOME', 1\n" +
        '         FROM `carrier_service_types` cst\n' +
        '         INNER JOIN `service_types` st ON st.`id` = cst.`serviceTypeId`\n' +
        "        WHERE st.`name` IN ('Evden Eve Nakliyat', '┼Şehir ─░├ği Ta┼ş─▒ma', '┼Şehirleraras─▒ Ta┼ş─▒ma')\n" +
        '          AND NOT EXISTS (\n' +
        '            SELECT 1\n' +
        '              FROM `carrier_load_type_capabilities` clc\n' +
        '             WHERE clc.`carrier_id` = cst.`carrierId`\n' +
        "               AND clc.`load_type` = 'HOME'\n" +
        '          )'
    }

    [0m [90m 27 |[39m       [36mawait[39m seedConverterVehicleRules()[33m;[39m
     [90m 28 |[39m     } [36mcatch[39m (err) {
    [31m[1m>[22m[39m[90m 29 |[39m       console[33m.[39mwarn([32m'ÔÜá´©Å  Converter test setup bootstrap failed\n'[39m[33m,[39m err)[33m;[39m
     [90m    |[39m               [31m[1m^[22m[39m
     [90m 30 |[39m     }
     [90m 31 |[39m   }
     [90m 32 |[39m }[33m,[39m [35m30000[39m)[33m;[39m[0m

      at Object.<anonymous> (src/__tests__/setup/setupTests.ts:29:15)

  console.log
    Getting profile data for carrierId: 60e0c7ce-8bc6-4cfe-8627-9afee17169da

      at CarrierProfileStatusService.updateProfileCompletion (src/application/services/carrier/CarrierProfileStatusService.ts:95:15)

  console.log
    Profile data loaded successfully

      at CarrierProfileStatusService.updateProfileCompletion (src/application/services/carrier/CarrierProfileStatusService.ts:120:15)

PASS src/__tests__/review-flow.test.ts
  Review Ak─▒┼ş─▒
    ÔêÜ 1. Token olmadan yorum olu┼şturma 401 d├Ânmeli (7 ms)
    ÔêÜ 2. Token olmadan kendi yorumlar─▒n─▒ listeleme 401 d├Ânmeli (6 ms)
    ÔêÜ 3. Token olmadan yorum g├╝ncelleme 401 d├Ânmeli (5 ms)
    ÔêÜ 4. Token olmadan yorum silme 401 d├Ânmeli (6 ms)
    ÔêÜ 5. Carrier reviews public endpoint ÔÇö ge├ğerli carrier ID ile ├ğal─▒┼ş
mal─▒ (272 ms)
    ÔêÜ 6. Shipment reviews ÔÇö herhangi bir shipment ID ile 200 d├Ânmeli (bo┼ş
 dizi kabul) (9 ms)
    ÔêÜ 7. M├╝┼şteri kendi review listesini alabilmeli (10 ms)
    ÔêÜ 8. Olmayan shipmentId ile yorum olu┼şturma 400/404 d├Ânmeli (11 ms)
    ÔêÜ 9. Ge├ğersiz rating (6) ile yorum olu┼şturma reddedilmeli (8 ms)
    ÔêÜ 10. Ge├ğersiz rating (0) ile yorum olu┼şturma reddedilmeli (7 ms)
    ÔêÜ 11. shipmentId olmadan yorum olu┼şturma 400 d├Ânmeli (9 ms)
    ÔêÜ 12. by-carrier endpoint ÔÇö carrierId eksikse 400 d├Ânmeli (7 ms)
    ÔêÜ 13. by-carrier ÔÇö tamamlanm─▒┼ş ta┼ş─▒ma yoksa 400/404 d├Ânmeli (9 ms)
    ÔêÜ 14. Olmayan review g├╝ncelleme 404 d├Ânmeli (7 ms)
    ÔêÜ 15. Olmayan review silme 404 d├Ânmeli (6 ms)
    ÔêÜ 16. Ondal─▒kl─▒ rating integer kontrol├╝ ÔÇö 4.5 reddedilmeli (6 ms)
    ÔêÜ 17. Seed m├╝┼şterinin review listesi array d├Ânmeli (8 ms)

  console.log
    Ô£à DB connected ÔåÆ mysql://localhost:3306/tasiburada_dev

      at initializeDatabase (src/infrastructure/database/data-source.ts:71:13)

  console.log
    [4mMigration "CarrierCapabilityModel1778000000000" failed, error: Duplicate entry '4874bfff-27bc-4d4e-a29c-2cf88d271a9f-HOME' for key 'carrier_load_type_capabilities.UQ_carrier_load_type_capabilities_carrier_load_type'[24m

      at Function.log (src/platform/PlatformTools.ts:260:17)

  console.warn
    ÔÜá´©Å  Converter test setup bootstrap failed
     QueryFailedError: Duplicate entry '4874bfff-27bc-4d4e-a29c-2cf88d271a9f-HOME' for key 'carrier_load_type_capabilities.UQ_carrier_load_type_capabilities_carrier_load_type'
        at Query.onResult (C:\Users\pc\Desktop\tasiburada\src\driver\mysql\MysqlQueryRunner.ts:248:33)
        at Query.execute (C:\Users\pc\Desktop\tasiburada\node_modules\mysql2\lib\commands\command.js:36:14)
        at PoolConnection.handlePacket (C:\Users\pc\Desktop\tasiburada\node_modules\mysql2\lib\base\connection.js:477:34)
        at PacketParser.onPacket (C:\Users\pc\Desktop\tasiburada\node_modules\mysql2\lib\base\connection.js:93:12)
        at PacketParser.executeStart (C:\Users\pc\Desktop\tasiburada\node_modules\mysql2\lib\packet_parser.js:75:16)
        at Socket.<anonymous> (C:\Users\pc\Desktop\tasiburada\node_modules\mysql2\lib\base\connection.js:100:25)
        at Socket.emit (node:events:519:28)
        at addChunk (node:internal/streams/readable:561:12)
        at readableAddChunkPushByteMode (node:internal/streams/readable:512:3)
        at Socket.Readable.push (node:internal/streams/readable:392:5)
        at TCP.onStreamRead (node:internal/stream_base_commons:189:23)
        at TCP.callbackTrampoline (node:internal/async_hooks:130:17) {
      query: 'INSERT INTO `carrier_load_type_capabilities` (`id`, `carrier_id`, `load_type`, `is_active`)\n' +
        "       SELECT UUID(), cst.`carrierId`, 'HOME', 1\n" +
        '         FROM `carrier_service_types` cst\n' +
        '         INNER JOIN `service_types` st ON st.`id` = cst.`serviceTypeId`\n' +
        "        WHERE st.`name` IN ('Evden Eve Nakliyat', '┼Şehir ─░├ği Ta┼ş─▒ma', '┼Şehirleraras─▒ Ta┼ş─▒ma')\n" +
        '          AND NOT EXISTS (\n' +
        '            SELECT 1\n' +
        '              FROM `carrier_load_type_capabilities` clc\n' +
        '             WHERE clc.`carrier_id` = cst.`carrierId`\n' +
        "               AND clc.`load_type` = 'HOME'\n" +
        '          )',
      parameters: undefined,
      driverError: Error: Duplicate entry '4874bfff-27bc-4d4e-a29c-2cf88d271a9f-HOME' for key 'carrier_load_type_capabilities.UQ_carrier_load_type_capabilities_carrier_load_type'
          at Packet.asError (C:\Users\pc\Desktop\tasiburada\node_modules\mysql2\lib\packets\packet.js:740:17)
          at Query.execute (C:\Users\pc\Desktop\tasiburada\node_modules\mysql2\lib\commands\command.js:29:26)
          at PoolConnection.handlePacket (C:\Users\pc\Desktop\tasiburada\node_modules\mysql2\lib\base\connection.js:477:34)
          at PacketParser.onPacket (C:\Users\pc\Desktop\tasiburada\node_modules\mysql2\lib\base\connection.js:93:12)
          at PacketParser.executeStart (C:\Users\pc\Desktop\tasiburada\node_modules\mysql2\lib\packet_parser.js:75:16)
          at Socket.<anonymous> (C:\Users\pc\Desktop\tasiburada\node_modules\mysql2\lib\base\connection.js:100:25)
          at Socket.emit (node:events:519:28)
          at addChunk (node:internal/streams/readable:561:12)
          at readableAddChunkPushByteMode (node:internal/streams/readable:512:3)
          at Socket.Readable.push (node:internal/streams/readable:392:5)
          at TCP.onStreamRead (node:internal/stream_base_commons:189:23)
          at TCP.callbackTrampoline (node:internal/async_hooks:130:17) {
        code: 'ER_DUP_ENTRY',
        errno: 1062,
        sqlState: '23000',
        sqlMessage: "Duplicate entry '4874bfff-27bc-4d4e-a29c-2cf88d271a9f-HOME' for key 'carrier_load_type_capabilities.UQ_carrier_load_type_capabilities_carrier_load_type'",
        sql: 'INSERT INTO `carrier_load_type_capabilities` (`id`, `carrier_id`, `load_type`, `is_active`)\n' +
          "       SELECT UUID(), cst.`carrierId`, 'HOME', 1\n" +
          '         FROM `carrier_service_types` cst\n' +
          '         INNER JOIN `service_types` st ON st.`id` = cst.`serviceTypeId`\n' +
          "        WHERE st.`name` IN ('Evden Eve Nakliyat', '┼Şehir ─░├ği Ta┼ş─▒ma', '┼Şehirleraras─▒ Ta┼ş─▒ma')\n" +
          '          AND NOT EXISTS (\n' +
          '            SELECT 1\n' +
          '              FROM `carrier_load_type_capabilities` clc\n' +
          '             WHERE clc.`carrier_id` = cst.`carrierId`\n' +
          "               AND clc.`load_type` = 'HOME'\n" +
          '          )'
      },
      code: 'ER_DUP_ENTRY',
      errno: 1062,
      sqlState: '23000',
      sqlMessage: "Duplicate entry '4874bfff-27bc-4d4e-a29c-2cf88d271a9f-HOME' for key 'carrier_load_type_capabilities.UQ_carrier_load_type_capabilities_carrier_load_type'",
      sql: 'INSERT INTO `carrier_load_type_capabilities` (`id`, `carrier_id`, `load_type`, `is_active`)\n' +
        "       SELECT UUID(), cst.`carrierId`, 'HOME', 1\n" +
        '         FROM `carrier_service_types` cst\n' +
        '         INNER JOIN `service_types` st ON st.`id` = cst.`serviceTypeId`\n' +
        "        WHERE st.`name` IN ('Evden Eve Nakliyat', '┼Şehir ─░├ği Ta┼ş─▒ma', '┼Şehirleraras─▒ Ta┼ş─▒ma')\n" +
        '          AND NOT EXISTS (\n' +
        '            SELECT 1\n' +
        '              FROM `carrier_load_type_capabilities` clc\n' +
        '             WHERE clc.`carrier_id` = cst.`carrierId`\n' +
        "               AND clc.`load_type` = 'HOME'\n" +
        '          )'
    }

    [0m [90m 27 |[39m       [36mawait[39m seedConverterVehicleRules()[33m;[39m
     [90m 28 |[39m     } [36mcatch[39m (err) {
    [31m[1m>[22m[39m[90m 29 |[39m       console[33m.[39mwarn([32m'ÔÜá´©Å  Converter test setup bootstrap failed\n'[39m[33m,[39m err)[33m;[39m
     [90m    |[39m               [31m[1m^[22m[39m
     [90m 30 |[39m     }
     [90m 31 |[39m   }
     [90m 32 |[39m }[33m,[39m [35m30000[39m)[33m;[39m[0m

      at Object.<anonymous> (src/__tests__/setup/setupTests.ts:29:15)

PASS src/__tests__/auth-service-flow.test.ts
  AuthService Ak─▒┼ş─▒
    ÔêÜ 1. Olmayan e-posta ile ┼şifre s─▒f─▒rlama iste─şi 404/400 d├Ânmeli (12 
ms)
    ÔêÜ 2. email eksik ┼şifre s─▒f─▒rlama iste─şi 400 d├Ânmeli (7 ms)
    ÔêÜ 3. userType eksik ┼şifre s─▒f─▒rlama iste─şi 400 d├Ânmeli (6 ms)
    ÔêÜ 4. Ge├ğerli m├╝┼şteri e-postas─▒ ile ┼şifre s─▒f─▒rlama iste─şi 200 vey
a 400 d├Ânmeli (9 ms)
    ÔêÜ 5. Ge├ğerli nakliyeci e-postas─▒ ile ┼şifre s─▒f─▒rlama iste─şi 200 vey
a 400 d├Ânmeli (9 ms)
    ÔêÜ 6. Ge├ğersiz reset token ile ┼şifre s─▒f─▒rlama 400/404 d├Ânmeli (7 ms)
    ÔêÜ 7. token eksik reset iste─şi 400 d├Ânmeli (5 ms)
    ÔêÜ 8. newPassword eksik reset iste─şi 400 d├Ânmeli (6 ms)
    ÔêÜ 9. userType eksik reset iste─şi 400 d├Ânmeli (6 ms)
    ÔêÜ 10. Ge├ğersiz do─şrulama token ile e-posta do─şrulama 400/404 d├Ânmeli 
(7 ms)
    ÔêÜ 11. token eksik do─şrulama iste─şi 400 d├Ânmeli (6 ms)
    ÔêÜ 12. Olmayan e-posta ile do─şrulama yeniden g├Ânderme 400 d├Ânmeli (7 ms
)
    ÔêÜ 13. email eksik do─şrulama yeniden g├Ânderme (GET) 400 d├Ânmeli (5 ms)
    ÔêÜ 14. M├╝┼şteri e-postas─▒ check-email ile "customer" d├Ânmeli (6 ms)
    ÔêÜ 15. Carrier e-postas─▒ check-email ile "carrier" d├Ânmeli (10 ms)
    ÔêÜ 16. Kay─▒ts─▒z e-posta check-email ile userType null d├Ânmeli (8 ms)
    ÔêÜ 17. email eksik check-email iste─şi 400 d├Ânmeli (5 ms)
    ÔêÜ 18. Yanl─▒┼ş ┼şifre ile carrier giri┼şi 401 d├Ânmeli (225 ms)
    ÔêÜ 19. Ge├ğerli carrier giri┼şi 200 d├Ânmeli ve token ├╝retmeli (224 ms)
    ÔêÜ 20. Yanl─▒┼ş ┼şifre ile customer giri┼şi 401 d├Ânmeli (215 ms)

  console.log
    Ô£à DB connected ÔåÆ mysql://localhost:3306/tasiburada_dev

      at initializeDatabase (src/infrastructure/database/data-source.ts:71:13)

  console.log
    [4mMigration "CarrierCapabilityModel1778000000000" failed, error: Duplicate entry '4874bfff-27bc-4d4e-a29c-2cf88d271a9f-HOME' for key 'carrier_load_type_capabilities.UQ_carrier_load_type_capabilities_carrier_load_type'[24m

      at Function.log (src/platform/PlatformTools.ts:260:17)

  console.warn
    ÔÜá´©Å  Converter test setup bootstrap failed
     QueryFailedError: Duplicate entry '4874bfff-27bc-4d4e-a29c-2cf88d271a9f-HOME' for key 'carrier_load_type_capabilities.UQ_carrier_load_type_capabilities_carrier_load_type'
        at Query.onResult (C:\Users\pc\Desktop\tasiburada\src\driver\mysql\MysqlQueryRunner.ts:248:33)
        at Query.execute (C:\Users\pc\Desktop\tasiburada\node_modules\mysql2\lib\commands\command.js:36:14)
        at PoolConnection.handlePacket (C:\Users\pc\Desktop\tasiburada\node_modules\mysql2\lib\base\connection.js:477:34)
        at PacketParser.onPacket (C:\Users\pc\Desktop\tasiburada\node_modules\mysql2\lib\base\connection.js:93:12)
        at PacketParser.executeStart (C:\Users\pc\Desktop\tasiburada\node_modules\mysql2\lib\packet_parser.js:75:16)
        at Socket.<anonymous> (C:\Users\pc\Desktop\tasiburada\node_modules\mysql2\lib\base\connection.js:100:25)
        at Socket.emit (node:events:519:28)
        at addChunk (node:internal/streams/readable:561:12)
        at readableAddChunkPushByteMode (node:internal/streams/readable:512:3)
        at Socket.Readable.push (node:internal/streams/readable:392:5)
        at TCP.onStreamRead (node:internal/stream_base_commons:189:23)
        at TCP.callbackTrampoline (node:internal/async_hooks:130:17) {
      query: 'INSERT INTO `carrier_load_type_capabilities` (`id`, `carrier_id`, `load_type`, `is_active`)\n' +
        "       SELECT UUID(), cst.`carrierId`, 'HOME', 1\n" +
        '         FROM `carrier_service_types` cst\n' +
        '         INNER JOIN `service_types` st ON st.`id` = cst.`serviceTypeId`\n' +
        "        WHERE st.`name` IN ('Evden Eve Nakliyat', '┼Şehir ─░├ği Ta┼ş─▒ma', '┼Şehirleraras─▒ Ta┼ş─▒ma')\n" +
        '          AND NOT EXISTS (\n' +
        '            SELECT 1\n' +
        '              FROM `carrier_load_type_capabilities` clc\n' +
        '             WHERE clc.`carrier_id` = cst.`carrierId`\n' +
        "               AND clc.`load_type` = 'HOME'\n" +
        '          )',
      parameters: undefined,
      driverError: Error: Duplicate entry '4874bfff-27bc-4d4e-a29c-2cf88d271a9f-HOME' for key 'carrier_load_type_capabilities.UQ_carrier_load_type_capabilities_carrier_load_type'
          at Packet.asError (C:\Users\pc\Desktop\tasiburada\node_modules\mysql2\lib\packets\packet.js:740:17)
          at Query.execute (C:\Users\pc\Desktop\tasiburada\node_modules\mysql2\lib\commands\command.js:29:26)
          at PoolConnection.handlePacket (C:\Users\pc\Desktop\tasiburada\node_modules\mysql2\lib\base\connection.js:477:34)
          at PacketParser.onPacket (C:\Users\pc\Desktop\tasiburada\node_modules\mysql2\lib\base\connection.js:93:12)
          at PacketParser.executeStart (C:\Users\pc\Desktop\tasiburada\node_modules\mysql2\lib\packet_parser.js:75:16)
          at Socket.<anonymous> (C:\Users\pc\Desktop\tasiburada\node_modules\mysql2\lib\base\connection.js:100:25)
          at Socket.emit (node:events:519:28)
          at addChunk (node:internal/streams/readable:561:12)
          at readableAddChunkPushByteMode (node:internal/streams/readable:512:3)
          at Socket.Readable.push (node:internal/streams/readable:392:5)
          at TCP.onStreamRead (node:internal/stream_base_commons:189:23)
          at TCP.callbackTrampoline (node:internal/async_hooks:130:17) {
        code: 'ER_DUP_ENTRY',
        errno: 1062,
        sqlState: '23000',
        sqlMessage: "Duplicate entry '4874bfff-27bc-4d4e-a29c-2cf88d271a9f-HOME' for key 'carrier_load_type_capabilities.UQ_carrier_load_type_capabilities_carrier_load_type'",
        sql: 'INSERT INTO `carrier_load_type_capabilities` (`id`, `carrier_id`, `load_type`, `is_active`)\n' +
          "       SELECT UUID(), cst.`carrierId`, 'HOME', 1\n" +
          '         FROM `carrier_service_types` cst\n' +
          '         INNER JOIN `service_types` st ON st.`id` = cst.`serviceTypeId`\n' +
          "        WHERE st.`name` IN ('Evden Eve Nakliyat', '┼Şehir ─░├ği Ta┼ş─▒ma', '┼Şehirleraras─▒ Ta┼ş─▒ma')\n" +
          '          AND NOT EXISTS (\n' +
          '            SELECT 1\n' +
          '              FROM `carrier_load_type_capabilities` clc\n' +
          '             WHERE clc.`carrier_id` = cst.`carrierId`\n' +
          "               AND clc.`load_type` = 'HOME'\n" +
          '          )'
      },
      code: 'ER_DUP_ENTRY',
      errno: 1062,
      sqlState: '23000',
      sqlMessage: "Duplicate entry '4874bfff-27bc-4d4e-a29c-2cf88d271a9f-HOME' for key 'carrier_load_type_capabilities.UQ_carrier_load_type_capabilities_carrier_load_type'",
      sql: 'INSERT INTO `carrier_load_type_capabilities` (`id`, `carrier_id`, `load_type`, `is_active`)\n' +
        "       SELECT UUID(), cst.`carrierId`, 'HOME', 1\n" +
        '         FROM `carrier_service_types` cst\n' +
        '         INNER JOIN `service_types` st ON st.`id` = cst.`serviceTypeId`\n' +
        "        WHERE st.`name` IN ('Evden Eve Nakliyat', '┼Şehir ─░├ği Ta┼ş─▒ma', '┼Şehirleraras─▒ Ta┼ş─▒ma')\n" +
        '          AND NOT EXISTS (\n' +
        '            SELECT 1\n' +
        '              FROM `carrier_load_type_capabilities` clc\n' +
        '             WHERE clc.`carrier_id` = cst.`carrierId`\n' +
        "               AND clc.`load_type` = 'HOME'\n" +
        '          )'
    }

    [0m [90m 27 |[39m       [36mawait[39m seedConverterVehicleRules()[33m;[39m
     [90m 28 |[39m     } [36mcatch[39m (err) {
    [31m[1m>[22m[39m[90m 29 |[39m       console[33m.[39mwarn([32m'ÔÜá´©Å  Converter test setup bootstrap failed\n'[39m[33m,[39m err)[33m;[39m
     [90m    |[39m               [31m[1m^[22m[39m
     [90m 30 |[39m     }
     [90m 31 |[39m   }
     [90m 32 |[39m }[33m,[39m [35m30000[39m)[33m;[39m[0m

      at Object.<anonymous> (src/__tests__/setup/setupTests.ts:29:15)

  console.log
    Getting profile data for carrierId: 60e0c7ce-8bc6-4cfe-8627-9afee17169da

      at CarrierProfileStatusService.updateProfileCompletion (src/application/services/carrier/CarrierProfileStatusService.ts:95:15)

  console.log
    Profile data loaded successfully

      at CarrierProfileStatusService.updateProfileCompletion (src/application/services/carrier/CarrierProfileStatusService.ts:120:15)

  console.log
    Getting profile data for carrierId: 60e0c7ce-8bc6-4cfe-8627-9afee17169da

      at CarrierProfileStatusService.updateProfileCompletion (src/application/services/carrier/CarrierProfileStatusService.ts:95:15)

  console.log
    Profile data loaded successfully

      at CarrierProfileStatusService.updateProfileCompletion (src/application/services/carrier/CarrierProfileStatusService.ts:120:15)

  console.log
    Getting profile data for carrierId: 60e0c7ce-8bc6-4cfe-8627-9afee17169da

      at CarrierProfileStatusService.updateProfileCompletion (src/application/services/carrier/CarrierProfileStatusService.ts:95:15)

  console.log
    Profile data loaded successfully

      at CarrierProfileStatusService.updateProfileCompletion (src/application/services/carrier/CarrierProfileStatusService.ts:120:15)

  console.log
    Getting profile data for carrierId: 60e0c7ce-8bc6-4cfe-8627-9afee17169da

      at CarrierProfileStatusService.updateProfileCompletion (src/application/services/carrier/CarrierProfileStatusService.ts:95:15)

  console.log
    Profile data loaded successfully

      at CarrierProfileStatusService.updateProfileCompletion (src/application/services/carrier/CarrierProfileStatusService.ts:120:15)

PASS src/__tests__/offer-shipment-flow.test.ts
  Offer + Shipment Ak─▒┼ş─▒
    ÔêÜ 1. Token olmadan shipment olu┼şturma 401 d├Ânmeli (7 ms)
    ÔêÜ 2. Token olmadan kendi ilanlar─▒n─▒ listeleme 401 d├Ânmeli (7 ms)
    ÔêÜ 3. Token olmadan pending shipments listeleme 401 d├Ânmeli (5 ms)
    ÔêÜ 4. Token olmadan teklif verme 401 d├Ânmeli (5 ms)
    ÔêÜ 5. Eksik alanlarla shipment olu┼şturma 400 d├Ânmeli (6 ms)
    ÔêÜ 6. ├ç─▒k─▒┼ş noktas─▒ 3 karakterden k─▒sa olunca 400 d├Ânmeli (5 ms)
    ÔêÜ 7. Ge├ğmi┼ş tarihli shipment olu┼şturma 400 d├Ânmeli (6 ms)
    ÔêÜ 8. loadDetails i├ğinde telefon numaras─▒ olan shipment reddedilmeli (12
 ms)
    ÔêÜ 9. M├╝┼şteri kendi shipment listesini alabilmeli (15 ms)
    ÔêÜ 10. Carrier pending shipment listesini alabilmeli (42 ms)
    ÔêÜ 11. Olmayan shipment ID ile getById 404 d├Ânmeli (9 ms)
    ÔêÜ 12. Olmayan shipment g├╝ncellemesi 404 d├Ânmeli (9 ms)
    ÔêÜ 13. Olmayan shipment iptali 404 d├Ânmeli (6 ms)
    ÔêÜ 14. Negatif fiyatl─▒ teklif reddedilmeli (24 ms)
    ÔêÜ 15. S─▒f─▒r fiyatl─▒ teklif reddedilmeli (17 ms)
    ÔêÜ 16. shipmentId olmadan teklif verme reddedilmeli (16 ms)
    ÔêÜ 17. Teklif mesaj─▒nda telefon numaras─▒ olan teklif reddedilmeli (18 ms
)
    ÔêÜ 18. Olmayan teklifi kabul etmek 400/404 d├Ânmeli (9 ms)
    ÔêÜ 19. Olmayan teklifi reddetmek 400/404 d├Ânmeli (7 ms)
    ÔêÜ 20. Olmayan teklifi g├╝ncelleme 400/404 d├Ânmeli (9 ms)
    ÔêÜ 21. Olmayan teklifi geri ├ğekme 400/404 d├Ânmeli (7 ms)
    ÔêÜ 22. Shipment search endpoint token olmadan ├ğal─▒┼şmal─▒ (41 ms)
    ÔêÜ 23. M├╝┼şteri token ile shipment ba┼şlatma 401/403 d├Ânmeli (6 ms)
    ÔêÜ 24. M├╝┼şteri token ile shipment tamamlama 401/403 d├Ânmeli (6 ms)

  console.log
    Ô£à DB connected ÔåÆ mysql://localhost:3306/tasiburada_dev

      at initializeDatabase (src/infrastructure/database/data-source.ts:71:13)

  console.log
    [4mMigration "CarrierCapabilityModel1778000000000" failed, error: Duplicate entry '4874bfff-27bc-4d4e-a29c-2cf88d271a9f-HOME' for key 'carrier_load_type_capabilities.UQ_carrier_load_type_capabilities_carrier_load_type'[24m

      at Function.log (src/platform/PlatformTools.ts:260:17)

  console.warn
    ÔÜá´©Å  Converter test setup bootstrap failed
     QueryFailedError: Duplicate entry '4874bfff-27bc-4d4e-a29c-2cf88d271a9f-HOME' for key 'carrier_load_type_capabilities.UQ_carrier_load_type_capabilities_carrier_load_type'
        at Query.onResult (C:\Users\pc\Desktop\tasiburada\src\driver\mysql\MysqlQueryRunner.ts:248:33)
        at Query.execute (C:\Users\pc\Desktop\tasiburada\node_modules\mysql2\lib\commands\command.js:36:14)
        at PoolConnection.handlePacket (C:\Users\pc\Desktop\tasiburada\node_modules\mysql2\lib\base\connection.js:477:34)
        at PacketParser.onPacket (C:\Users\pc\Desktop\tasiburada\node_modules\mysql2\lib\base\connection.js:93:12)
        at PacketParser.executeStart (C:\Users\pc\Desktop\tasiburada\node_modules\mysql2\lib\packet_parser.js:75:16)
        at Socket.<anonymous> (C:\Users\pc\Desktop\tasiburada\node_modules\mysql2\lib\base\connection.js:100:25)
        at Socket.emit (node:events:519:28)
        at addChunk (node:internal/streams/readable:561:12)
        at readableAddChunkPushByteMode (node:internal/streams/readable:512:3)
        at Socket.Readable.push (node:internal/streams/readable:392:5)
        at TCP.onStreamRead (node:internal/stream_base_commons:189:23)
        at TCP.callbackTrampoline (node:internal/async_hooks:130:17) {
      query: 'INSERT INTO `carrier_load_type_capabilities` (`id`, `carrier_id`, `load_type`, `is_active`)\n' +
        "       SELECT UUID(), cst.`carrierId`, 'HOME', 1\n" +
        '         FROM `carrier_service_types` cst\n' +
        '         INNER JOIN `service_types` st ON st.`id` = cst.`serviceTypeId`\n' +
        "        WHERE st.`name` IN ('Evden Eve Nakliyat', '┼Şehir ─░├ği Ta┼ş─▒ma', '┼Şehirleraras─▒ Ta┼ş─▒ma')\n" +
        '          AND NOT EXISTS (\n' +
        '            SELECT 1\n' +
        '              FROM `carrier_load_type_capabilities` clc\n' +
        '             WHERE clc.`carrier_id` = cst.`carrierId`\n' +
        "               AND clc.`load_type` = 'HOME'\n" +
        '          )',
      parameters: undefined,
      driverError: Error: Duplicate entry '4874bfff-27bc-4d4e-a29c-2cf88d271a9f-HOME' for key 'carrier_load_type_capabilities.UQ_carrier_load_type_capabilities_carrier_load_type'
          at Packet.asError (C:\Users\pc\Desktop\tasiburada\node_modules\mysql2\lib\packets\packet.js:740:17)
          at Query.execute (C:\Users\pc\Desktop\tasiburada\node_modules\mysql2\lib\commands\command.js:29:26)
          at PoolConnection.handlePacket (C:\Users\pc\Desktop\tasiburada\node_modules\mysql2\lib\base\connection.js:477:34)
          at PacketParser.onPacket (C:\Users\pc\Desktop\tasiburada\node_modules\mysql2\lib\base\connection.js:93:12)
          at PacketParser.executeStart (C:\Users\pc\Desktop\tasiburada\node_modules\mysql2\lib\packet_parser.js:75:16)
          at Socket.<anonymous> (C:\Users\pc\Desktop\tasiburada\node_modules\mysql2\lib\base\connection.js:100:25)
          at Socket.emit (node:events:519:28)
          at addChunk (node:internal/streams/readable:561:12)
          at readableAddChunkPushByteMode (node:internal/streams/readable:512:3)
          at Socket.Readable.push (node:internal/streams/readable:392:5)
          at TCP.onStreamRead (node:internal/stream_base_commons:189:23)
          at TCP.callbackTrampoline (node:internal/async_hooks:130:17) {
        code: 'ER_DUP_ENTRY',
        errno: 1062,
        sqlState: '23000',
        sqlMessage: "Duplicate entry '4874bfff-27bc-4d4e-a29c-2cf88d271a9f-HOME' for key 'carrier_load_type_capabilities.UQ_carrier_load_type_capabilities_carrier_load_type'",
        sql: 'INSERT INTO `carrier_load_type_capabilities` (`id`, `carrier_id`, `load_type`, `is_active`)\n' +
          "       SELECT UUID(), cst.`carrierId`, 'HOME', 1\n" +
          '         FROM `carrier_service_types` cst\n' +
          '         INNER JOIN `service_types` st ON st.`id` = cst.`serviceTypeId`\n' +
          "        WHERE st.`name` IN ('Evden Eve Nakliyat', '┼Şehir ─░├ği Ta┼ş─▒ma', '┼Şehirleraras─▒ Ta┼ş─▒ma')\n" +
          '          AND NOT EXISTS (\n' +
          '            SELECT 1\n' +
          '              FROM `carrier_load_type_capabilities` clc\n' +
          '             WHERE clc.`carrier_id` = cst.`carrierId`\n' +
          "               AND clc.`load_type` = 'HOME'\n" +
          '          )'
      },
      code: 'ER_DUP_ENTRY',
      errno: 1062,
      sqlState: '23000',
      sqlMessage: "Duplicate entry '4874bfff-27bc-4d4e-a29c-2cf88d271a9f-HOME' for key 'carrier_load_type_capabilities.UQ_carrier_load_type_capabilities_carrier_load_type'",
      sql: 'INSERT INTO `carrier_load_type_capabilities` (`id`, `carrier_id`, `load_type`, `is_active`)\n' +
        "       SELECT UUID(), cst.`carrierId`, 'HOME', 1\n" +
        '         FROM `carrier_service_types` cst\n' +
        '         INNER JOIN `service_types` st ON st.`id` = cst.`serviceTypeId`\n' +
        "        WHERE st.`name` IN ('Evden Eve Nakliyat', '┼Şehir ─░├ği Ta┼ş─▒ma', '┼Şehirleraras─▒ Ta┼ş─▒ma')\n" +
        '          AND NOT EXISTS (\n' +
        '            SELECT 1\n' +
        '              FROM `carrier_load_type_capabilities` clc\n' +
        '             WHERE clc.`carrier_id` = cst.`carrierId`\n' +
        "               AND clc.`load_type` = 'HOME'\n" +
        '          )'
    }

    [0m [90m 27 |[39m       [36mawait[39m seedConverterVehicleRules()[33m;[39m
     [90m 28 |[39m     } [36mcatch[39m (err) {
    [31m[1m>[22m[39m[90m 29 |[39m       console[33m.[39mwarn([32m'ÔÜá´©Å  Converter test setup bootstrap failed\n'[39m[33m,[39m err)[33m;[39m
     [90m    |[39m               [31m[1m^[22m[39m
     [90m 30 |[39m     }
     [90m 31 |[39m   }
     [90m 32 |[39m }[33m,[39m [35m30000[39m)[33m;[39m[0m

      at Object.<anonymous> (src/__tests__/setup/setupTests.ts:29:15)

  console.log
    Getting profile data for carrierId: 60e0c7ce-8bc6-4cfe-8627-9afee17169da

      at CarrierProfileStatusService.updateProfileCompletion (src/application/services/carrier/CarrierProfileStatusService.ts:95:15)

  console.log
    Profile data loaded successfully

      at CarrierProfileStatusService.updateProfileCompletion (src/application/services/carrier/CarrierProfileStatusService.ts:120:15)

  console.log
    Getting profile data for carrierId: 60e0c7ce-8bc6-4cfe-8627-9afee17169da

      at CarrierProfileStatusService.updateProfileCompletion (src/application/services/carrier/CarrierProfileStatusService.ts:95:15)

  console.log
    Profile data loaded successfully

      at CarrierProfileStatusService.updateProfileCompletion (src/application/services/carrier/CarrierProfileStatusService.ts:120:15)

  console.log
    Getting profile data for carrierId: 60e0c7ce-8bc6-4cfe-8627-9afee17169da

      at CarrierProfileStatusService.updateProfileCompletion (src/application/services/carrier/CarrierProfileStatusService.ts:95:15)

  console.log
    Profile data loaded successfully

      at CarrierProfileStatusService.updateProfileCompletion (src/application/services/carrier/CarrierProfileStatusService.ts:120:15)

  console.log
    Getting profile data for carrierId: 60e0c7ce-8bc6-4cfe-8627-9afee17169da

      at CarrierProfileStatusService.updateProfileCompletion (src/application/services/carrier/CarrierProfileStatusService.ts:95:15)

  console.log
    Profile data loaded successfully

      at CarrierProfileStatusService.updateProfileCompletion (src/application/services/carrier/CarrierProfileStatusService.ts:120:15)

  console.log
    Getting profile data for carrierId: 60e0c7ce-8bc6-4cfe-8627-9afee17169da

      at CarrierProfileStatusService.updateProfileCompletion (src/application/services/carrier/CarrierProfileStatusService.ts:95:15)

  console.log
    Profile data loaded successfully

      at CarrierProfileStatusService.updateProfileCompletion (src/application/services/carrier/CarrierProfileStatusService.ts:120:15)

  console.log
    Getting profile data for carrierId: 60e0c7ce-8bc6-4cfe-8627-9afee17169da

      at CarrierProfileStatusService.updateProfileCompletion (src/application/services/carrier/CarrierProfileStatusService.ts:95:15)

  console.log
    Profile data loaded successfully

      at CarrierProfileStatusService.updateProfileCompletion (src/application/services/carrier/CarrierProfileStatusService.ts:120:15)

  console.log
    Getting profile data for carrierId: 60e0c7ce-8bc6-4cfe-8627-9afee17169da

      at CarrierProfileStatusService.updateProfileCompletion (src/application/services/carrier/CarrierProfileStatusService.ts:95:15)

  console.log
    Profile data loaded successfully

      at CarrierProfileStatusService.updateProfileCompletion (src/application/services/carrier/CarrierProfileStatusService.ts:120:15)

  console.log
    Getting profile data for carrierId: 60e0c7ce-8bc6-4cfe-8627-9afee17169da

      at CarrierProfileStatusService.updateProfileCompletion (src/application/services/carrier/CarrierProfileStatusService.ts:95:15)

  console.log
    Profile data loaded successfully

      at CarrierProfileStatusService.updateProfileCompletion (src/application/services/carrier/CarrierProfileStatusService.ts:120:15)

  console.log
    Getting profile data for carrierId: 60e0c7ce-8bc6-4cfe-8627-9afee17169da

      at CarrierProfileStatusService.updateProfileCompletion (src/application/services/carrier/CarrierProfileStatusService.ts:95:15)

  console.log
    Profile data loaded successfully

      at CarrierProfileStatusService.updateProfileCompletion (src/application/services/carrier/CarrierProfileStatusService.ts:120:15)

  console.log
    Getting profile data for carrierId: 60e0c7ce-8bc6-4cfe-8627-9afee17169da

      at CarrierProfileStatusService.updateProfileCompletion (src/application/services/carrier/CarrierProfileStatusService.ts:95:15)

  console.log
    Profile data loaded successfully

      at CarrierProfileStatusService.updateProfileCompletion (src/application/services/carrier/CarrierProfileStatusService.ts:120:15)

  console.log
    Getting profile data for carrierId: 60e0c7ce-8bc6-4cfe-8627-9afee17169da

      at CarrierProfileStatusService.updateProfileCompletion (src/application/services/carrier/CarrierProfileStatusService.ts:95:15)

  console.log
    Profile data loaded successfully

      at CarrierProfileStatusService.updateProfileCompletion (src/application/services/carrier/CarrierProfileStatusService.ts:120:15)

PASS src/__tests__/carrier-profile-flow.test.ts
  CarrierProfileController
    ÔêÜ 1. Token olmadan profile-status 401 d├Ânmeli (6 ms)
    ÔêÜ 2. Token olmadan company-info g├╝ncelleme 401 d├Ânmeli (7 ms)
    ÔêÜ 3. Token olmadan activity 401 d├Ânmeli (5 ms)
    ÔêÜ 4. Token olmadan vehicles listesi 401 d├Ânmeli (5 ms)
    ÔêÜ 5. Token olmadan earnings g├╝ncelleme 401 d├Ânmeli (7 ms)
    ÔêÜ 6. Token olmadan security g├╝ncelleme 401 d├Ânmeli (5 ms)
    ÔêÜ 7. Token olmadan notifications 401 d├Ânmeli (5 ms)
    ÔêÜ 8. Carrier kendi profile-status alabilmeli (25 ms)
    ÔêÜ 9. Carrier profile-status refresh yapabilmeli (26 ms)
    ÔêÜ 10. Public carrier profile ÔÇö ge├ğersiz ID ile 400 d├Ânmeli (8 ms)
    ÔêÜ 11. Public carrier profile ÔÇö seed carrierId ile 200 d├Ânmeli (21 ms)
    ÔêÜ 12. Carrier activity bilgisi alabilmeli (9 ms)
    ÔêÜ 13. Carrier activity bilgisi g├╝ncelleyebilmeli (6 ms)
    ÔêÜ 14. Carrier kendi ara├ğ listesini alabilmeli (8 ms)
    ÔêÜ 15. Carrier ara├ğ g├╝ncelleme ÔÇö bo┼ş liste ile 200 d├Ânmeli (20 ms)
    ÔêÜ 16. Carrier ara├ğ t├╝rleri g├╝ncelleyebilmeli ÔÇö bo┼ş liste (26 ms)
    ÔêÜ 17. Carrier hizmet t├╝rleri g├╝ncelleyebilmeli ÔÇö bo┼ş liste (21 ms)
    ÔêÜ 18. Carrier kazan├ğ bilgisi g├╝ncelleyebilmeli (22 ms)
    ÔêÜ 19. Carrier g├╝venlik ayarlar─▒ g├╝ncelleyebilmeli (15 ms)
    ÔêÜ 20. Carrier bildirim tercihleri alabilmeli (8 ms)
    ÔêÜ 21. Carrier bildirim toggle yapabilmeli (12 ms)
    ÔêÜ 22. Ba┼şka carrierId ile profile-status iste─şi 403 d├Ânmeli (18 ms)
    ÔêÜ 23. Carrier firma bilgisi g├╝ncelleyebilmeli (32 ms)
    ÔêÜ 24. Dosya olmadan profile-picture g├╝ncelleme 400 d├Ânmeli (6 ms)
    ÔêÜ 25. Sahte belge yolu JSON ile kaydedilememeli (9 ms)
    ÔêÜ 26. Carrier belge indirebilmeli (59 ms)
    ÔêÜ 26. Carrier belge silebilmeli (72 ms)

  console.log
    Ô£à DB connected ÔåÆ mysql://localhost:3306/tasiburada_dev

      at initializeDatabase (src/infrastructure/database/data-source.ts:71:13)

  console.log
    [4mMigration "CarrierCapabilityModel1778000000000" failed, error: Duplicate entry '4874bfff-27bc-4d4e-a29c-2cf88d271a9f-HOME' for key 'carrier_load_type_capabilities.UQ_carrier_load_type_capabilities_carrier_load_type'[24m

      at Function.log (src/platform/PlatformTools.ts:260:17)

  console.warn
    ÔÜá´©Å  Converter test setup bootstrap failed
     QueryFailedError: Duplicate entry '4874bfff-27bc-4d4e-a29c-2cf88d271a9f-HOME' for key 'carrier_load_type_capabilities.UQ_carrier_load_type_capabilities_carrier_load_type'
        at Query.onResult (C:\Users\pc\Desktop\tasiburada\src\driver\mysql\MysqlQueryRunner.ts:248:33)
        at Query.execute (C:\Users\pc\Desktop\tasiburada\node_modules\mysql2\lib\commands\command.js:36:14)
        at PoolConnection.handlePacket (C:\Users\pc\Desktop\tasiburada\node_modules\mysql2\lib\base\connection.js:477:34)
        at PacketParser.onPacket (C:\Users\pc\Desktop\tasiburada\node_modules\mysql2\lib\base\connection.js:93:12)
        at PacketParser.executeStart (C:\Users\pc\Desktop\tasiburada\node_modules\mysql2\lib\packet_parser.js:75:16)
        at Socket.<anonymous> (C:\Users\pc\Desktop\tasiburada\node_modules\mysql2\lib\base\connection.js:100:25)
        at Socket.emit (node:events:519:28)
        at addChunk (node:internal/streams/readable:561:12)
        at readableAddChunkPushByteMode (node:internal/streams/readable:512:3)
        at Socket.Readable.push (node:internal/streams/readable:392:5)
        at TCP.onStreamRead (node:internal/stream_base_commons:189:23)
        at TCP.callbackTrampoline (node:internal/async_hooks:130:17) {
      query: 'INSERT INTO `carrier_load_type_capabilities` (`id`, `carrier_id`, `load_type`, `is_active`)\n' +
        "       SELECT UUID(), cst.`carrierId`, 'HOME', 1\n" +
        '         FROM `carrier_service_types` cst\n' +
        '         INNER JOIN `service_types` st ON st.`id` = cst.`serviceTypeId`\n' +
        "        WHERE st.`name` IN ('Evden Eve Nakliyat', '┼Şehir ─░├ği Ta┼ş─▒ma', '┼Şehirleraras─▒ Ta┼ş─▒ma')\n" +
        '          AND NOT EXISTS (\n' +
        '            SELECT 1\n' +
        '              FROM `carrier_load_type_capabilities` clc\n' +
        '             WHERE clc.`carrier_id` = cst.`carrierId`\n' +
        "               AND clc.`load_type` = 'HOME'\n" +
        '          )',
      parameters: undefined,
      driverError: Error: Duplicate entry '4874bfff-27bc-4d4e-a29c-2cf88d271a9f-HOME' for key 'carrier_load_type_capabilities.UQ_carrier_load_type_capabilities_carrier_load_type'
          at Packet.asError (C:\Users\pc\Desktop\tasiburada\node_modules\mysql2\lib\packets\packet.js:740:17)
          at Query.execute (C:\Users\pc\Desktop\tasiburada\node_modules\mysql2\lib\commands\command.js:29:26)
          at PoolConnection.handlePacket (C:\Users\pc\Desktop\tasiburada\node_modules\mysql2\lib\base\connection.js:477:34)
          at PacketParser.onPacket (C:\Users\pc\Desktop\tasiburada\node_modules\mysql2\lib\base\connection.js:93:12)
          at PacketParser.executeStart (C:\Users\pc\Desktop\tasiburada\node_modules\mysql2\lib\packet_parser.js:75:16)
          at Socket.<anonymous> (C:\Users\pc\Desktop\tasiburada\node_modules\mysql2\lib\base\connection.js:100:25)
          at Socket.emit (node:events:519:28)
          at addChunk (node:internal/streams/readable:561:12)
          at readableAddChunkPushByteMode (node:internal/streams/readable:512:3)
          at Socket.Readable.push (node:internal/streams/readable:392:5)
          at TCP.onStreamRead (node:internal/stream_base_commons:189:23)
          at TCP.callbackTrampoline (node:internal/async_hooks:130:17) {
        code: 'ER_DUP_ENTRY',
        errno: 1062,
        sqlState: '23000',
        sqlMessage: "Duplicate entry '4874bfff-27bc-4d4e-a29c-2cf88d271a9f-HOME' for key 'carrier_load_type_capabilities.UQ_carrier_load_type_capabilities_carrier_load_type'",
        sql: 'INSERT INTO `carrier_load_type_capabilities` (`id`, `carrier_id`, `load_type`, `is_active`)\n' +
          "       SELECT UUID(), cst.`carrierId`, 'HOME', 1\n" +
          '         FROM `carrier_service_types` cst\n' +
          '         INNER JOIN `service_types` st ON st.`id` = cst.`serviceTypeId`\n' +
          "        WHERE st.`name` IN ('Evden Eve Nakliyat', '┼Şehir ─░├ği Ta┼ş─▒ma', '┼Şehirleraras─▒ Ta┼ş─▒ma')\n" +
          '          AND NOT EXISTS (\n' +
          '            SELECT 1\n' +
          '              FROM `carrier_load_type_capabilities` clc\n' +
          '             WHERE clc.`carrier_id` = cst.`carrierId`\n' +
          "               AND clc.`load_type` = 'HOME'\n" +
          '          )'
      },
      code: 'ER_DUP_ENTRY',
      errno: 1062,
      sqlState: '23000',
      sqlMessage: "Duplicate entry '4874bfff-27bc-4d4e-a29c-2cf88d271a9f-HOME' for key 'carrier_load_type_capabilities.UQ_carrier_load_type_capabilities_carrier_load_type'",
      sql: 'INSERT INTO `carrier_load_type_capabilities` (`id`, `carrier_id`, `load_type`, `is_active`)\n' +
        "       SELECT UUID(), cst.`carrierId`, 'HOME', 1\n" +
        '         FROM `carrier_service_types` cst\n' +
        '         INNER JOIN `service_types` st ON st.`id` = cst.`serviceTypeId`\n' +
        "        WHERE st.`name` IN ('Evden Eve Nakliyat', '┼Şehir ─░├ği Ta┼ş─▒ma', '┼Şehirleraras─▒ Ta┼ş─▒ma')\n" +
        '          AND NOT EXISTS (\n' +
        '            SELECT 1\n' +
        '              FROM `carrier_load_type_capabilities` clc\n' +
        '             WHERE clc.`carrier_id` = cst.`carrierId`\n' +
        "               AND clc.`load_type` = 'HOME'\n" +
        '          )'
    }

    [0m [90m 27 |[39m       [36mawait[39m seedConverterVehicleRules()[33m;[39m
     [90m 28 |[39m     } [36mcatch[39m (err) {
    [31m[1m>[22m[39m[90m 29 |[39m       console[33m.[39mwarn([32m'ÔÜá´©Å  Converter test setup bootstrap failed\n'[39m[33m,[39m err)[33m;[39m
     [90m    |[39m               [31m[1m^[22m[39m
     [90m 30 |[39m     }
     [90m 31 |[39m   }
     [90m 32 |[39m }[33m,[39m [35m30000[39m)[33m;[39m[0m

      at Object.<anonymous> (src/__tests__/setup/setupTests.ts:29:15)

PASS src/__tests__/admin-approval-frontend.test.ts
  admin approval frontend contract
    ÔêÜ approval queue view model renders submitted queue item correctly (1 ms)
    ÔêÜ claim -> approve flow visibility is limited to lock owner
    ÔêÜ claim -> reject flow is blocked when lock belongs to another admin (1 m
s)
    ÔêÜ suspend action is only visible for approved carriers
    ÔêÜ expired lock is detected and claim becomes available again
    ÔêÜ legacy verify endpoint call is removed from admin approval screens (1 m
s)

  console.log
    Ô£à DB connected ÔåÆ mysql://localhost:3306/tasiburada_dev

      at initializeDatabase (src/infrastructure/database/data-source.ts:71:13)

  console.log
    [4mMigration "CarrierCapabilityModel1778000000000" failed, error: Duplicate entry '4874bfff-27bc-4d4e-a29c-2cf88d271a9f-HOME' for key 'carrier_load_type_capabilities.UQ_carrier_load_type_capabilities_carrier_load_type'[24m

      at Function.log (src/platform/PlatformTools.ts:260:17)

  console.warn
    ÔÜá´©Å  Converter test setup bootstrap failed
     QueryFailedError: Duplicate entry '4874bfff-27bc-4d4e-a29c-2cf88d271a9f-HOME' for key 'carrier_load_type_capabilities.UQ_carrier_load_type_capabilities_carrier_load_type'
        at Query.onResult (C:\Users\pc\Desktop\tasiburada\src\driver\mysql\MysqlQueryRunner.ts:248:33)
        at Query.execute (C:\Users\pc\Desktop\tasiburada\node_modules\mysql2\lib\commands\command.js:36:14)
        at PoolConnection.handlePacket (C:\Users\pc\Desktop\tasiburada\node_modules\mysql2\lib\base\connection.js:477:34)
        at PacketParser.onPacket (C:\Users\pc\Desktop\tasiburada\node_modules\mysql2\lib\base\connection.js:93:12)
        at PacketParser.executeStart (C:\Users\pc\Desktop\tasiburada\node_modules\mysql2\lib\packet_parser.js:75:16)
        at Socket.<anonymous> (C:\Users\pc\Desktop\tasiburada\node_modules\mysql2\lib\base\connection.js:100:25)
        at Socket.emit (node:events:519:28)
        at addChunk (node:internal/streams/readable:561:12)
        at readableAddChunkPushByteMode (node:internal/streams/readable:512:3)
        at Socket.Readable.push (node:internal/streams/readable:392:5)
        at TCP.onStreamRead (node:internal/stream_base_commons:189:23)
        at TCP.callbackTrampoline (node:internal/async_hooks:130:17) {
      query: 'INSERT INTO `carrier_load_type_capabilities` (`id`, `carrier_id`, `load_type`, `is_active`)\n' +
        "       SELECT UUID(), cst.`carrierId`, 'HOME', 1\n" +
        '         FROM `carrier_service_types` cst\n' +
        '         INNER JOIN `service_types` st ON st.`id` = cst.`serviceTypeId`\n' +
        "        WHERE st.`name` IN ('Evden Eve Nakliyat', '┼Şehir ─░├ği Ta┼ş─▒ma', '┼Şehirleraras─▒ Ta┼ş─▒ma')\n" +
        '          AND NOT EXISTS (\n' +
        '            SELECT 1\n' +
        '              FROM `carrier_load_type_capabilities` clc\n' +
        '             WHERE clc.`carrier_id` = cst.`carrierId`\n' +
        "               AND clc.`load_type` = 'HOME'\n" +
        '          )',
      parameters: undefined,
      driverError: Error: Duplicate entry '4874bfff-27bc-4d4e-a29c-2cf88d271a9f-HOME' for key 'carrier_load_type_capabilities.UQ_carrier_load_type_capabilities_carrier_load_type'
          at Packet.asError (C:\Users\pc\Desktop\tasiburada\node_modules\mysql2\lib\packets\packet.js:740:17)
          at Query.execute (C:\Users\pc\Desktop\tasiburada\node_modules\mysql2\lib\commands\command.js:29:26)
          at PoolConnection.handlePacket (C:\Users\pc\Desktop\tasiburada\node_modules\mysql2\lib\base\connection.js:477:34)
          at PacketParser.onPacket (C:\Users\pc\Desktop\tasiburada\node_modules\mysql2\lib\base\connection.js:93:12)
          at PacketParser.executeStart (C:\Users\pc\Desktop\tasiburada\node_modules\mysql2\lib\packet_parser.js:75:16)
          at Socket.<anonymous> (C:\Users\pc\Desktop\tasiburada\node_modules\mysql2\lib\base\connection.js:100:25)
          at Socket.emit (node:events:519:28)
          at addChunk (node:internal/streams/readable:561:12)
          at readableAddChunkPushByteMode (node:internal/streams/readable:512:3)
          at Socket.Readable.push (node:internal/streams/readable:392:5)
          at TCP.onStreamRead (node:internal/stream_base_commons:189:23)
          at TCP.callbackTrampoline (node:internal/async_hooks:130:17) {
        code: 'ER_DUP_ENTRY',
        errno: 1062,
        sqlState: '23000',
        sqlMessage: "Duplicate entry '4874bfff-27bc-4d4e-a29c-2cf88d271a9f-HOME' for key 'carrier_load_type_capabilities.UQ_carrier_load_type_capabilities_carrier_load_type'",
        sql: 'INSERT INTO `carrier_load_type_capabilities` (`id`, `carrier_id`, `load_type`, `is_active`)\n' +
          "       SELECT UUID(), cst.`carrierId`, 'HOME', 1\n" +
          '         FROM `carrier_service_types` cst\n' +
          '         INNER JOIN `service_types` st ON st.`id` = cst.`serviceTypeId`\n' +
          "        WHERE st.`name` IN ('Evden Eve Nakliyat', '┼Şehir ─░├ği Ta┼ş─▒ma', '┼Şehirleraras─▒ Ta┼ş─▒ma')\n" +
          '          AND NOT EXISTS (\n' +
          '            SELECT 1\n' +
          '              FROM `carrier_load_type_capabilities` clc\n' +
          '             WHERE clc.`carrier_id` = cst.`carrierId`\n' +
          "               AND clc.`load_type` = 'HOME'\n" +
          '          )'
      },
      code: 'ER_DUP_ENTRY',
      errno: 1062,
      sqlState: '23000',
      sqlMessage: "Duplicate entry '4874bfff-27bc-4d4e-a29c-2cf88d271a9f-HOME' for key 'carrier_load_type_capabilities.UQ_carrier_load_type_capabilities_carrier_load_type'",
      sql: 'INSERT INTO `carrier_load_type_capabilities` (`id`, `carrier_id`, `load_type`, `is_active`)\n' +
        "       SELECT UUID(), cst.`carrierId`, 'HOME', 1\n" +
        '         FROM `carrier_service_types` cst\n' +
        '         INNER JOIN `service_types` st ON st.`id` = cst.`serviceTypeId`\n' +
        "        WHERE st.`name` IN ('Evden Eve Nakliyat', '┼Şehir ─░├ği Ta┼ş─▒ma', '┼Şehirleraras─▒ Ta┼ş─▒ma')\n" +
        '          AND NOT EXISTS (\n' +
        '            SELECT 1\n' +
        '              FROM `carrier_load_type_capabilities` clc\n' +
        '             WHERE clc.`carrier_id` = cst.`carrierId`\n' +
        "               AND clc.`load_type` = 'HOME'\n" +
        '          )'
    }

    [0m [90m 27 |[39m       [36mawait[39m seedConverterVehicleRules()[33m;[39m
     [90m 28 |[39m     } [36mcatch[39m (err) {
    [31m[1m>[22m[39m[90m 29 |[39m       console[33m.[39mwarn([32m'ÔÜá´©Å  Converter test setup bootstrap failed\n'[39m[33m,[39m err)[33m;[39m
     [90m    |[39m               [31m[1m^[22m[39m
     [90m 30 |[39m     }
     [90m 31 |[39m   }
     [90m 32 |[39m }[33m,[39m [35m30000[39m)[33m;[39m[0m

      at Object.<anonymous> (src/__tests__/setup/setupTests.ts:29:15)

PASS src/__tests__/payment-flow.test.ts
  Payment Ak─▒┼ş─▒
    ÔêÜ 1. Token olmadan ├Âdeme olu┼şturma 401 d├Ânmeli (7 ms)
    ÔêÜ 2. Token olmadan kendi ├Âdemelerini listeleme 401 d├Ânmeli (6 ms)
    ÔêÜ 3. Token olmadan shipment ├Âdemesi sorgulama 401 d├Ânmeli (8 ms)
    ÔêÜ 4. M├╝┼şteri token ile admin/all endpoint 401/403 d├Ânmeli (5 ms)
    ÔêÜ 5. shipmentId eksik ├Âdeme iste─şi 400 d├Ânmeli (7 ms)
    ÔêÜ 6. amount eksik ├Âdeme iste─şi 400 d├Ânmeli (7 ms)
    ÔêÜ 7. Olmayan shipment i├ğin ├Âdeme 400 d├Ânmeli (9 ms)
    ÔêÜ 8. M├╝┼şteri kendi ├Âdeme listesini alabilmeli (10 ms)
    ÔêÜ 9. Seed m├╝┼şterinin ├Âdemelerinde veri yap─▒s─▒ do─şru olmal─▒ (8 ms)
    ÔêÜ 10. Olmayan shipment i├ğin ├Âdeme sorgusu 404 d├Ânmeli (7 ms)
    ÔêÜ 11. Admin t├╝m ├Âdemeleri listeleyebilmeli (22 ms)
    ÔêÜ 12. Admin ├Âdeme listesi pagination ├ğal─▒┼şmal─▒ (19 ms)
    ÔêÜ 13. Seed ├Âdeme kayd─▒ mevcut olmal─▒ ve COMPLETED durumunda olmal─▒ (9
 ms)

  console.log
    Ô£à DB connected ÔåÆ mysql://localhost:3306/tasiburada_dev

      at initializeDatabase (src/infrastructure/database/data-source.ts:71:13)

  console.log
    [4mMigration "CarrierCapabilityModel1778000000000" failed, error: Duplicate entry '4874bfff-27bc-4d4e-a29c-2cf88d271a9f-HOME' for key 'carrier_load_type_capabilities.UQ_carrier_load_type_capabilities_carrier_load_type'[24m

      at Function.log (src/platform/PlatformTools.ts:260:17)

  console.warn
    ÔÜá´©Å  Converter test setup bootstrap failed
     QueryFailedError: Duplicate entry '4874bfff-27bc-4d4e-a29c-2cf88d271a9f-HOME' for key 'carrier_load_type_capabilities.UQ_carrier_load_type_capabilities_carrier_load_type'
        at Query.onResult (C:\Users\pc\Desktop\tasiburada\src\driver\mysql\MysqlQueryRunner.ts:248:33)
        at Query.execute (C:\Users\pc\Desktop\tasiburada\node_modules\mysql2\lib\commands\command.js:36:14)
        at PoolConnection.handlePacket (C:\Users\pc\Desktop\tasiburada\node_modules\mysql2\lib\base\connection.js:477:34)
        at PacketParser.onPacket (C:\Users\pc\Desktop\tasiburada\node_modules\mysql2\lib\base\connection.js:93:12)
        at PacketParser.executeStart (C:\Users\pc\Desktop\tasiburada\node_modules\mysql2\lib\packet_parser.js:75:16)
        at Socket.<anonymous> (C:\Users\pc\Desktop\tasiburada\node_modules\mysql2\lib\base\connection.js:100:25)
        at Socket.emit (node:events:519:28)
        at addChunk (node:internal/streams/readable:561:12)
        at readableAddChunkPushByteMode (node:internal/streams/readable:512:3)
        at Socket.Readable.push (node:internal/streams/readable:392:5)
        at TCP.onStreamRead (node:internal/stream_base_commons:189:23)
        at TCP.callbackTrampoline (node:internal/async_hooks:130:17) {
      query: 'INSERT INTO `carrier_load_type_capabilities` (`id`, `carrier_id`, `load_type`, `is_active`)\n' +
        "       SELECT UUID(), cst.`carrierId`, 'HOME', 1\n" +
        '         FROM `carrier_service_types` cst\n' +
        '         INNER JOIN `service_types` st ON st.`id` = cst.`serviceTypeId`\n' +
        "        WHERE st.`name` IN ('Evden Eve Nakliyat', '┼Şehir ─░├ği Ta┼ş─▒ma', '┼Şehirleraras─▒ Ta┼ş─▒ma')\n" +
        '          AND NOT EXISTS (\n' +
        '            SELECT 1\n' +
        '              FROM `carrier_load_type_capabilities` clc\n' +
        '             WHERE clc.`carrier_id` = cst.`carrierId`\n' +
        "               AND clc.`load_type` = 'HOME'\n" +
        '          )',
      parameters: undefined,
      driverError: Error: Duplicate entry '4874bfff-27bc-4d4e-a29c-2cf88d271a9f-HOME' for key 'carrier_load_type_capabilities.UQ_carrier_load_type_capabilities_carrier_load_type'
          at Packet.asError (C:\Users\pc\Desktop\tasiburada\node_modules\mysql2\lib\packets\packet.js:740:17)
          at Query.execute (C:\Users\pc\Desktop\tasiburada\node_modules\mysql2\lib\commands\command.js:29:26)
          at PoolConnection.handlePacket (C:\Users\pc\Desktop\tasiburada\node_modules\mysql2\lib\base\connection.js:477:34)
          at PacketParser.onPacket (C:\Users\pc\Desktop\tasiburada\node_modules\mysql2\lib\base\connection.js:93:12)
          at PacketParser.executeStart (C:\Users\pc\Desktop\tasiburada\node_modules\mysql2\lib\packet_parser.js:75:16)
          at Socket.<anonymous> (C:\Users\pc\Desktop\tasiburada\node_modules\mysql2\lib\base\connection.js:100:25)
          at Socket.emit (node:events:519:28)
          at addChunk (node:internal/streams/readable:561:12)
          at readableAddChunkPushByteMode (node:internal/streams/readable:512:3)
          at Socket.Readable.push (node:internal/streams/readable:392:5)
          at TCP.onStreamRead (node:internal/stream_base_commons:189:23)
          at TCP.callbackTrampoline (node:internal/async_hooks:130:17) {
        code: 'ER_DUP_ENTRY',
        errno: 1062,
        sqlState: '23000',
        sqlMessage: "Duplicate entry '4874bfff-27bc-4d4e-a29c-2cf88d271a9f-HOME' for key 'carrier_load_type_capabilities.UQ_carrier_load_type_capabilities_carrier_load_type'",
        sql: 'INSERT INTO `carrier_load_type_capabilities` (`id`, `carrier_id`, `load_type`, `is_active`)\n' +
          "       SELECT UUID(), cst.`carrierId`, 'HOME', 1\n" +
          '         FROM `carrier_service_types` cst\n' +
          '         INNER JOIN `service_types` st ON st.`id` = cst.`serviceTypeId`\n' +
          "        WHERE st.`name` IN ('Evden Eve Nakliyat', '┼Şehir ─░├ği Ta┼ş─▒ma', '┼Şehirleraras─▒ Ta┼ş─▒ma')\n" +
          '          AND NOT EXISTS (\n' +
          '            SELECT 1\n' +
          '              FROM `carrier_load_type_capabilities` clc\n' +
          '             WHERE clc.`carrier_id` = cst.`carrierId`\n' +
          "               AND clc.`load_type` = 'HOME'\n" +
          '          )'
      },
      code: 'ER_DUP_ENTRY',
      errno: 1062,
      sqlState: '23000',
      sqlMessage: "Duplicate entry '4874bfff-27bc-4d4e-a29c-2cf88d271a9f-HOME' for key 'carrier_load_type_capabilities.UQ_carrier_load_type_capabilities_carrier_load_type'",
      sql: 'INSERT INTO `carrier_load_type_capabilities` (`id`, `carrier_id`, `load_type`, `is_active`)\n' +
        "       SELECT UUID(), cst.`carrierId`, 'HOME', 1\n" +
        '         FROM `carrier_service_types` cst\n' +
        '         INNER JOIN `service_types` st ON st.`id` = cst.`serviceTypeId`\n' +
        "        WHERE st.`name` IN ('Evden Eve Nakliyat', '┼Şehir ─░├ği Ta┼ş─▒ma', '┼Şehirleraras─▒ Ta┼ş─▒ma')\n" +
        '          AND NOT EXISTS (\n' +
        '            SELECT 1\n' +
        '              FROM `carrier_load_type_capabilities` clc\n' +
        '             WHERE clc.`carrier_id` = cst.`carrierId`\n' +
        "               AND clc.`load_type` = 'HOME'\n" +
        '          )'
    }

    [0m [90m 27 |[39m       [36mawait[39m seedConverterVehicleRules()[33m;[39m
     [90m 28 |[39m     } [36mcatch[39m (err) {
    [31m[1m>[22m[39m[90m 29 |[39m       console[33m.[39mwarn([32m'ÔÜá´©Å  Converter test setup bootstrap failed\n'[39m[33m,[39m err)[33m;[39m
     [90m    |[39m               [31m[1m^[22m[39m
     [90m 30 |[39m     }
     [90m 31 |[39m   }
     [90m 32 |[39m }[33m,[39m [35m30000[39m)[33m;[39m[0m

      at Object.<anonymous> (src/__tests__/setup/setupTests.ts:29:15)

PASS src/__tests__/agent-auth_edge_cases-1.test.ts
  Agent Auth Edge Cases
    ÔêÜ should exist as a test suite (1 ms)

  console.log
    Ô£à DB connected ÔåÆ mysql://localhost:3306/tasiburada_dev

      at initializeDatabase (src/infrastructure/database/data-source.ts:71:13)

  console.log
    [4mMigration "CarrierCapabilityModel1778000000000" failed, error: Duplicate entry '4874bfff-27bc-4d4e-a29c-2cf88d271a9f-HOME' for key 'carrier_load_type_capabilities.UQ_carrier_load_type_capabilities_carrier_load_type'[24m

      at Function.log (src/platform/PlatformTools.ts:260:17)

  console.warn
    ÔÜá´©Å  Converter test setup bootstrap failed
     QueryFailedError: Duplicate entry '4874bfff-27bc-4d4e-a29c-2cf88d271a9f-HOME' for key 'carrier_load_type_capabilities.UQ_carrier_load_type_capabilities_carrier_load_type'
        at Query.onResult (C:\Users\pc\Desktop\tasiburada\src\driver\mysql\MysqlQueryRunner.ts:248:33)
        at Query.execute (C:\Users\pc\Desktop\tasiburada\node_modules\mysql2\lib\commands\command.js:36:14)
        at PoolConnection.handlePacket (C:\Users\pc\Desktop\tasiburada\node_modules\mysql2\lib\base\connection.js:477:34)
        at PacketParser.onPacket (C:\Users\pc\Desktop\tasiburada\node_modules\mysql2\lib\base\connection.js:93:12)
        at PacketParser.executeStart (C:\Users\pc\Desktop\tasiburada\node_modules\mysql2\lib\packet_parser.js:75:16)
        at Socket.<anonymous> (C:\Users\pc\Desktop\tasiburada\node_modules\mysql2\lib\base\connection.js:100:25)
        at Socket.emit (node:events:519:28)
        at addChunk (node:internal/streams/readable:561:12)
        at readableAddChunkPushByteMode (node:internal/streams/readable:512:3)
        at Socket.Readable.push (node:internal/streams/readable:392:5)
        at TCP.onStreamRead (node:internal/stream_base_commons:189:23)
        at TCP.callbackTrampoline (node:internal/async_hooks:130:17) {
      query: 'INSERT INTO `carrier_load_type_capabilities` (`id`, `carrier_id`, `load_type`, `is_active`)\n' +
        "       SELECT UUID(), cst.`carrierId`, 'HOME', 1\n" +
        '         FROM `carrier_service_types` cst\n' +
        '         INNER JOIN `service_types` st ON st.`id` = cst.`serviceTypeId`\n' +
        "        WHERE st.`name` IN ('Evden Eve Nakliyat', '┼Şehir ─░├ği Ta┼ş─▒ma', '┼Şehirleraras─▒ Ta┼ş─▒ma')\n" +
        '          AND NOT EXISTS (\n' +
        '            SELECT 1\n' +
        '              FROM `carrier_load_type_capabilities` clc\n' +
        '             WHERE clc.`carrier_id` = cst.`carrierId`\n' +
        "               AND clc.`load_type` = 'HOME'\n" +
        '          )',
      parameters: undefined,
      driverError: Error: Duplicate entry '4874bfff-27bc-4d4e-a29c-2cf88d271a9f-HOME' for key 'carrier_load_type_capabilities.UQ_carrier_load_type_capabilities_carrier_load_type'
          at Packet.asError (C:\Users\pc\Desktop\tasiburada\node_modules\mysql2\lib\packets\packet.js:740:17)
          at Query.execute (C:\Users\pc\Desktop\tasiburada\node_modules\mysql2\lib\commands\command.js:29:26)
          at PoolConnection.handlePacket (C:\Users\pc\Desktop\tasiburada\node_modules\mysql2\lib\base\connection.js:477:34)
          at PacketParser.onPacket (C:\Users\pc\Desktop\tasiburada\node_modules\mysql2\lib\base\connection.js:93:12)
          at PacketParser.executeStart (C:\Users\pc\Desktop\tasiburada\node_modules\mysql2\lib\packet_parser.js:75:16)
          at Socket.<anonymous> (C:\Users\pc\Desktop\tasiburada\node_modules\mysql2\lib\base\connection.js:100:25)
          at Socket.emit (node:events:519:28)
          at addChunk (node:internal/streams/readable:561:12)
          at readableAddChunkPushByteMode (node:internal/streams/readable:512:3)
          at Socket.Readable.push (node:internal/streams/readable:392:5)
          at TCP.onStreamRead (node:internal/stream_base_commons:189:23)
          at TCP.callbackTrampoline (node:internal/async_hooks:130:17) {
        code: 'ER_DUP_ENTRY',
        errno: 1062,
        sqlState: '23000',
        sqlMessage: "Duplicate entry '4874bfff-27bc-4d4e-a29c-2cf88d271a9f-HOME' for key 'carrier_load_type_capabilities.UQ_carrier_load_type_capabilities_carrier_load_type'",
        sql: 'INSERT INTO `carrier_load_type_capabilities` (`id`, `carrier_id`, `load_type`, `is_active`)\n' +
          "       SELECT UUID(), cst.`carrierId`, 'HOME', 1\n" +
          '         FROM `carrier_service_types` cst\n' +
          '         INNER JOIN `service_types` st ON st.`id` = cst.`serviceTypeId`\n' +
          "        WHERE st.`name` IN ('Evden Eve Nakliyat', '┼Şehir ─░├ği Ta┼ş─▒ma', '┼Şehirleraras─▒ Ta┼ş─▒ma')\n" +
          '          AND NOT EXISTS (\n' +
          '            SELECT 1\n' +
          '              FROM `carrier_load_type_capabilities` clc\n' +
          '             WHERE clc.`carrier_id` = cst.`carrierId`\n' +
          "               AND clc.`load_type` = 'HOME'\n" +
          '          )'
      },
      code: 'ER_DUP_ENTRY',
      errno: 1062,
      sqlState: '23000',
      sqlMessage: "Duplicate entry '4874bfff-27bc-4d4e-a29c-2cf88d271a9f-HOME' for key 'carrier_load_type_capabilities.UQ_carrier_load_type_capabilities_carrier_load_type'",
      sql: 'INSERT INTO `carrier_load_type_capabilities` (`id`, `carrier_id`, `load_type`, `is_active`)\n' +
        "       SELECT UUID(), cst.`carrierId`, 'HOME', 1\n" +
        '         FROM `carrier_service_types` cst\n' +
        '         INNER JOIN `service_types` st ON st.`id` = cst.`serviceTypeId`\n' +
        "        WHERE st.`name` IN ('Evden Eve Nakliyat', '┼Şehir ─░├ği Ta┼ş─▒ma', '┼Şehirleraras─▒ Ta┼ş─▒ma')\n" +
        '          AND NOT EXISTS (\n' +
        '            SELECT 1\n' +
        '              FROM `carrier_load_type_capabilities` clc\n' +
        '             WHERE clc.`carrier_id` = cst.`carrierId`\n' +
        "               AND clc.`load_type` = 'HOME'\n" +
        '          )'
    }

    [0m [90m 27 |[39m       [36mawait[39m seedConverterVehicleRules()[33m;[39m
     [90m 28 |[39m     } [36mcatch[39m (err) {
    [31m[1m>[22m[39m[90m 29 |[39m       console[33m.[39mwarn([32m'ÔÜá´©Å  Converter test setup bootstrap failed\n'[39m[33m,[39m err)[33m;[39m
     [90m    |[39m               [31m[1m^[22m[39m
     [90m 30 |[39m     }
     [90m 31 |[39m   }
     [90m 32 |[39m }[33m,[39m [35m30000[39m)[33m;[39m[0m

      at Object.<anonymous> (src/__tests__/setup/setupTests.ts:29:15)

PASS src/__tests__/carrier-approval-service.test.ts
  CarrierApprovalService
    ÔêÜ approval lifecycle moves draft -> submitted -> in_review -> approved (6
5 ms)
    ÔêÜ atomic claim allows only one admin to acquire the review lock (53 ms)
    ÔêÜ reject requires a draft change before resubmission (88 ms)
    ÔêÜ invalid approve is blocked and expired review locks self-heal back to s
ubmitted (53 ms)

  console.log
    Ô£à DB connected ÔåÆ mysql://localhost:3306/tasiburada_dev

      at initializeDatabase (src/infrastructure/database/data-source.ts:71:13)

  console.log
    [4mMigration "CarrierCapabilityModel1778000000000" failed, error: Duplicate entry '4874bfff-27bc-4d4e-a29c-2cf88d271a9f-HOME' for key 'carrier_load_type_capabilities.UQ_carrier_load_type_capabilities_carrier_load_type'[24m

      at Function.log (src/platform/PlatformTools.ts:260:17)

  console.warn
    ÔÜá´©Å  Converter test setup bootstrap failed
     QueryFailedError: Duplicate entry '4874bfff-27bc-4d4e-a29c-2cf88d271a9f-HOME' for key 'carrier_load_type_capabilities.UQ_carrier_load_type_capabilities_carrier_load_type'
        at Query.onResult (C:\Users\pc\Desktop\tasiburada\src\driver\mysql\MysqlQueryRunner.ts:248:33)
        at Query.execute (C:\Users\pc\Desktop\tasiburada\node_modules\mysql2\lib\commands\command.js:36:14)
        at PoolConnection.handlePacket (C:\Users\pc\Desktop\tasiburada\node_modules\mysql2\lib\base\connection.js:477:34)
        at PacketParser.onPacket (C:\Users\pc\Desktop\tasiburada\node_modules\mysql2\lib\base\connection.js:93:12)
        at PacketParser.executeStart (C:\Users\pc\Desktop\tasiburada\node_modules\mysql2\lib\packet_parser.js:75:16)
        at Socket.<anonymous> (C:\Users\pc\Desktop\tasiburada\node_modules\mysql2\lib\base\connection.js:100:25)
        at Socket.emit (node:events:519:28)
        at addChunk (node:internal/streams/readable:561:12)
        at readableAddChunkPushByteMode (node:internal/streams/readable:512:3)
        at Socket.Readable.push (node:internal/streams/readable:392:5)
        at TCP.onStreamRead (node:internal/stream_base_commons:189:23)
        at TCP.callbackTrampoline (node:internal/async_hooks:130:17) {
      query: 'INSERT INTO `carrier_load_type_capabilities` (`id`, `carrier_id`, `load_type`, `is_active`)\n' +
        "       SELECT UUID(), cst.`carrierId`, 'HOME', 1\n" +
        '         FROM `carrier_service_types` cst\n' +
        '         INNER JOIN `service_types` st ON st.`id` = cst.`serviceTypeId`\n' +
        "        WHERE st.`name` IN ('Evden Eve Nakliyat', '┼Şehir ─░├ği Ta┼ş─▒ma', '┼Şehirleraras─▒ Ta┼ş─▒ma')\n" +
        '          AND NOT EXISTS (\n' +
        '            SELECT 1\n' +
        '              FROM `carrier_load_type_capabilities` clc\n' +
        '             WHERE clc.`carrier_id` = cst.`carrierId`\n' +
        "               AND clc.`load_type` = 'HOME'\n" +
        '          )',
      parameters: undefined,
      driverError: Error: Duplicate entry '4874bfff-27bc-4d4e-a29c-2cf88d271a9f-HOME' for key 'carrier_load_type_capabilities.UQ_carrier_load_type_capabilities_carrier_load_type'
          at Packet.asError (C:\Users\pc\Desktop\tasiburada\node_modules\mysql2\lib\packets\packet.js:740:17)
          at Query.execute (C:\Users\pc\Desktop\tasiburada\node_modules\mysql2\lib\commands\command.js:29:26)
          at PoolConnection.handlePacket (C:\Users\pc\Desktop\tasiburada\node_modules\mysql2\lib\base\connection.js:477:34)
          at PacketParser.onPacket (C:\Users\pc\Desktop\tasiburada\node_modules\mysql2\lib\base\connection.js:93:12)
          at PacketParser.executeStart (C:\Users\pc\Desktop\tasiburada\node_modules\mysql2\lib\packet_parser.js:75:16)
          at Socket.<anonymous> (C:\Users\pc\Desktop\tasiburada\node_modules\mysql2\lib\base\connection.js:100:25)
          at Socket.emit (node:events:519:28)
          at addChunk (node:internal/streams/readable:561:12)
          at readableAddChunkPushByteMode (node:internal/streams/readable:512:3)
          at Socket.Readable.push (node:internal/streams/readable:392:5)
          at TCP.onStreamRead (node:internal/stream_base_commons:189:23)
          at TCP.callbackTrampoline (node:internal/async_hooks:130:17) {
        code: 'ER_DUP_ENTRY',
        errno: 1062,
        sqlState: '23000',
        sqlMessage: "Duplicate entry '4874bfff-27bc-4d4e-a29c-2cf88d271a9f-HOME' for key 'carrier_load_type_capabilities.UQ_carrier_load_type_capabilities_carrier_load_type'",
        sql: 'INSERT INTO `carrier_load_type_capabilities` (`id`, `carrier_id`, `load_type`, `is_active`)\n' +
          "       SELECT UUID(), cst.`carrierId`, 'HOME', 1\n" +
          '         FROM `carrier_service_types` cst\n' +
          '         INNER JOIN `service_types` st ON st.`id` = cst.`serviceTypeId`\n' +
          "        WHERE st.`name` IN ('Evden Eve Nakliyat', '┼Şehir ─░├ği Ta┼ş─▒ma', '┼Şehirleraras─▒ Ta┼ş─▒ma')\n" +
          '          AND NOT EXISTS (\n' +
          '            SELECT 1\n' +
          '              FROM `carrier_load_type_capabilities` clc\n' +
          '             WHERE clc.`carrier_id` = cst.`carrierId`\n' +
          "               AND clc.`load_type` = 'HOME'\n" +
          '          )'
      },
      code: 'ER_DUP_ENTRY',
      errno: 1062,
      sqlState: '23000',
      sqlMessage: "Duplicate entry '4874bfff-27bc-4d4e-a29c-2cf88d271a9f-HOME' for key 'carrier_load_type_capabilities.UQ_carrier_load_type_capabilities_carrier_load_type'",
      sql: 'INSERT INTO `carrier_load_type_capabilities` (`id`, `carrier_id`, `load_type`, `is_active`)\n' +
        "       SELECT UUID(), cst.`carrierId`, 'HOME', 1\n" +
        '         FROM `carrier_service_types` cst\n' +
        '         INNER JOIN `service_types` st ON st.`id` = cst.`serviceTypeId`\n' +
        "        WHERE st.`name` IN ('Evden Eve Nakliyat', '┼Şehir ─░├ği Ta┼ş─▒ma', '┼Şehirleraras─▒ Ta┼ş─▒ma')\n" +
        '          AND NOT EXISTS (\n' +
        '            SELECT 1\n' +
        '              FROM `carrier_load_type_capabilities` clc\n' +
        '             WHERE clc.`carrier_id` = cst.`carrierId`\n' +
        "               AND clc.`load_type` = 'HOME'\n" +
        '          )'
    }

    [0m [90m 27 |[39m       [36mawait[39m seedConverterVehicleRules()[33m;[39m
     [90m 28 |[39m     } [36mcatch[39m (err) {
    [31m[1m>[22m[39m[90m 29 |[39m       console[33m.[39mwarn([32m'ÔÜá´©Å  Converter test setup bootstrap failed\n'[39m[33m,[39m err)[33m;[39m
     [90m    |[39m               [31m[1m^[22m[39m
     [90m 30 |[39m     }
     [90m 31 |[39m   }
     [90m 32 |[39m }[33m,[39m [35m30000[39m)[33m;[39m[0m

      at Object.<anonymous> (src/__tests__/setup/setupTests.ts:29:15)

PASS src/__tests__/carrier-profile-completion.test.ts
  carrier profile completion mapper
    ÔêÜ counts only company info as 20 percent (1 ms)
    ÔêÜ company, tax plate, and K authorization count as 60 percent (1 ms)
    ÔêÜ all prerequisites without admin approval stay at 80 percent and ready f
or approval (1 ms)
    ÔêÜ admin approval is completed by explicit approval state

  console.log
    Ô£à DB connected ÔåÆ mysql://localhost:3306/tasiburada_dev

      at initializeDatabase (src/infrastructure/database/data-source.ts:71:13)

  console.log
    [4mMigration "CarrierCapabilityModel1778000000000" failed, error: Duplicate entry '4874bfff-27bc-4d4e-a29c-2cf88d271a9f-HOME' for key 'carrier_load_type_capabilities.UQ_carrier_load_type_capabilities_carrier_load_type'[24m

      at Function.log (src/platform/PlatformTools.ts:260:17)

  console.warn
    ÔÜá´©Å  Converter test setup bootstrap failed
     QueryFailedError: Duplicate entry '4874bfff-27bc-4d4e-a29c-2cf88d271a9f-HOME' for key 'carrier_load_type_capabilities.UQ_carrier_load_type_capabilities_carrier_load_type'
        at Query.onResult (C:\Users\pc\Desktop\tasiburada\src\driver\mysql\MysqlQueryRunner.ts:248:33)
        at Query.execute (C:\Users\pc\Desktop\tasiburada\node_modules\mysql2\lib\commands\command.js:36:14)
        at PoolConnection.handlePacket (C:\Users\pc\Desktop\tasiburada\node_modules\mysql2\lib\base\connection.js:477:34)
        at PacketParser.onPacket (C:\Users\pc\Desktop\tasiburada\node_modules\mysql2\lib\base\connection.js:93:12)
        at PacketParser.executeStart (C:\Users\pc\Desktop\tasiburada\node_modules\mysql2\lib\packet_parser.js:75:16)
        at Socket.<anonymous> (C:\Users\pc\Desktop\tasiburada\node_modules\mysql2\lib\base\connection.js:100:25)
        at Socket.emit (node:events:519:28)
        at addChunk (node:internal/streams/readable:561:12)
        at readableAddChunkPushByteMode (node:internal/streams/readable:512:3)
        at Socket.Readable.push (node:internal/streams/readable:392:5)
        at TCP.onStreamRead (node:internal/stream_base_commons:189:23)
        at TCP.callbackTrampoline (node:internal/async_hooks:130:17) {
      query: 'INSERT INTO `carrier_load_type_capabilities` (`id`, `carrier_id`, `load_type`, `is_active`)\n' +
        "       SELECT UUID(), cst.`carrierId`, 'HOME', 1\n" +
        '         FROM `carrier_service_types` cst\n' +
        '         INNER JOIN `service_types` st ON st.`id` = cst.`serviceTypeId`\n' +
        "        WHERE st.`name` IN ('Evden Eve Nakliyat', '┼Şehir ─░├ği Ta┼ş─▒ma', '┼Şehirleraras─▒ Ta┼ş─▒ma')\n" +
        '          AND NOT EXISTS (\n' +
        '            SELECT 1\n' +
        '              FROM `carrier_load_type_capabilities` clc\n' +
        '             WHERE clc.`carrier_id` = cst.`carrierId`\n' +
        "               AND clc.`load_type` = 'HOME'\n" +
        '          )',
      parameters: undefined,
      driverError: Error: Duplicate entry '4874bfff-27bc-4d4e-a29c-2cf88d271a9f-HOME' for key 'carrier_load_type_capabilities.UQ_carrier_load_type_capabilities_carrier_load_type'
          at Packet.asError (C:\Users\pc\Desktop\tasiburada\node_modules\mysql2\lib\packets\packet.js:740:17)
          at Query.execute (C:\Users\pc\Desktop\tasiburada\node_modules\mysql2\lib\commands\command.js:29:26)
          at PoolConnection.handlePacket (C:\Users\pc\Desktop\tasiburada\node_modules\mysql2\lib\base\connection.js:477:34)
          at PacketParser.onPacket (C:\Users\pc\Desktop\tasiburada\node_modules\mysql2\lib\base\connection.js:93:12)
          at PacketParser.executeStart (C:\Users\pc\Desktop\tasiburada\node_modules\mysql2\lib\packet_parser.js:75:16)
          at Socket.<anonymous> (C:\Users\pc\Desktop\tasiburada\node_modules\mysql2\lib\base\connection.js:100:25)
          at Socket.emit (node:events:519:28)
          at addChunk (node:internal/streams/readable:561:12)
          at readableAddChunkPushByteMode (node:internal/streams/readable:512:3)
          at Socket.Readable.push (node:internal/streams/readable:392:5)
          at TCP.onStreamRead (node:internal/stream_base_commons:189:23)
          at TCP.callbackTrampoline (node:internal/async_hooks:130:17) {
        code: 'ER_DUP_ENTRY',
        errno: 1062,
        sqlState: '23000',
        sqlMessage: "Duplicate entry '4874bfff-27bc-4d4e-a29c-2cf88d271a9f-HOME' for key 'carrier_load_type_capabilities.UQ_carrier_load_type_capabilities_carrier_load_type'",
        sql: 'INSERT INTO `carrier_load_type_capabilities` (`id`, `carrier_id`, `load_type`, `is_active`)\n' +
          "       SELECT UUID(), cst.`carrierId`, 'HOME', 1\n" +
          '         FROM `carrier_service_types` cst\n' +
          '         INNER JOIN `service_types` st ON st.`id` = cst.`serviceTypeId`\n' +
          "        WHERE st.`name` IN ('Evden Eve Nakliyat', '┼Şehir ─░├ği Ta┼ş─▒ma', '┼Şehirleraras─▒ Ta┼ş─▒ma')\n" +
          '          AND NOT EXISTS (\n' +
          '            SELECT 1\n' +
          '              FROM `carrier_load_type_capabilities` clc\n' +
          '             WHERE clc.`carrier_id` = cst.`carrierId`\n' +
          "               AND clc.`load_type` = 'HOME'\n" +
          '          )'
      },
      code: 'ER_DUP_ENTRY',
      errno: 1062,
      sqlState: '23000',
      sqlMessage: "Duplicate entry '4874bfff-27bc-4d4e-a29c-2cf88d271a9f-HOME' for key 'carrier_load_type_capabilities.UQ_carrier_load_type_capabilities_carrier_load_type'",
      sql: 'INSERT INTO `carrier_load_type_capabilities` (`id`, `carrier_id`, `load_type`, `is_active`)\n' +
        "       SELECT UUID(), cst.`carrierId`, 'HOME', 1\n" +
        '         FROM `carrier_service_types` cst\n' +
        '         INNER JOIN `service_types` st ON st.`id` = cst.`serviceTypeId`\n' +
        "        WHERE st.`name` IN ('Evden Eve Nakliyat', '┼Şehir ─░├ği Ta┼ş─▒ma', '┼Şehirleraras─▒ Ta┼ş─▒ma')\n" +
        '          AND NOT EXISTS (\n' +
        '            SELECT 1\n' +
        '              FROM `carrier_load_type_capabilities` clc\n' +
        '             WHERE clc.`carrier_id` = cst.`carrierId`\n' +
        "               AND clc.`load_type` = 'HOME'\n" +
        '          )'
    }

    [0m [90m 27 |[39m       [36mawait[39m seedConverterVehicleRules()[33m;[39m
     [90m 28 |[39m     } [36mcatch[39m (err) {
    [31m[1m>[22m[39m[90m 29 |[39m       console[33m.[39mwarn([32m'ÔÜá´©Å  Converter test setup bootstrap failed\n'[39m[33m,[39m err)[33m;[39m
     [90m    |[39m               [31m[1m^[22m[39m
     [90m 30 |[39m     }
     [90m 31 |[39m   }
     [90m 32 |[39m }[33m,[39m [35m30000[39m)[33m;[39m[0m

      at Object.<anonymous> (src/__tests__/setup/setupTests.ts:29:15)

PASS src/__tests__/security_utility.test.ts
  containsContactInfo Utility
    ÔêÜ should detect Turkish phone numbers (1 ms)
    ÔêÜ should detect generic phone numbers (1 ms)
    ÔêÜ should detect email addresses (1 ms)
    ÔêÜ should detect URLs and links
    ÔêÜ should detect bypass keywords and Turkish digit words
    ÔêÜ should return false for clean text (1 ms)

Test Suites: 1 failed, 18 passed, 19 total
Tests:       3 failed, 383 passed, 386 total
Snapshots:   0 total
Time:        31.485 s, estimated 34 s
Ran all test suites.
